 
****************************************
Report : timing
        -path full
        -delay max
        -max_paths 1
Design : toplevel_498
Version: R-2020.09-SP4
Date   : Fri Dec  9 00:31:34 2022
****************************************

 # A fanout number of 1000 was used for high fanout net computations.

Operating Conditions: ss_0p9v_125c   Library: scadv10_cln65gp_rvt_ss_0p9v_125c
Wire Load Model Mode: top

  Startpoint: mmu_storage_controller_qspi_controller/nibble_counter_q_reg_1_
              (rising edge-triggered flip-flop clocked by my_clk)
  Endpoint: external_qspi_pins[3]
            (output port clocked by external_qspi_ck_o)
  Path Group: external_qspi_ck_o
  Path Type: max

  Des/Clust/Port     Wire Load Model       Library
  ------------------------------------------------
  toplevel_498       tsmc65_wl10           scadv10_cln65gp_rvt_ss_0p9v_125c

  Point                                                   Incr       Path
  --------------------------------------------------------------------------
  clock my_clk (rise edge)                                0.00       0.00
  clock network delay (ideal)                             0.00       0.00
  mmu_storage_controller_qspi_controller/nibble_counter_q_reg_1_/CK (DFFQX0P5MA10TR)
                                                          0.00 #     0.00 r
  mmu_storage_controller_qspi_controller/nibble_counter_q_reg_1_/Q (DFFQX0P5MA10TR)
                                                          0.59       0.59 r
  mmu_storage_controller_qspi_controller/U39/Y (INVX0P6MA10TR)
                                                          0.56       1.15 f
  mmu_storage_controller_qspi_controller/U41/Y (NOR2X1MA10TR)
                                                          0.60       1.75 r
  mmu_storage_controller_qspi_controller/U135/Y (NOR2XBX0P7MA10TR)
                                                          0.64       2.39 r
  mmu_storage_controller_qspi_controller/U146/Y (AOI22X0P5MA10TR)
                                                          0.35       2.74 f
  mmu_storage_controller_qspi_controller/U149/Y (NAND4X0P5MA10TR)
                                                          0.32       3.06 r
  mmu_storage_controller_qspi_controller/qspi_io_o[3] (qspi_controller)
                                                          0.00       3.06 r
  mmu_storage_controller_genblk1_3__io_pad_qspi_io_tri_buf_/Y (BUFZX1MA10TR)
                                                          0.35       3.40 r
  external_qspi_pins[3] (inout)                           0.00       3.40 r
  data arrival time                                                  3.40

  clock external_qspi_ck_o (rise edge)                   33.33      33.33
  clock network delay (ideal)                             0.00      33.33
  output external delay                                  -3.00      30.33
  data required time                                                30.33
  --------------------------------------------------------------------------
  data required time                                                30.33
  data arrival time                                                 -3.40
  --------------------------------------------------------------------------
  slack (MET)                                                       26.93


  Startpoint: vproc_top_v_core_genblk9_0__pipe_genblk2_pipeline/R_32472
              (rising edge-triggered flip-flop clocked by my_clk)
  Endpoint: vproc_top_v_core_genblk9_0__pipe_genblk2_pipeline/unit_mux_genblk1_2__genblk1_unit_genblk1_div_genblk5_0__div_block_genblk1_div_q_reg_17_
            (rising edge-triggered flip-flop clocked by my_clk)
  Path Group: my_clk
  Path Type: max

  Des/Clust/Port     Wire Load Model       Library
  ------------------------------------------------
  toplevel_498       tsmc65_wl10           scadv10_cln65gp_rvt_ss_0p9v_125c

  Point                                                   Incr       Path
  --------------------------------------------------------------------------
  clock my_clk (rise edge)                                0.00       0.00
  clock network delay (ideal)                             0.00       0.00
  vproc_top_v_core_genblk9_0__pipe_genblk2_pipeline/R_32472/CK (DFFQX4MA10TR)
                                                          0.00 #     0.00 r
  vproc_top_v_core_genblk9_0__pipe_genblk2_pipeline/R_32472/Q (DFFQX4MA10TR)
                                                          0.35       0.35 r
  vproc_top_v_core_genblk9_0__pipe_genblk2_pipeline/U87/Y (BUFX6MA10TR)
                                                          0.15       0.50 r
  vproc_top_v_core_genblk9_0__pipe_genblk2_pipeline/U2577/Y (BUFX9MA10TR)
                                                          0.45       0.95 r
  vproc_top_v_core_genblk9_0__pipe_genblk2_pipeline/U30186/Y (XNOR2X4MA10TR)
                                                          0.50       1.45 r
  vproc_top_v_core_genblk9_0__pipe_genblk2_pipeline/U562/Y (BUFX5MA10TR)
                                                          0.58       2.02 r
  vproc_top_v_core_genblk9_0__pipe_genblk2_pipeline/U5378/Y (NAND4X1AA10TR)
                                                          0.61       2.63 f
  vproc_top_v_core_genblk9_0__pipe_genblk2_pipeline/U6448/Y (NOR2X0P5MA10TR)
                                                          0.40       3.03 r
  vproc_top_v_core_genblk9_0__pipe_genblk2_pipeline/U2440/Y (NAND4X0P7MA10TR)
                                                          0.24       3.27 f
  vproc_top_v_core_genblk9_0__pipe_genblk2_pipeline/U2387/Y (OR6X0P7MA10TR)
                                                          0.22       3.49 f
  vproc_top_v_core_genblk9_0__pipe_genblk2_pipeline/U30221/Y (AOI21X1MA10TR)
                                                          0.15       3.63 r
  vproc_top_v_core_genblk9_0__pipe_genblk2_pipeline/U2362/Y (NAND2X1BA10TR)
                                                          0.25       3.88 f
  vproc_top_v_core_genblk9_0__pipe_genblk2_pipeline/U2356/Y (INVX0P8BA10TR)
                                                          0.34       4.22 r
  vproc_top_v_core_genblk9_0__pipe_genblk2_pipeline/U6487/Y (MXIT2X1MA10TR)
                                                          0.28       4.50 f
  vproc_top_v_core_genblk9_0__pipe_genblk2_pipeline/U2340/Y (NOR2X1AA10TR)
                                                          0.40       4.90 r
  vproc_top_v_core_genblk9_0__pipe_genblk2_pipeline/U2327/Y (AOI22X1MA10TR)
                                                          0.30       5.19 f
  vproc_top_v_core_genblk9_0__pipe_genblk2_pipeline/U6989/Y (NAND2X2BA10TR)
                                                          0.40       5.60 r
  vproc_top_v_core_genblk9_0__pipe_genblk2_pipeline/U2310/Y (NAND2X0P5BA10TR)
                                                          0.45       6.04 f
  vproc_top_v_core_genblk9_0__pipe_genblk2_pipeline/U2291/Y (OAI21X1MA10TR)
                                                          0.24       6.28 r
  vproc_top_v_core_genblk9_0__pipe_genblk2_pipeline/U40756/Y (AOI31X1MA10TR)
                                                          0.13       6.41 f
  vproc_top_v_core_genblk9_0__pipe_genblk2_pipeline/U40757/Y (NOR3X1AA10TR)
                                                          0.23       6.64 r
  vproc_top_v_core_genblk9_0__pipe_genblk2_pipeline/U3891/Y (AOI21X1MA10TR)
                                                          0.15       6.79 f
  vproc_top_v_core_genblk9_0__pipe_genblk2_pipeline/U3886/Y (NOR3X2AA10TR)
                                                          0.34       7.14 r
  vproc_top_v_core_genblk9_0__pipe_genblk2_pipeline/U40766/Y (MXIT2X1MA10TR)
                                                          0.26       7.40 f
  vproc_top_v_core_genblk9_0__pipe_genblk2_pipeline/U2255/Y (INVX1MA10TR)
                                                          0.20       7.60 r
  vproc_top_v_core_genblk9_0__pipe_genblk2_pipeline/U2249/Y (NAND2XBX1MA10TR)
                                                          0.16       7.76 f
  vproc_top_v_core_genblk9_0__pipe_genblk2_pipeline/U333/Y (INVX1P2MA10TR)
                                                          0.40       8.16 r
  vproc_top_v_core_genblk9_0__pipe_genblk2_pipeline/U40843/Y (AOI22X0P5MA10TR)
                                                          0.27       8.43 f
  vproc_top_v_core_genblk9_0__pipe_genblk2_pipeline/U40844/Y (NAND2X0P5AA10TR)
                                                          0.22       8.64 r
  vproc_top_v_core_genblk9_0__pipe_genblk2_pipeline/U2226/Y (NAND2X1MA10TR)
                                                          0.12       8.76 f
  vproc_top_v_core_genblk9_0__pipe_genblk2_pipeline/U6506/Y (OAI21X3MA10TR)
                                                          0.43       9.19 r
  vproc_top_v_core_genblk9_0__pipe_genblk2_pipeline/U3858/Y (NOR2X0P7MA10TR)
                                                          0.36       9.56 f
  vproc_top_v_core_genblk9_0__pipe_genblk2_pipeline/U5418/Y (INVX0P5MA10TR)
                                                          0.29       9.85 r
  vproc_top_v_core_genblk9_0__pipe_genblk2_pipeline/U40909/Y (AOI31X1MA10TR)
                                                          0.31      10.16 f
  vproc_top_v_core_genblk9_0__pipe_genblk2_pipeline/U2164/Y (INVX1MA10TR)
                                                          0.22      10.38 r
  vproc_top_v_core_genblk9_0__pipe_genblk2_pipeline/U3806/Y (AND3X0P7MA10TR)
                                                          0.16      10.53 r
  vproc_top_v_core_genblk9_0__pipe_genblk2_pipeline/U5445/Y (AOI211X1MA10TR)
                                                          0.12      10.65 f
  vproc_top_v_core_genblk9_0__pipe_genblk2_pipeline/U5444/Y (NOR2X1AA10TR)
                                                          0.45      11.10 r
  vproc_top_v_core_genblk9_0__pipe_genblk2_pipeline/U40942/Y (MXIT2X1MA10TR)
                                                          0.34      11.45 r
  vproc_top_v_core_genblk9_0__pipe_genblk2_pipeline/U2140/Y (INVX0P8BA10TR)
                                                          0.26      11.71 f
  vproc_top_v_core_genblk9_0__pipe_genblk2_pipeline/U2137/Y (NAND2XBX1MA10TR)
                                                          0.22      11.93 r
  vproc_top_v_core_genblk9_0__pipe_genblk2_pipeline/U2131/Y (OAI22X1MA10TR)
                                                          0.14      12.06 f
  vproc_top_v_core_genblk9_0__pipe_genblk2_pipeline/U7735/Y (OR2X1MA10TR)
                                                          0.16      12.22 f
  vproc_top_v_core_genblk9_0__pipe_genblk2_pipeline/U7486/Y (INVX2MA10TR)
                                                          0.43      12.65 r
  vproc_top_v_core_genblk9_0__pipe_genblk2_pipeline/U5451/Y (NAND2X0P5AA10TR)
                                                          0.29      12.94 f
  vproc_top_v_core_genblk9_0__pipe_genblk2_pipeline/U556/Y (OAI21X3MA10TR)
                                                          0.45      13.40 r
  vproc_top_v_core_genblk9_0__pipe_genblk2_pipeline/U5449/Y (NOR2X0P5MA10TR)
                                                          0.42      13.81 f
  vproc_top_v_core_genblk9_0__pipe_genblk2_pipeline/U2059/Y (OAI21X0P5MA10TR)
                                                          0.32      14.14 r
  vproc_top_v_core_genblk9_0__pipe_genblk2_pipeline/U41036/Y (AOI31X1MA10TR)
                                                          0.32      14.45 f
  vproc_top_v_core_genblk9_0__pipe_genblk2_pipeline/U41129/Y (OAI21X1MA10TR)
                                                          0.35      14.81 r
  vproc_top_v_core_genblk9_0__pipe_genblk2_pipeline/U3710/Y (INVX1MA10TR)
                                                          0.16      14.97 f
  vproc_top_v_core_genblk9_0__pipe_genblk2_pipeline/U41182/Y (AOI211X2MA10TR)
                                                          0.40      15.37 r
  vproc_top_v_core_genblk9_0__pipe_genblk2_pipeline/U1982/Y (NAND2X0P7AA10TR)
                                                          0.38      15.76 f
  vproc_top_v_core_genblk9_0__pipe_genblk2_pipeline/U7744/Y (OAI21X1MA10TR)
                                                          0.38      16.14 r
  vproc_top_v_core_genblk9_0__pipe_genblk2_pipeline/U1968/Y (INVX1MA10TR)
                                                          0.13      16.27 f
  vproc_top_v_core_genblk9_0__pipe_genblk2_pipeline/U1966/Y (NOR2X1AA10TR)
                                                          0.33      16.60 r
  vproc_top_v_core_genblk9_0__pipe_genblk2_pipeline/U41296/Y (AOI22X1MA10TR)
                                                          0.22      16.82 f
  vproc_top_v_core_genblk9_0__pipe_genblk2_pipeline/U1962/Y (NAND2X4BA10TR)
                                                          0.17      16.98 r
  vproc_top_v_core_genblk9_0__pipe_genblk2_pipeline/U41400/Y (AND2X1MA10TR)
                                                          0.52      17.50 r
  vproc_top_v_core_genblk9_0__pipe_genblk2_pipeline/U41458/Y (AOI22X0P5MA10TR)
                                                          0.30      17.80 f
  vproc_top_v_core_genblk9_0__pipe_genblk2_pipeline/U1928/Y (NAND4X0P5AA10TR)
                                                          0.24      18.05 r
  vproc_top_v_core_genblk9_0__pipe_genblk2_pipeline/U1920/Y (BUFX1P4MA10TR)
                                                          0.51      18.56 r
  vproc_top_v_core_genblk9_0__pipe_genblk2_pipeline/U7821/Y (NOR2X0P5MA10TR)
                                                          0.42      18.98 f
  vproc_top_v_core_genblk9_0__pipe_genblk2_pipeline/U5626/Y (INVX0P5MA10TR)
                                                          0.31      19.28 r
  vproc_top_v_core_genblk9_0__pipe_genblk2_pipeline/U41461/Y (AOI31X1MA10TR)
                                                          0.37      19.65 f
  vproc_top_v_core_genblk9_0__pipe_genblk2_pipeline/U1827/Y (NOR3X0P7MA10TR)
                                                          0.37      20.02 r
  vproc_top_v_core_genblk9_0__pipe_genblk2_pipeline/U6720/Y (AOI211X2MA10TR)
                                                          0.27      20.29 f
  vproc_top_v_core_genblk9_0__pipe_genblk2_pipeline/U6719/Y (INVX0P5MA10TR)
                                                          0.30      20.58 r
  vproc_top_v_core_genblk9_0__pipe_genblk2_pipeline/U1798/Y (AOI31X1MA10TR)
                                                          0.17      20.75 f
  vproc_top_v_core_genblk9_0__pipe_genblk2_pipeline/U1795/Y (NOR3X1MA10TR)
                                                          0.21      20.96 r
  vproc_top_v_core_genblk9_0__pipe_genblk2_pipeline/U41727/Y (MXIT2X1MA10TR)
                                                          0.24      21.20 f
  vproc_top_v_core_genblk9_0__pipe_genblk2_pipeline/U41728/Y (INVX1MA10TR)
                                                          0.19      21.39 r
  vproc_top_v_core_genblk9_0__pipe_genblk2_pipeline/U1780/Y (NAND2X0P7AA10TR)
                                                          0.20      21.59 f
  vproc_top_v_core_genblk9_0__pipe_genblk2_pipeline/U41828/Y (OAI22X1MA10TR)
                                                          0.20      21.80 r
  vproc_top_v_core_genblk9_0__pipe_genblk2_pipeline/U3537/Y (NOR2X2AA10TR)
                                                          0.15      21.94 f
  vproc_top_v_core_genblk9_0__pipe_genblk2_pipeline/U3534/Y (INVX1MA10TR)
                                                          0.22      22.17 r
  vproc_top_v_core_genblk9_0__pipe_genblk2_pipeline/U41950/Y (AND2X2MA10TR)
                                                          0.39      22.55 r
  vproc_top_v_core_genblk9_0__pipe_genblk2_pipeline/U5627/Y (AOI22X0P5MA10TR)
                                                          0.28      22.83 f
  vproc_top_v_core_genblk9_0__pipe_genblk2_pipeline/U360/Y (NAND4X0P5MA10TR)
                                                          0.32      23.15 r
  vproc_top_v_core_genblk9_0__pipe_genblk2_pipeline/U1711/Y (BUFX1P4MA10TR)
                                                          0.53      23.68 r
  vproc_top_v_core_genblk9_0__pipe_genblk2_pipeline/U5727/Y (NAND2X0P5AA10TR)
                                                          0.40      24.08 f
  vproc_top_v_core_genblk9_0__pipe_genblk2_pipeline/U5721/Y (OAI21X0P5MA10TR)
                                                          0.29      24.37 r
  vproc_top_v_core_genblk9_0__pipe_genblk2_pipeline/U42058/Y (AOI31X1MA10TR)
                                                          0.31      24.68 f
  vproc_top_v_core_genblk9_0__pipe_genblk2_pipeline/U1632/Y (NOR3X0P7AA10TR)
                                                          0.38      25.06 r
  vproc_top_v_core_genblk9_0__pipe_genblk2_pipeline/U42060/Y (AOI211X2MA10TR)
                                                          0.30      25.36 f
  vproc_top_v_core_genblk9_0__pipe_genblk2_pipeline/U1588/Y (INVX0P8BA10TR)
                                                          0.24      25.60 r
  vproc_top_v_core_genblk9_0__pipe_genblk2_pipeline/U42317/Y (AOI31X1MA10TR)
                                                          0.15      25.75 f
  vproc_top_v_core_genblk9_0__pipe_genblk2_pipeline/U42318/Y (OR6X1MA10TR)
                                                          0.16      25.91 f
  vproc_top_v_core_genblk9_0__pipe_genblk2_pipeline/U1558/Y (OAI21X2MA10TR)
                                                          0.24      26.15 r
  vproc_top_v_core_genblk9_0__pipe_genblk2_pipeline/U3414/Y (NAND2X1BA10TR)
                                                          0.28      26.44 f
  vproc_top_v_core_genblk9_0__pipe_genblk2_pipeline/U3406/Y (OAI21X1MA10TR)
                                                          0.34      26.77 r
  vproc_top_v_core_genblk9_0__pipe_genblk2_pipeline/U1548/Y (INVX1MA10TR)
                                                          0.13      26.90 f
  vproc_top_v_core_genblk9_0__pipe_genblk2_pipeline/U42400/Y (NOR2X1AA10TR)
                                                          0.33      27.24 r
  vproc_top_v_core_genblk9_0__pipe_genblk2_pipeline/U42506/Y (AOI22X1MA10TR)
                                                          0.21      27.45 f
  vproc_top_v_core_genblk9_0__pipe_genblk2_pipeline/U42615/Y (NAND2X2BA10TR)
                                                          0.26      27.71 r
  vproc_top_v_core_genblk9_0__pipe_genblk2_pipeline/U42627/Y (AND2X2MA10TR)
                                                          0.45      28.16 r
  vproc_top_v_core_genblk9_0__pipe_genblk2_pipeline/U1526/Y (AOI22X0P5MA10TR)
                                                          0.30      28.46 f
  vproc_top_v_core_genblk9_0__pipe_genblk2_pipeline/U1471/Y (NAND4X0P5AA10TR)
                                                          0.24      28.70 r
  vproc_top_v_core_genblk9_0__pipe_genblk2_pipeline/U1463/Y (BUFX1P4MA10TR)
                                                          0.51      29.21 r
  vproc_top_v_core_genblk9_0__pipe_genblk2_pipeline/U5820/Y (NAND2X0P5AA10TR)
                                                          0.50      29.71 f
  vproc_top_v_core_genblk9_0__pipe_genblk2_pipeline/U43191/Y (OAI21X0P5MA10TR)
                                                          0.52      30.24 r
  vproc_top_v_core_genblk9_0__pipe_genblk2_pipeline/U43194/Y (AOI21X0P5MA10TR)
                                                          0.30      30.54 f
  vproc_top_v_core_genblk9_0__pipe_genblk2_pipeline/U43195/Y (OAI21X1MA10TR)
                                                          0.48      31.02 r
  vproc_top_v_core_genblk9_0__pipe_genblk2_pipeline/U381/Y (AO1B2X1MA10TR)
                                                          0.28      31.30 r
  vproc_top_v_core_genblk9_0__pipe_genblk2_pipeline/U1313/Y (INVX0P8BA10TR)
                                                          0.18      31.48 f
  vproc_top_v_core_genblk9_0__pipe_genblk2_pipeline/U5717/Y (OAI22X1MA10TR)
                                                          0.42      31.90 r
  vproc_top_v_core_genblk9_0__pipe_genblk2_pipeline/U43208/Y (MXIT2X1MA10TR)
                                                          0.28      32.18 f
  vproc_top_v_core_genblk9_0__pipe_genblk2_pipeline/U1298/Y (INVX0P8BA10TR)
                                                          0.23      32.41 r
  vproc_top_v_core_genblk9_0__pipe_genblk2_pipeline/U43413/Y (NAND2XBX1MA10TR)
                                                          0.17      32.58 f
  vproc_top_v_core_genblk9_0__pipe_genblk2_pipeline/U43479/Y (OAI22X1MA10TR)
                                                          0.17      32.75 r
  vproc_top_v_core_genblk9_0__pipe_genblk2_pipeline/U3220/Y (NOR2X2AA10TR)
                                                          0.15      32.90 f
  vproc_top_v_core_genblk9_0__pipe_genblk2_pipeline/U390/Y (INVX0P5MA10TR)
                                                          0.40      33.30 r
  vproc_top_v_core_genblk9_0__pipe_genblk2_pipeline/U43506/Y (AND2X2MA10TR)
                                                          0.52      33.83 r
  vproc_top_v_core_genblk9_0__pipe_genblk2_pipeline/U43753/Y (AOI22X0P5MA10TR)
                                                          0.32      34.14 f
  vproc_top_v_core_genblk9_0__pipe_genblk2_pipeline/U5909/Y (NAND4X0P5MA10TR)
                                                          0.33      34.47 r
  vproc_top_v_core_genblk9_0__pipe_genblk2_pipeline/U1233/Y (BUFX1P4MA10TR)
                                                          0.52      34.99 r
  vproc_top_v_core_genblk9_0__pipe_genblk2_pipeline/U395/Y (NOR2X0P5MA10TR)
                                                          0.51      35.51 f
  vproc_top_v_core_genblk9_0__pipe_genblk2_pipeline/U43811/Y (OAI21X0P5MA10TR)
                                                          0.53      36.03 r
  vproc_top_v_core_genblk9_0__pipe_genblk2_pipeline/U43815/Y (AOI21X0P5MA10TR)
                                                          0.32      36.35 f
  vproc_top_v_core_genblk9_0__pipe_genblk2_pipeline/U43816/Y (OAI21X2MA10TR)
                                                          0.33      36.68 r
  vproc_top_v_core_genblk9_0__pipe_genblk2_pipeline/U408/Y (AOI31X1MA10TR)
                                                          0.41      37.09 f
  vproc_top_v_core_genblk9_0__pipe_genblk2_pipeline/U44058/Y (INVX1MA10TR)
                                                          0.23      37.33 r
  vproc_top_v_core_genblk9_0__pipe_genblk2_pipeline/U3110/Y (NAND4XXXBX1MA10TR)
                                                          0.16      37.49 f
  vproc_top_v_core_genblk9_0__pipe_genblk2_pipeline/U5897/Y (AO1B2X1MA10TR)
                                                          0.29      37.78 r
  vproc_top_v_core_genblk9_0__pipe_genblk2_pipeline/U1126/Y (NAND2X1BA10TR)
                                                          0.14      37.92 f
  vproc_top_v_core_genblk9_0__pipe_genblk2_pipeline/U3093/Y (OAI21X1MA10TR)
                                                          0.29      38.21 r
  vproc_top_v_core_genblk9_0__pipe_genblk2_pipeline/U1119/Y (INVX1MA10TR)
                                                          0.19      38.40 f
  vproc_top_v_core_genblk9_0__pipe_genblk2_pipeline/U1111/Y (NOR2X1AA10TR)
                                                          0.35      38.75 r
  vproc_top_v_core_genblk9_0__pipe_genblk2_pipeline/U44530/Y (AOI22X1MA10TR)
                                                          0.17      38.92 f
  vproc_top_v_core_genblk9_0__pipe_genblk2_pipeline/U419/Y (NAND2X0P5AA10TR)
                                                          0.58      39.51 r
  vproc_top_v_core_genblk9_0__pipe_genblk2_pipeline/U1097/Y (INVX0P8BA10TR)
                                                          0.53      40.04 f
  vproc_top_v_core_genblk9_0__pipe_genblk2_pipeline/U1089/Y (NOR2X4MA10TR)
                                                          0.61      40.65 r
  vproc_top_v_core_genblk9_0__pipe_genblk2_pipeline/U45082/Y (AOI22X0P5MA10TR)
                                                          0.31      40.95 f
  vproc_top_v_core_genblk9_0__pipe_genblk2_pipeline/U436/Y (NAND4X0P5MA10TR)
                                                          0.32      41.27 r
  vproc_top_v_core_genblk9_0__pipe_genblk2_pipeline/U1062/Y (BUFX1P2MA10TR)
                                                          0.60      41.87 r
  vproc_top_v_core_genblk9_0__pipe_genblk2_pipeline/U45492/Y (NOR2X0P5MA10TR)
                                                          0.55      42.42 f
  vproc_top_v_core_genblk9_0__pipe_genblk2_pipeline/U6013/Y (NOR2X0P5MA10TR)
                                                          0.50      42.92 r
  vproc_top_v_core_genblk9_0__pipe_genblk2_pipeline/U8818/Y (NAND3X0P5MA10TR)
                                                          0.30      43.23 f
  vproc_top_v_core_genblk9_0__pipe_genblk2_pipeline/U45493/Y (OAI211X1MA10TR)
                                                          0.52      43.74 r
  vproc_top_v_core_genblk9_0__pipe_genblk2_pipeline/U45502/Y (AO1B2X1MA10TR)
                                                          0.40      44.15 r
  vproc_top_v_core_genblk9_0__pipe_genblk2_pipeline/U430/Y (INVX0P5MA10TR)
                                                          0.25      44.40 f
  vproc_top_v_core_genblk9_0__pipe_genblk2_pipeline/U45503/Y (INVX1MA10TR)
                                                          0.37      44.76 r
  vproc_top_v_core_genblk9_0__pipe_genblk2_pipeline/U945/Y (NAND3X0P7MA10TR)
                                                          0.23      44.99 f
  vproc_top_v_core_genblk9_0__pipe_genblk2_pipeline/U428/Y (OAI211X0P5MA10TR)
                                                          0.26      45.25 r
  vproc_top_v_core_genblk9_0__pipe_genblk2_pipeline/U940/Y (NAND2X0P7AA10TR)
                                                          0.38      45.63 f
  vproc_top_v_core_genblk9_0__pipe_genblk2_pipeline/U2890/Y (OAI21X1MA10TR)
                                                          0.41      46.05 r
  vproc_top_v_core_genblk9_0__pipe_genblk2_pipeline/U929/Y (NOR2X0P7AA10TR)
                                                          0.23      46.27 f
  vproc_top_v_core_genblk9_0__pipe_genblk2_pipeline/U429/Y (AOI22X0P5MA10TR)
                                                          0.26      46.54 r
  vproc_top_v_core_genblk9_0__pipe_genblk2_pipeline/U41/Y (AND2X1MA10TR)
                                                          0.31      46.85 r
  vproc_top_v_core_genblk9_0__pipe_genblk2_pipeline/U451/Y (INVX0P5MA10TR)
                                                          0.35      47.20 f
  vproc_top_v_core_genblk9_0__pipe_genblk2_pipeline/U45826/Y (NOR2X1AA10TR)
                                                          0.57      47.76 r
  vproc_top_v_core_genblk9_0__pipe_genblk2_pipeline/U897/Y (BUFX2MA10TR)
                                                          0.59      48.35 r
  vproc_top_v_core_genblk9_0__pipe_genblk2_pipeline/U9236/Y (AOI22X0P5MA10TR)
                                                          0.33      48.68 f
  vproc_top_v_core_genblk9_0__pipe_genblk2_pipeline/U492/Y (NAND4X0P5MA10TR)
                                                          0.33      49.02 r
  vproc_top_v_core_genblk9_0__pipe_genblk2_pipeline/U839/Y (BUFX1P4MA10TR)
                                                          0.53      49.54 r
  vproc_top_v_core_genblk9_0__pipe_genblk2_pipeline/U46816/Y (NOR2X0P7AA10TR)
                                                          0.33      49.87 f
  vproc_top_v_core_genblk9_0__pipe_genblk2_pipeline/U6178/Y (NOR2X0P5MA10TR)
                                                          0.63      50.50 r
  vproc_top_v_core_genblk9_0__pipe_genblk2_pipeline/U810/Y (NAND2X0P5AA10TR)
                                                          0.40      50.90 f
  vproc_top_v_core_genblk9_0__pipe_genblk2_pipeline/U803/Y (NOR2X0P7MA10TR)
                                                          0.25      51.15 r
  vproc_top_v_core_genblk9_0__pipe_genblk2_pipeline/U2766/Y (AOI211X0P7MA10TR)
                                                          0.19      51.33 f
  vproc_top_v_core_genblk9_0__pipe_genblk2_pipeline/U793/Y (OAI21X0P7MA10TR)
                                                          0.21      51.54 r
  vproc_top_v_core_genblk9_0__pipe_genblk2_pipeline/U2748/Y (BUFX1P7MA10TR)
                                                          0.46      52.01 r
  vproc_top_v_core_genblk9_0__pipe_genblk2_pipeline/U782/Y (INVX0P6MA10TR)
                                                          0.19      52.20 f
  vproc_top_v_core_genblk9_0__pipe_genblk2_pipeline/U2724/Y (NOR3X1MA10TR)
                                                          0.21      52.41 r
  vproc_top_v_core_genblk9_0__pipe_genblk2_pipeline/U46833/Y (AOI211X1MA10TR)
                                                          0.16      52.57 f
  vproc_top_v_core_genblk9_0__pipe_genblk2_pipeline/U767/Y (INVX0P8BA10TR)
                                                          0.12      52.69 r
  vproc_top_v_core_genblk9_0__pipe_genblk2_pipeline/U500/Y (NAND2X0P5AA10TR)
                                                          0.43      53.12 f
  vproc_top_v_core_genblk9_0__pipe_genblk2_pipeline/U474/Y (OAI21X0P5MA10TR)
                                                          0.52      53.63 r
  vproc_top_v_core_genblk9_0__pipe_genblk2_pipeline/U762/Y (INVX1MA10TR)
                                                          0.21      53.84 f
  vproc_top_v_core_genblk9_0__pipe_genblk2_pipeline/U754/Y (NAND2X0P7AA10TR)
                                                          0.31      54.15 r
  vproc_top_v_core_genblk9_0__pipe_genblk2_pipeline/U487/Y (OAI22X0P5MA10TR)
                                                          0.28      54.44 f
  vproc_top_v_core_genblk9_0__pipe_genblk2_pipeline/U747/Y (NOR2X3AA10TR)
                                                          0.26      54.70 r
  vproc_top_v_core_genblk9_0__pipe_genblk2_pipeline/U745/Y (INVX0P8BA10TR)
                                                          0.32      55.02 f
  vproc_top_v_core_genblk9_0__pipe_genblk2_pipeline/U742/Y (NOR2X2AA10TR)
                                                          0.58      55.60 r
  vproc_top_v_core_genblk9_0__pipe_genblk2_pipeline/U47357/Y (BUFX1P7MA10TR)
                                                          0.58      56.18 r
  vproc_top_v_core_genblk9_0__pipe_genblk2_pipeline/U48187/Y (AOI22X0P5MA10TR)
                                                          0.30      56.48 f
  vproc_top_v_core_genblk9_0__pipe_genblk2_pipeline/U518/Y (NAND4X0P5MA10TR)
                                                          0.31      56.79 r
  vproc_top_v_core_genblk9_0__pipe_genblk2_pipeline/U530/Y (BUFX2MA10TR)
                                                          0.40      57.18 r
  vproc_top_v_core_genblk9_0__pipe_genblk2_pipeline/U48206/Y (NOR2X0P5MA10TR)
                                                          0.44      57.62 f
  vproc_top_v_core_genblk9_0__pipe_genblk2_pipeline/U48266/Y (OAI21X0P5MA10TR)
                                                          0.53      58.15 r
  vproc_top_v_core_genblk9_0__pipe_genblk2_pipeline/U48270/Y (AOI21X0P5MA10TR)
                                                          0.30      58.45 f
  vproc_top_v_core_genblk9_0__pipe_genblk2_pipeline/U516/Y (OAI21X1MA10TR)
                                                          0.40      58.86 r
  vproc_top_v_core_genblk9_0__pipe_genblk2_pipeline/U48280/Y (AO1B2X1MA10TR)
                                                          0.55      59.40 r
  vproc_top_v_core_genblk9_0__pipe_genblk2_pipeline/U643/Y (NAND3X0P7AA10TR)
                                                          0.26      59.66 f
  vproc_top_v_core_genblk9_0__pipe_genblk2_pipeline/U506/Y (OAI211X0P5MA10TR)
                                                          0.27      59.93 r
  vproc_top_v_core_genblk9_0__pipe_genblk2_pipeline/U638/Y (AND2X1MA10TR)
                                                          0.28      60.20 r
  vproc_top_v_core_genblk9_0__pipe_genblk2_pipeline/U635/Y (NAND2X0P7AA10TR)
                                                          0.41      60.61 f
  vproc_top_v_core_genblk9_0__pipe_genblk2_pipeline/U633/Y (OAI21X1MA10TR)
                                                          0.34      60.95 r
  vproc_top_v_core_genblk9_0__pipe_genblk2_pipeline/U630/Y (INVX1MA10TR)
                                                          0.15      61.10 f
  vproc_top_v_core_genblk9_0__pipe_genblk2_pipeline/U627/Y (NAND2X0P7AA10TR)
                                                          0.31      61.41 r
  vproc_top_v_core_genblk9_0__pipe_genblk2_pipeline/U624/Y (OAI22X1MA10TR)
                                                          0.20      61.61 f
  vproc_top_v_core_genblk9_0__pipe_genblk2_pipeline/U623/Y (NOR2X2AA10TR)
                                                          0.30      61.91 r
  vproc_top_v_core_genblk9_0__pipe_genblk2_pipeline/U619/Y (INVX1MA10TR)
                                                          0.29      62.20 f
  vproc_top_v_core_genblk9_0__pipe_genblk2_pipeline/U10/Y (NOR2X1MA10TR)
                                                          0.28      62.48 r
  vproc_top_v_core_genblk9_0__pipe_genblk2_pipeline/U9/Y (BUFX4MA10TR)
                                                          0.39      62.87 r
  vproc_top_v_core_genblk9_0__pipe_genblk2_pipeline/U48950/Y (AOI22X0P5MA10TR)
                                                          0.26      63.13 f
  vproc_top_v_core_genblk9_0__pipe_genblk2_pipeline/U609/Y (NAND4X0P7AA10TR)
                                                          0.21      63.34 r
  vproc_top_v_core_genblk9_0__pipe_genblk2_pipeline/U5383/Y (XOR2X0P5MA10TR)
                                                          0.33      63.67 r
  vproc_top_v_core_genblk9_0__pipe_genblk2_pipeline/U6493/Y (NOR2BX1MA10TR)
                                                          0.49      64.17 r
  vproc_top_v_core_genblk9_0__pipe_genblk2_pipeline/U542/Y (NAND2X0P5AA10TR)
                                                          0.25      64.42 f
  vproc_top_v_core_genblk9_0__pipe_genblk2_pipeline/U6491/Y (NOR2BX1MA10TR)
                                                          0.45      64.87 r
  vproc_top_v_core_genblk9_0__pipe_genblk2_pipeline/U593/Y (NAND4X2AA10TR)
                                                          0.31      65.17 f
  vproc_top_v_core_genblk9_0__pipe_genblk2_pipeline/U6/Y (INVX5MA10TR)
                                                          0.16      65.34 r
  vproc_top_v_core_genblk9_0__pipe_genblk2_pipeline/U590/Y (NAND2XBX6MA10TR)
                                                          0.08      65.41 f
  vproc_top_v_core_genblk9_0__pipe_genblk2_pipeline/U587/Y (INVX7P5MA10TR)
                                                          0.11      65.52 r
  vproc_top_v_core_genblk9_0__pipe_genblk2_pipeline/U50240/Y (NAND2X0P5AA10TR)
                                                          0.15      65.67 f
  vproc_top_v_core_genblk9_0__pipe_genblk2_pipeline/U50241/Y (XNOR2X0P5MA10TR)
                                                          0.17      65.84 f
  vproc_top_v_core_genblk9_0__pipe_genblk2_pipeline/U50243/Y (AOI211X0P5MA10TR)
                                                          0.39      66.23 r
  vproc_top_v_core_genblk9_0__pipe_genblk2_pipeline/U50244/Y (AO21BX0P5MA10TR)
                                                          0.24      66.46 f
  vproc_top_v_core_genblk9_0__pipe_genblk2_pipeline/unit_mux_genblk1_2__genblk1_unit_genblk1_div_genblk5_0__div_block_genblk1_div_q_reg_17_/D (DFFQX0P5MA10TR)
                                                          0.00      66.46 f
  data arrival time                                                 66.46

  clock my_clk (rise edge)                               66.67      66.67
  clock network delay (ideal)                             0.00      66.67
  clock uncertainty                                      -0.10      66.57
  vproc_top_v_core_genblk9_0__pipe_genblk2_pipeline/unit_mux_genblk1_2__genblk1_unit_genblk1_div_genblk5_0__div_block_genblk1_div_q_reg_17_/CK (DFFQX0P5MA10TR)
                                                          0.00      66.57 r
  library setup time                                     -0.09      66.47
  data required time                                                66.47
  --------------------------------------------------------------------------
  data required time                                                66.47
  data arrival time                                                -66.46
  --------------------------------------------------------------------------
  slack (MET)                                                        0.01


1
