 
****************************************
Report : hierarchy
Design : toplevel_498
Version: R-2020.09-SP4
Date   : Fri Dec  9 00:31:45 2022
****************************************

Attributes:
    r - licensed design

toplevel_498       r
    ADDFX1MA10TR
              scadv10_cln65gp_rvt_ss_0p9v_125c
    ADDHX1MA10TR
              scadv10_cln65gp_rvt_ss_0p9v_125c
    AND2X0P5MA10TR
              scadv10_cln65gp_rvt_ss_0p9v_125c
    AND2X0P7MA10TR
              scadv10_cln65gp_rvt_ss_0p9v_125c
    AND2X2MA10TR
              scadv10_cln65gp_rvt_ss_0p9v_125c
    AND2X3MA10TR
              scadv10_cln65gp_rvt_ss_0p9v_125c
    AND2X6MA10TR
              scadv10_cln65gp_rvt_ss_0p9v_125c
    AND3X0P5MA10TR
              scadv10_cln65gp_rvt_ss_0p9v_125c
    AND3X1MA10TR
              scadv10_cln65gp_rvt_ss_0p9v_125c
    AND4X0P5MA10TR
              scadv10_cln65gp_rvt_ss_0p9v_125c
    AND4X0P7MA10TR
              scadv10_cln65gp_rvt_ss_0p9v_125c
    AO21BX0P5MA10TR
              scadv10_cln65gp_rvt_ss_0p9v_125c
    AO21X0P5MA10TR
              scadv10_cln65gp_rvt_ss_0p9v_125c
    AO21X1MA10TR
              scadv10_cln65gp_rvt_ss_0p9v_125c
    AO22X0P5MA10TR
              scadv10_cln65gp_rvt_ss_0p9v_125c
    AO22X1MA10TR
              scadv10_cln65gp_rvt_ss_0p9v_125c
    AOI2XB1X0P5MA10TR
              scadv10_cln65gp_rvt_ss_0p9v_125c
    AOI21BX0P5MA10TR
              scadv10_cln65gp_rvt_ss_0p9v_125c
    AOI21BX0P7MA10TR
              scadv10_cln65gp_rvt_ss_0p9v_125c
    AOI21X0P5MA10TR
              scadv10_cln65gp_rvt_ss_0p9v_125c
    AOI21X0P7MA10TR
              scadv10_cln65gp_rvt_ss_0p9v_125c
    AOI21X1MA10TR
              scadv10_cln65gp_rvt_ss_0p9v_125c
    AOI21X1P4MA10TR
              scadv10_cln65gp_rvt_ss_0p9v_125c
    AOI22X0P5MA10TR
              scadv10_cln65gp_rvt_ss_0p9v_125c
    AOI22X1MA10TR
              scadv10_cln65gp_rvt_ss_0p9v_125c
    AOI22X2MA10TR
              scadv10_cln65gp_rvt_ss_0p9v_125c
    AOI31X0P5MA10TR
              scadv10_cln65gp_rvt_ss_0p9v_125c
    AOI31X1MA10TR
              scadv10_cln65gp_rvt_ss_0p9v_125c
    AOI32X0P5MA10TR
              scadv10_cln65gp_rvt_ss_0p9v_125c
    AOI32X0P7MA10TR
              scadv10_cln65gp_rvt_ss_0p9v_125c
    AOI32X1MA10TR
              scadv10_cln65gp_rvt_ss_0p9v_125c
    AOI211X0P5MA10TR
              scadv10_cln65gp_rvt_ss_0p9v_125c
    AOI211X0P7MA10TR
              scadv10_cln65gp_rvt_ss_0p9v_125c
    AOI211X1MA10TR
              scadv10_cln65gp_rvt_ss_0p9v_125c
    AOI211X1P4MA10TR
              scadv10_cln65gp_rvt_ss_0p9v_125c
    AOI221X0P5MA10TR
              scadv10_cln65gp_rvt_ss_0p9v_125c
    AOI221X1MA10TR
              scadv10_cln65gp_rvt_ss_0p9v_125c
    AOI222X0P5MA10TR
              scadv10_cln65gp_rvt_ss_0p9v_125c
    AOI222X1MA10TR
              scadv10_cln65gp_rvt_ss_0p9v_125c
    BUFX0P8BA10TR
              scadv10_cln65gp_rvt_ss_0p9v_125c
    BUFX1BA10TR
              scadv10_cln65gp_rvt_ss_0p9v_125c
    BUFX1P2MA10TR
              scadv10_cln65gp_rvt_ss_0p9v_125c
    BUFX1P4MA10TR
              scadv10_cln65gp_rvt_ss_0p9v_125c
    BUFX1P7MA10TR
              scadv10_cln65gp_rvt_ss_0p9v_125c
    BUFX2MA10TR
              scadv10_cln65gp_rvt_ss_0p9v_125c
    BUFX2P5MA10TR
              scadv10_cln65gp_rvt_ss_0p9v_125c
    BUFX3MA10TR
              scadv10_cln65gp_rvt_ss_0p9v_125c
    BUFX3P5MA10TR
              scadv10_cln65gp_rvt_ss_0p9v_125c
    BUFX4MA10TR
              scadv10_cln65gp_rvt_ss_0p9v_125c
    BUFX6MA10TR
              scadv10_cln65gp_rvt_ss_0p9v_125c
    BUFX7P5MA10TR
              scadv10_cln65gp_rvt_ss_0p9v_125c
    BUFZX1MA10TR
              scadv10_cln65gp_rvt_ss_0p9v_125c
    DFFQX0P5MA10TR
              scadv10_cln65gp_rvt_ss_0p9v_125c
    DFFQX1MA10TR
              scadv10_cln65gp_rvt_ss_0p9v_125c
    DFFQX2MA10TR
              scadv10_cln65gp_rvt_ss_0p9v_125c
    DFFRPQNX0P5MA10TR
              scadv10_cln65gp_rvt_ss_0p9v_125c
    DFFRPQX0P5MA10TR
              scadv10_cln65gp_rvt_ss_0p9v_125c
    DFFRPQX1MA10TR
              scadv10_cln65gp_rvt_ss_0p9v_125c
    EDFFQX0P5MA10TR
              scadv10_cln65gp_rvt_ss_0p9v_125c
    INVX0P5MA10TR
              scadv10_cln65gp_rvt_ss_0p9v_125c
    INVX0P6MA10TR
              scadv10_cln65gp_rvt_ss_0p9v_125c
    INVX0P8BA10TR
              scadv10_cln65gp_rvt_ss_0p9v_125c
    INVX1BA10TR
              scadv10_cln65gp_rvt_ss_0p9v_125c
    INVX1MA10TR
              scadv10_cln65gp_rvt_ss_0p9v_125c
    INVX1P2MA10TR
              scadv10_cln65gp_rvt_ss_0p9v_125c
    INVX1P7BA10TR
              scadv10_cln65gp_rvt_ss_0p9v_125c
    INVX2MA10TR
              scadv10_cln65gp_rvt_ss_0p9v_125c
    INVX2P5BA10TR
              scadv10_cln65gp_rvt_ss_0p9v_125c
    INVX3MA10TR
              scadv10_cln65gp_rvt_ss_0p9v_125c
    INVX3P5MA10TR
              scadv10_cln65gp_rvt_ss_0p9v_125c
    INVX4MA10TR
              scadv10_cln65gp_rvt_ss_0p9v_125c
    INVX7P5MA10TR
              scadv10_cln65gp_rvt_ss_0p9v_125c
    INVX9MA10TR
              scadv10_cln65gp_rvt_ss_0p9v_125c
    LATNQNX0P5MA10TR
              scadv10_cln65gp_rvt_ss_0p9v_125c
    LATQX0P5MA10TR
              scadv10_cln65gp_rvt_ss_0p9v_125c
    LATQX1MA10TR
              scadv10_cln65gp_rvt_ss_0p9v_125c
    LATQX2MA10TR
              scadv10_cln65gp_rvt_ss_0p9v_125c
    NAND2X0P5AA10TR
              scadv10_cln65gp_rvt_ss_0p9v_125c
    NAND2X0P5BA10TR
              scadv10_cln65gp_rvt_ss_0p9v_125c
    NAND2X0P7AA10TR
              scadv10_cln65gp_rvt_ss_0p9v_125c
    NAND2X0P7BA10TR
              scadv10_cln65gp_rvt_ss_0p9v_125c
    NAND2X1AA10TR
              scadv10_cln65gp_rvt_ss_0p9v_125c
    NAND2X1BA10TR
              scadv10_cln65gp_rvt_ss_0p9v_125c
    NAND2X1P4AA10TR
              scadv10_cln65gp_rvt_ss_0p9v_125c
    NAND2X3AA10TR
              scadv10_cln65gp_rvt_ss_0p9v_125c
    NAND2X4BA10TR
              scadv10_cln65gp_rvt_ss_0p9v_125c
    NAND2X4MA10TR
              scadv10_cln65gp_rvt_ss_0p9v_125c
    NAND2XBX0P5MA10TR
              scadv10_cln65gp_rvt_ss_0p9v_125c
    NAND2XBX1MA10TR
              scadv10_cln65gp_rvt_ss_0p9v_125c
    NAND3BX0P5MA10TR
              scadv10_cln65gp_rvt_ss_0p9v_125c
    NAND3X0P5AA10TR
              scadv10_cln65gp_rvt_ss_0p9v_125c
    NAND3X0P5MA10TR
              scadv10_cln65gp_rvt_ss_0p9v_125c
    NAND3X1P4AA10TR
              scadv10_cln65gp_rvt_ss_0p9v_125c
    NAND3X2AA10TR
              scadv10_cln65gp_rvt_ss_0p9v_125c
    NAND3X2MA10TR
              scadv10_cln65gp_rvt_ss_0p9v_125c
    NAND4X0P5AA10TR
              scadv10_cln65gp_rvt_ss_0p9v_125c
    NAND4X0P5MA10TR
              scadv10_cln65gp_rvt_ss_0p9v_125c
    NAND4X0P7AA10TR
              scadv10_cln65gp_rvt_ss_0p9v_125c
    NAND4X0P7MA10TR
              scadv10_cln65gp_rvt_ss_0p9v_125c
    NAND4X1MA10TR
              scadv10_cln65gp_rvt_ss_0p9v_125c
    NAND4XXXBX0P5MA10TR
              scadv10_cln65gp_rvt_ss_0p9v_125c
    NAND4XXXBX1MA10TR
              scadv10_cln65gp_rvt_ss_0p9v_125c
    NAND4XXXBX1P4MA10TR
              scadv10_cln65gp_rvt_ss_0p9v_125c
    NOR2BX1MA10TR
              scadv10_cln65gp_rvt_ss_0p9v_125c
    NOR2BX1P4MA10TR
              scadv10_cln65gp_rvt_ss_0p9v_125c
    NOR2BX2MA10TR
              scadv10_cln65gp_rvt_ss_0p9v_125c
    NOR2X0P5MA10TR
              scadv10_cln65gp_rvt_ss_0p9v_125c
    NOR2X0P7MA10TR
              scadv10_cln65gp_rvt_ss_0p9v_125c
    NOR2X1AA10TR
              scadv10_cln65gp_rvt_ss_0p9v_125c
    NOR2X1MA10TR
              scadv10_cln65gp_rvt_ss_0p9v_125c
    NOR2X1P4MA10TR
              scadv10_cln65gp_rvt_ss_0p9v_125c
    NOR2X2MA10TR
              scadv10_cln65gp_rvt_ss_0p9v_125c
    NOR2X3MA10TR
              scadv10_cln65gp_rvt_ss_0p9v_125c
    NOR2X4MA10TR
              scadv10_cln65gp_rvt_ss_0p9v_125c
    NOR2XBX0P5MA10TR
              scadv10_cln65gp_rvt_ss_0p9v_125c
    NOR2XBX0P7MA10TR
              scadv10_cln65gp_rvt_ss_0p9v_125c
    NOR2XBX1MA10TR
              scadv10_cln65gp_rvt_ss_0p9v_125c
    NOR3X0P5AA10TR
              scadv10_cln65gp_rvt_ss_0p9v_125c
    NOR3X0P7MA10TR
              scadv10_cln65gp_rvt_ss_0p9v_125c
    NOR3X1MA10TR
              scadv10_cln65gp_rvt_ss_0p9v_125c
    NOR3X1P4MA10TR
              scadv10_cln65gp_rvt_ss_0p9v_125c
    NOR3X2MA10TR
              scadv10_cln65gp_rvt_ss_0p9v_125c
    OA21X0P5MA10TR
              scadv10_cln65gp_rvt_ss_0p9v_125c
    OA22X0P5MA10TR
              scadv10_cln65gp_rvt_ss_0p9v_125c
    OA211X0P5MA10TR
              scadv10_cln65gp_rvt_ss_0p9v_125c
    OA211X0P7MA10TR
              scadv10_cln65gp_rvt_ss_0p9v_125c
    OAI2XB1X0P5MA10TR
              scadv10_cln65gp_rvt_ss_0p9v_125c
    OAI21BX0P5MA10TR
              scadv10_cln65gp_rvt_ss_0p9v_125c
    OAI21BX0P7MA10TR
              scadv10_cln65gp_rvt_ss_0p9v_125c
    OAI21X0P5MA10TR
              scadv10_cln65gp_rvt_ss_0p9v_125c
    OAI21X0P7MA10TR
              scadv10_cln65gp_rvt_ss_0p9v_125c
    OAI21X1MA10TR
              scadv10_cln65gp_rvt_ss_0p9v_125c
    OAI21X1P4MA10TR
              scadv10_cln65gp_rvt_ss_0p9v_125c
    OAI22X0P5MA10TR
              scadv10_cln65gp_rvt_ss_0p9v_125c
    OAI22X0P7MA10TR
              scadv10_cln65gp_rvt_ss_0p9v_125c
    OAI22X1MA10TR
              scadv10_cln65gp_rvt_ss_0p9v_125c
    OAI22X1P4MA10TR
              scadv10_cln65gp_rvt_ss_0p9v_125c
    OAI211X0P5MA10TR
              scadv10_cln65gp_rvt_ss_0p9v_125c
    OAI211X0P7MA10TR
              scadv10_cln65gp_rvt_ss_0p9v_125c
    OAI211X1MA10TR
              scadv10_cln65gp_rvt_ss_0p9v_125c
    OAI211X1P4MA10TR
              scadv10_cln65gp_rvt_ss_0p9v_125c
    OAI222X0P5MA10TR
              scadv10_cln65gp_rvt_ss_0p9v_125c
    OAI222X0P7MA10TR
              scadv10_cln65gp_rvt_ss_0p9v_125c
    OAI222X2MA10TR
              scadv10_cln65gp_rvt_ss_0p9v_125c
    OR2X0P5MA10TR
              scadv10_cln65gp_rvt_ss_0p9v_125c
    OR2X0P7MA10TR
              scadv10_cln65gp_rvt_ss_0p9v_125c
    OR2X1MA10TR
              scadv10_cln65gp_rvt_ss_0p9v_125c
    OR3X0P5MA10TR
              scadv10_cln65gp_rvt_ss_0p9v_125c
    OR4X0P5MA10TR
              scadv10_cln65gp_rvt_ss_0p9v_125c
    XNOR2X0P5MA10TR
              scadv10_cln65gp_rvt_ss_0p9v_125c
    XOR2X0P5MA10TR
              scadv10_cln65gp_rvt_ss_0p9v_125c
    XOR3X0P7MA10TR
              scadv10_cln65gp_rvt_ss_0p9v_125c
    ibex_cs_registers_0_00000001_0_0_0_0_00000000_00000028_0_00000000_00000004_0_2_0_00000007
                        r
        AND2X0P5MA10TR
                  scadv10_cln65gp_rvt_ss_0p9v_125c
        AND2X2MA10TR
                  scadv10_cln65gp_rvt_ss_0p9v_125c
        AND4X0P5MA10TR
                  scadv10_cln65gp_rvt_ss_0p9v_125c
        AO21X0P5MA10TR
                  scadv10_cln65gp_rvt_ss_0p9v_125c
        AO22X0P5MA10TR
                  scadv10_cln65gp_rvt_ss_0p9v_125c
        AOI21BX1P4MA10TR
                  scadv10_cln65gp_rvt_ss_0p9v_125c
        AOI21X0P5MA10TR
                  scadv10_cln65gp_rvt_ss_0p9v_125c
        AOI21X0P7MA10TR
                  scadv10_cln65gp_rvt_ss_0p9v_125c
        AOI21X1MA10TR
                  scadv10_cln65gp_rvt_ss_0p9v_125c
        AOI21X2MA10TR
                  scadv10_cln65gp_rvt_ss_0p9v_125c
        AOI22X0P5MA10TR
                  scadv10_cln65gp_rvt_ss_0p9v_125c
        AOI31X0P5MA10TR
                  scadv10_cln65gp_rvt_ss_0p9v_125c
        AOI32X0P5MA10TR
                  scadv10_cln65gp_rvt_ss_0p9v_125c
        AOI32X1P4MA10TR
                  scadv10_cln65gp_rvt_ss_0p9v_125c
        AOI211X0P5MA10TR
                  scadv10_cln65gp_rvt_ss_0p9v_125c
        AOI211X0P7MA10TR
                  scadv10_cln65gp_rvt_ss_0p9v_125c
        AOI222X0P5MA10TR
                  scadv10_cln65gp_rvt_ss_0p9v_125c
        BUFX0P8BA10TR
                  scadv10_cln65gp_rvt_ss_0p9v_125c
        BUFX1BA10TR
                  scadv10_cln65gp_rvt_ss_0p9v_125c
        BUFX1P2MA10TR
                  scadv10_cln65gp_rvt_ss_0p9v_125c
        BUFX1P4MA10TR
                  scadv10_cln65gp_rvt_ss_0p9v_125c
        BUFX1P7MA10TR
                  scadv10_cln65gp_rvt_ss_0p9v_125c
        BUFX2MA10TR
                  scadv10_cln65gp_rvt_ss_0p9v_125c
        BUFX2P5MA10TR
                  scadv10_cln65gp_rvt_ss_0p9v_125c
        BUFX3MA10TR
                  scadv10_cln65gp_rvt_ss_0p9v_125c
        BUFX4MA10TR
                  scadv10_cln65gp_rvt_ss_0p9v_125c
        BUFX5MA10TR
                  scadv10_cln65gp_rvt_ss_0p9v_125c
        DFFRPQNX0P5MA10TR
                  scadv10_cln65gp_rvt_ss_0p9v_125c
        DFFRPQX0P5MA10TR
                  scadv10_cln65gp_rvt_ss_0p9v_125c
        INVX0P5MA10TR
                  scadv10_cln65gp_rvt_ss_0p9v_125c
        INVX0P6MA10TR
                  scadv10_cln65gp_rvt_ss_0p9v_125c
        INVX0P8BA10TR
                  scadv10_cln65gp_rvt_ss_0p9v_125c
        INVX1MA10TR
                  scadv10_cln65gp_rvt_ss_0p9v_125c
        INVX1P2MA10TR
                  scadv10_cln65gp_rvt_ss_0p9v_125c
        INVX1P7BA10TR
                  scadv10_cln65gp_rvt_ss_0p9v_125c
        INVX2MA10TR
                  scadv10_cln65gp_rvt_ss_0p9v_125c
        INVX2P5BA10TR
                  scadv10_cln65gp_rvt_ss_0p9v_125c
        INVX3MA10TR
                  scadv10_cln65gp_rvt_ss_0p9v_125c
        INVX3P5MA10TR
                  scadv10_cln65gp_rvt_ss_0p9v_125c
        INVX6MA10TR
                  scadv10_cln65gp_rvt_ss_0p9v_125c
        NAND2BX4MA10TR
                  scadv10_cln65gp_rvt_ss_0p9v_125c
        NAND2X0P5AA10TR
                  scadv10_cln65gp_rvt_ss_0p9v_125c
        NAND2X0P5BA10TR
                  scadv10_cln65gp_rvt_ss_0p9v_125c
        NAND2X0P7AA10TR
                  scadv10_cln65gp_rvt_ss_0p9v_125c
        NAND2X0P7BA10TR
                  scadv10_cln65gp_rvt_ss_0p9v_125c
        NAND2X1AA10TR
                  scadv10_cln65gp_rvt_ss_0p9v_125c
        NAND2X2BA10TR
                  scadv10_cln65gp_rvt_ss_0p9v_125c
        NAND2X4AA10TR
                  scadv10_cln65gp_rvt_ss_0p9v_125c
        NAND2XBX0P5MA10TR
                  scadv10_cln65gp_rvt_ss_0p9v_125c
        NAND3X0P5AA10TR
                  scadv10_cln65gp_rvt_ss_0p9v_125c
        NAND3X0P5MA10TR
                  scadv10_cln65gp_rvt_ss_0p9v_125c
        NAND4X0P5MA10TR
                  scadv10_cln65gp_rvt_ss_0p9v_125c
        NAND4X0P7AA10TR
                  scadv10_cln65gp_rvt_ss_0p9v_125c
        NAND4XXXBX0P5MA10TR
                  scadv10_cln65gp_rvt_ss_0p9v_125c
        NOR2BX1MA10TR
                  scadv10_cln65gp_rvt_ss_0p9v_125c
        NOR2BX2MA10TR
                  scadv10_cln65gp_rvt_ss_0p9v_125c
        NOR2X0P5MA10TR
                  scadv10_cln65gp_rvt_ss_0p9v_125c
        NOR2X0P7MA10TR
                  scadv10_cln65gp_rvt_ss_0p9v_125c
        NOR2X1MA10TR
                  scadv10_cln65gp_rvt_ss_0p9v_125c
        NOR2X1P4MA10TR
                  scadv10_cln65gp_rvt_ss_0p9v_125c
        NOR2X2MA10TR
                  scadv10_cln65gp_rvt_ss_0p9v_125c
        NOR2X3MA10TR
                  scadv10_cln65gp_rvt_ss_0p9v_125c
        NOR2X6MA10TR
                  scadv10_cln65gp_rvt_ss_0p9v_125c
        NOR2XBX0P5MA10TR
                  scadv10_cln65gp_rvt_ss_0p9v_125c
        NOR2XBX0P7MA10TR
                  scadv10_cln65gp_rvt_ss_0p9v_125c
        NOR2XBX1MA10TR
                  scadv10_cln65gp_rvt_ss_0p9v_125c
        NOR3X0P5AA10TR
                  scadv10_cln65gp_rvt_ss_0p9v_125c
        NOR3X0P7MA10TR
                  scadv10_cln65gp_rvt_ss_0p9v_125c
        NOR3X1MA10TR
                  scadv10_cln65gp_rvt_ss_0p9v_125c
        NOR3X1P4MA10TR
                  scadv10_cln65gp_rvt_ss_0p9v_125c
        NOR3X2MA10TR
                  scadv10_cln65gp_rvt_ss_0p9v_125c
        OA22X0P5MA10TR
                  scadv10_cln65gp_rvt_ss_0p9v_125c
        OA211X0P5MA10TR
                  scadv10_cln65gp_rvt_ss_0p9v_125c
        OAI21X0P5MA10TR
                  scadv10_cln65gp_rvt_ss_0p9v_125c
        OAI21X1P4MA10TR
                  scadv10_cln65gp_rvt_ss_0p9v_125c
        OAI22X0P5MA10TR
                  scadv10_cln65gp_rvt_ss_0p9v_125c
        OAI211X0P5MA10TR
                  scadv10_cln65gp_rvt_ss_0p9v_125c
        OAI222X0P5MA10TR
                  scadv10_cln65gp_rvt_ss_0p9v_125c
        OR2X0P5MA10TR
                  scadv10_cln65gp_rvt_ss_0p9v_125c
        OR2X0P7MA10TR
                  scadv10_cln65gp_rvt_ss_0p9v_125c
        OR2X4MA10TR
                  scadv10_cln65gp_rvt_ss_0p9v_125c
    ibex_multdiv_fast_RV32M2
                        r
        ADDFX1MA10TR
                  scadv10_cln65gp_rvt_ss_0p9v_125c
        AO1B2X1P4MA10TR
                  scadv10_cln65gp_rvt_ss_0p9v_125c
        AO21BX0P5MA10TR
                  scadv10_cln65gp_rvt_ss_0p9v_125c
        AO21X0P5MA10TR
                  scadv10_cln65gp_rvt_ss_0p9v_125c
        AO22X0P5MA10TR
                  scadv10_cln65gp_rvt_ss_0p9v_125c
        AOI21X0P5MA10TR
                  scadv10_cln65gp_rvt_ss_0p9v_125c
        AOI21X0P7MA10TR
                  scadv10_cln65gp_rvt_ss_0p9v_125c
        AOI22X0P5MA10TR
                  scadv10_cln65gp_rvt_ss_0p9v_125c
        AOI22X1MA10TR
                  scadv10_cln65gp_rvt_ss_0p9v_125c
        AOI22X3MA10TR
                  scadv10_cln65gp_rvt_ss_0p9v_125c
        AOI31X0P5MA10TR
                  scadv10_cln65gp_rvt_ss_0p9v_125c
        AOI32X0P5MA10TR
                  scadv10_cln65gp_rvt_ss_0p9v_125c
        AOI32X1MA10TR
                  scadv10_cln65gp_rvt_ss_0p9v_125c
        AOI211X0P5MA10TR
                  scadv10_cln65gp_rvt_ss_0p9v_125c
        AOI211X0P7MA10TR
                  scadv10_cln65gp_rvt_ss_0p9v_125c
        AOI221X0P5MA10TR
                  scadv10_cln65gp_rvt_ss_0p9v_125c
        AOI221X1MA10TR
                  scadv10_cln65gp_rvt_ss_0p9v_125c
        AOI222X0P5MA10TR
                  scadv10_cln65gp_rvt_ss_0p9v_125c
        AOI222X1MA10TR
                  scadv10_cln65gp_rvt_ss_0p9v_125c
        BUFX1BA10TR
                  scadv10_cln65gp_rvt_ss_0p9v_125c
        BUFX1P4MA10TR
                  scadv10_cln65gp_rvt_ss_0p9v_125c
        BUFX1P7MA10TR
                  scadv10_cln65gp_rvt_ss_0p9v_125c
        BUFX2MA10TR
                  scadv10_cln65gp_rvt_ss_0p9v_125c
        BUFX2P5MA10TR
                  scadv10_cln65gp_rvt_ss_0p9v_125c
        BUFX3MA10TR
                  scadv10_cln65gp_rvt_ss_0p9v_125c
        BUFX13MA10TR
                  scadv10_cln65gp_rvt_ss_0p9v_125c
        DFFRPQX0P5MA10TR
                  scadv10_cln65gp_rvt_ss_0p9v_125c
        DFFRPQX1MA10TR
                  scadv10_cln65gp_rvt_ss_0p9v_125c
        DFFRPQX2MA10TR
                  scadv10_cln65gp_rvt_ss_0p9v_125c
        INVX0P5MA10TR
                  scadv10_cln65gp_rvt_ss_0p9v_125c
        INVX0P6MA10TR
                  scadv10_cln65gp_rvt_ss_0p9v_125c
        INVX0P8BA10TR
                  scadv10_cln65gp_rvt_ss_0p9v_125c
        INVX1MA10TR
                  scadv10_cln65gp_rvt_ss_0p9v_125c
        INVX1P2MA10TR
                  scadv10_cln65gp_rvt_ss_0p9v_125c
        INVX1P7BA10TR
                  scadv10_cln65gp_rvt_ss_0p9v_125c
        INVX2MA10TR
                  scadv10_cln65gp_rvt_ss_0p9v_125c
        INVX2P5BA10TR
                  scadv10_cln65gp_rvt_ss_0p9v_125c
        INVX3MA10TR
                  scadv10_cln65gp_rvt_ss_0p9v_125c
        INVX4MA10TR
                  scadv10_cln65gp_rvt_ss_0p9v_125c
        INVX5MA10TR
                  scadv10_cln65gp_rvt_ss_0p9v_125c
        NAND2X0P5AA10TR
                  scadv10_cln65gp_rvt_ss_0p9v_125c
        NAND2X0P7AA10TR
                  scadv10_cln65gp_rvt_ss_0p9v_125c
        NAND2X0P7BA10TR
                  scadv10_cln65gp_rvt_ss_0p9v_125c
        NAND2X1AA10TR
                  scadv10_cln65gp_rvt_ss_0p9v_125c
        NAND2X1BA10TR
                  scadv10_cln65gp_rvt_ss_0p9v_125c
        NAND2X1P4BA10TR
                  scadv10_cln65gp_rvt_ss_0p9v_125c
        NAND2X2AA10TR
                  scadv10_cln65gp_rvt_ss_0p9v_125c
        NAND2X3AA10TR
                  scadv10_cln65gp_rvt_ss_0p9v_125c
        NAND2XBX0P5MA10TR
                  scadv10_cln65gp_rvt_ss_0p9v_125c
        NAND2XBX2MA10TR
                  scadv10_cln65gp_rvt_ss_0p9v_125c
        NAND3X0P5MA10TR
                  scadv10_cln65gp_rvt_ss_0p9v_125c
        NAND3X1AA10TR
                  scadv10_cln65gp_rvt_ss_0p9v_125c
        NAND3X2AA10TR
                  scadv10_cln65gp_rvt_ss_0p9v_125c
        NAND4X0P5MA10TR
                  scadv10_cln65gp_rvt_ss_0p9v_125c
        NAND4XXXBX0P5MA10TR
                  scadv10_cln65gp_rvt_ss_0p9v_125c
        NOR2BX1P4MA10TR
                  scadv10_cln65gp_rvt_ss_0p9v_125c
        NOR2BX2MA10TR
                  scadv10_cln65gp_rvt_ss_0p9v_125c
        NOR2X0P5MA10TR
                  scadv10_cln65gp_rvt_ss_0p9v_125c
        NOR2X0P7MA10TR
                  scadv10_cln65gp_rvt_ss_0p9v_125c
        NOR2X1MA10TR
                  scadv10_cln65gp_rvt_ss_0p9v_125c
        NOR2X1P4MA10TR
                  scadv10_cln65gp_rvt_ss_0p9v_125c
        NOR2X2MA10TR
                  scadv10_cln65gp_rvt_ss_0p9v_125c
        NOR2X6MA10TR
                  scadv10_cln65gp_rvt_ss_0p9v_125c
        NOR2XBX0P5MA10TR
                  scadv10_cln65gp_rvt_ss_0p9v_125c
        OA211X0P5MA10TR
                  scadv10_cln65gp_rvt_ss_0p9v_125c
        OAI2XB1X0P5MA10TR
                  scadv10_cln65gp_rvt_ss_0p9v_125c
        OAI21BX0P5MA10TR
                  scadv10_cln65gp_rvt_ss_0p9v_125c
        OAI21X0P5MA10TR
                  scadv10_cln65gp_rvt_ss_0p9v_125c
        OAI22X0P5MA10TR
                  scadv10_cln65gp_rvt_ss_0p9v_125c
        OAI22X1MA10TR
                  scadv10_cln65gp_rvt_ss_0p9v_125c
        OAI211X0P5MA10TR
                  scadv10_cln65gp_rvt_ss_0p9v_125c
        OAI211X1MA10TR
                  scadv10_cln65gp_rvt_ss_0p9v_125c
        OAI222X0P5MA10TR
                  scadv10_cln65gp_rvt_ss_0p9v_125c
        OAI222X1MA10TR
                  scadv10_cln65gp_rvt_ss_0p9v_125c
        OR2X0P5MA10TR
                  scadv10_cln65gp_rvt_ss_0p9v_125c
        OR2X0P7MA10TR
                  scadv10_cln65gp_rvt_ss_0p9v_125c
        OR2X1MA10TR
                  scadv10_cln65gp_rvt_ss_0p9v_125c
        OR3X0P5MA10TR
                  scadv10_cln65gp_rvt_ss_0p9v_125c
        XNOR2X0P5MA10TR
                  scadv10_cln65gp_rvt_ss_0p9v_125c
        XNOR2X0P7MA10TR
                  scadv10_cln65gp_rvt_ss_0p9v_125c
        XNOR2X1MA10TR
                  scadv10_cln65gp_rvt_ss_0p9v_125c
        XNOR3X0P5MA10TR
                  scadv10_cln65gp_rvt_ss_0p9v_125c
        XOR2X0P5MA10TR
                  scadv10_cln65gp_rvt_ss_0p9v_125c
        XOR2X0P7MA10TR
                  scadv10_cln65gp_rvt_ss_0p9v_125c
        XOR2X1MA10TR
                  scadv10_cln65gp_rvt_ss_0p9v_125c
    ibex_register_file_ff_0_00000020_0
        AND2X0P5MA10TR
                  scadv10_cln65gp_rvt_ss_0p9v_125c
        AND4X0P5MA10TR
                  scadv10_cln65gp_rvt_ss_0p9v_125c
        AOI22X0P5MA10TR
                  scadv10_cln65gp_rvt_ss_0p9v_125c
        AOI211X0P5MA10TR
                  scadv10_cln65gp_rvt_ss_0p9v_125c
        BUFX0P8BA10TR
                  scadv10_cln65gp_rvt_ss_0p9v_125c
        BUFX1BA10TR
                  scadv10_cln65gp_rvt_ss_0p9v_125c
        BUFX1P7MA10TR
                  scadv10_cln65gp_rvt_ss_0p9v_125c
        BUFX2MA10TR
                  scadv10_cln65gp_rvt_ss_0p9v_125c
        BUFX2P5MA10TR
                  scadv10_cln65gp_rvt_ss_0p9v_125c
        BUFX3MA10TR
                  scadv10_cln65gp_rvt_ss_0p9v_125c
        BUFX4MA10TR
                  scadv10_cln65gp_rvt_ss_0p9v_125c
        DFFRPQX0P5MA10TR
                  scadv10_cln65gp_rvt_ss_0p9v_125c
        INVX0P5MA10TR
                  scadv10_cln65gp_rvt_ss_0p9v_125c
        INVX1BA10TR
                  scadv10_cln65gp_rvt_ss_0p9v_125c
        INVX1P7BA10TR
                  scadv10_cln65gp_rvt_ss_0p9v_125c
        INVX2P5BA10TR
                  scadv10_cln65gp_rvt_ss_0p9v_125c
        NAND2X0P5AA10TR
                  scadv10_cln65gp_rvt_ss_0p9v_125c
        NAND2X0P7AA10TR
                  scadv10_cln65gp_rvt_ss_0p9v_125c
        NAND2X0P7BA10TR
                  scadv10_cln65gp_rvt_ss_0p9v_125c
        NAND3X0P5AA10TR
                  scadv10_cln65gp_rvt_ss_0p9v_125c
        NAND3X0P5MA10TR
                  scadv10_cln65gp_rvt_ss_0p9v_125c
        NAND3X0P7AA10TR
                  scadv10_cln65gp_rvt_ss_0p9v_125c
        NAND3X1AA10TR
                  scadv10_cln65gp_rvt_ss_0p9v_125c
        NAND3X1MA10TR
                  scadv10_cln65gp_rvt_ss_0p9v_125c
        NAND3X1P4AA10TR
                  scadv10_cln65gp_rvt_ss_0p9v_125c
        NAND3X1P4MA10TR
                  scadv10_cln65gp_rvt_ss_0p9v_125c
        NAND4X0P5MA10TR
                  scadv10_cln65gp_rvt_ss_0p9v_125c
        NOR2X0P5MA10TR
                  scadv10_cln65gp_rvt_ss_0p9v_125c
        NOR2X1MA10TR
                  scadv10_cln65gp_rvt_ss_0p9v_125c
        NOR2X1P4MA10TR
                  scadv10_cln65gp_rvt_ss_0p9v_125c
        NOR2X2MA10TR
                  scadv10_cln65gp_rvt_ss_0p9v_125c
        NOR2XBX0P5MA10TR
                  scadv10_cln65gp_rvt_ss_0p9v_125c
        NOR2XBX0P7MA10TR
                  scadv10_cln65gp_rvt_ss_0p9v_125c
        OA22X0P5MA10TR
                  scadv10_cln65gp_rvt_ss_0p9v_125c
    io_buf_2
    io_buf_3
    io_buf_4
    io_buf_5
    qspi_controller     r
        AOI21X1MA10TR
                  scadv10_cln65gp_rvt_ss_0p9v_125c
        AOI22X0P5MA10TR
                  scadv10_cln65gp_rvt_ss_0p9v_125c
        AOI32X0P5MA10TR
                  scadv10_cln65gp_rvt_ss_0p9v_125c
        AOI211X0P5MA10TR
                  scadv10_cln65gp_rvt_ss_0p9v_125c
        AOI221X0P5MA10TR
                  scadv10_cln65gp_rvt_ss_0p9v_125c
        AOI222X0P5MA10TR
                  scadv10_cln65gp_rvt_ss_0p9v_125c
        DFFQX0P5MA10TR
                  scadv10_cln65gp_rvt_ss_0p9v_125c
        INVX0P5MA10TR
                  scadv10_cln65gp_rvt_ss_0p9v_125c
        INVX0P6MA10TR
                  scadv10_cln65gp_rvt_ss_0p9v_125c
        INVX0P8BA10TR
                  scadv10_cln65gp_rvt_ss_0p9v_125c
        LATQX0P5MA10TR
                  scadv10_cln65gp_rvt_ss_0p9v_125c
        NAND2X0P5AA10TR
                  scadv10_cln65gp_rvt_ss_0p9v_125c
        NAND2X0P7BA10TR
                  scadv10_cln65gp_rvt_ss_0p9v_125c
        NAND2X2AA10TR
                  scadv10_cln65gp_rvt_ss_0p9v_125c
        NAND4X0P5MA10TR
                  scadv10_cln65gp_rvt_ss_0p9v_125c
        NOR2X0P5MA10TR
                  scadv10_cln65gp_rvt_ss_0p9v_125c
        NOR2X1MA10TR
                  scadv10_cln65gp_rvt_ss_0p9v_125c
        NOR2XBX0P5MA10TR
                  scadv10_cln65gp_rvt_ss_0p9v_125c
        NOR2XBX0P7MA10TR
                  scadv10_cln65gp_rvt_ss_0p9v_125c
        NOR3X0P7MA10TR
                  scadv10_cln65gp_rvt_ss_0p9v_125c
        NOR3X1MA10TR
                  scadv10_cln65gp_rvt_ss_0p9v_125c
        NOR3X1P4MA10TR
                  scadv10_cln65gp_rvt_ss_0p9v_125c
        OAI2XB1X0P5MA10TR
                  scadv10_cln65gp_rvt_ss_0p9v_125c
        OAI21X1MA10TR
                  scadv10_cln65gp_rvt_ss_0p9v_125c
        OAI22X0P5MA10TR
                  scadv10_cln65gp_rvt_ss_0p9v_125c
        OAI211X0P5MA10TR
                  scadv10_cln65gp_rvt_ss_0p9v_125c
        OR3X0P5MA10TR
                  scadv10_cln65gp_rvt_ss_0p9v_125c
    vproc_decoder_00000007_00000020_1_0
                        r
        AND2X0P5MA10TR
                  scadv10_cln65gp_rvt_ss_0p9v_125c
        AND2X0P7MA10TR
                  scadv10_cln65gp_rvt_ss_0p9v_125c
        AND3X0P5MA10TR
                  scadv10_cln65gp_rvt_ss_0p9v_125c
        AND4X0P5MA10TR
                  scadv10_cln65gp_rvt_ss_0p9v_125c
        AO1B2X0P7MA10TR
                  scadv10_cln65gp_rvt_ss_0p9v_125c
        AO21BX0P5MA10TR
                  scadv10_cln65gp_rvt_ss_0p9v_125c
        AO22X0P5MA10TR
                  scadv10_cln65gp_rvt_ss_0p9v_125c
        AOI2XB1X0P5MA10TR
                  scadv10_cln65gp_rvt_ss_0p9v_125c
        AOI21BX0P5MA10TR
                  scadv10_cln65gp_rvt_ss_0p9v_125c
        AOI21X0P5MA10TR
                  scadv10_cln65gp_rvt_ss_0p9v_125c
        AOI21X0P7MA10TR
                  scadv10_cln65gp_rvt_ss_0p9v_125c
        AOI22X0P5MA10TR
                  scadv10_cln65gp_rvt_ss_0p9v_125c
        AOI22X1MA10TR
                  scadv10_cln65gp_rvt_ss_0p9v_125c
        AOI31X0P5MA10TR
                  scadv10_cln65gp_rvt_ss_0p9v_125c
        AOI31X0P7MA10TR
                  scadv10_cln65gp_rvt_ss_0p9v_125c
        AOI32X0P5MA10TR
                  scadv10_cln65gp_rvt_ss_0p9v_125c
        AOI32X0P7MA10TR
                  scadv10_cln65gp_rvt_ss_0p9v_125c
        AOI32X1MA10TR
                  scadv10_cln65gp_rvt_ss_0p9v_125c
        AOI211X0P5MA10TR
                  scadv10_cln65gp_rvt_ss_0p9v_125c
        AOI211X0P7MA10TR
                  scadv10_cln65gp_rvt_ss_0p9v_125c
        AOI211X1MA10TR
                  scadv10_cln65gp_rvt_ss_0p9v_125c
        AOI211X1P4MA10TR
                  scadv10_cln65gp_rvt_ss_0p9v_125c
        AOI221X0P5MA10TR
                  scadv10_cln65gp_rvt_ss_0p9v_125c
        AOI222X0P5MA10TR
                  scadv10_cln65gp_rvt_ss_0p9v_125c
        BUFX0P8BA10TR
                  scadv10_cln65gp_rvt_ss_0p9v_125c
        BUFX1BA10TR
                  scadv10_cln65gp_rvt_ss_0p9v_125c
        BUFX1P2MA10TR
                  scadv10_cln65gp_rvt_ss_0p9v_125c
        BUFX1P4MA10TR
                  scadv10_cln65gp_rvt_ss_0p9v_125c
        BUFX1P7MA10TR
                  scadv10_cln65gp_rvt_ss_0p9v_125c
        BUFX2MA10TR
                  scadv10_cln65gp_rvt_ss_0p9v_125c
        INVX0P5MA10TR
                  scadv10_cln65gp_rvt_ss_0p9v_125c
        INVX0P6MA10TR
                  scadv10_cln65gp_rvt_ss_0p9v_125c
        INVX0P8BA10TR
                  scadv10_cln65gp_rvt_ss_0p9v_125c
        INVX1BA10TR
                  scadv10_cln65gp_rvt_ss_0p9v_125c
        INVX1MA10TR
                  scadv10_cln65gp_rvt_ss_0p9v_125c
        INVX1P2MA10TR
                  scadv10_cln65gp_rvt_ss_0p9v_125c
        INVX1P7BA10TR
                  scadv10_cln65gp_rvt_ss_0p9v_125c
        INVX2MA10TR
                  scadv10_cln65gp_rvt_ss_0p9v_125c
        NAND2X0P5AA10TR
                  scadv10_cln65gp_rvt_ss_0p9v_125c
        NAND2X0P5BA10TR
                  scadv10_cln65gp_rvt_ss_0p9v_125c
        NAND2X0P7AA10TR
                  scadv10_cln65gp_rvt_ss_0p9v_125c
        NAND2X0P7BA10TR
                  scadv10_cln65gp_rvt_ss_0p9v_125c
        NAND2X1AA10TR
                  scadv10_cln65gp_rvt_ss_0p9v_125c
        NAND2XBX0P5MA10TR
                  scadv10_cln65gp_rvt_ss_0p9v_125c
        NAND3BX0P5MA10TR
                  scadv10_cln65gp_rvt_ss_0p9v_125c
        NAND3BX0P7MA10TR
                  scadv10_cln65gp_rvt_ss_0p9v_125c
        NAND3X0P5AA10TR
                  scadv10_cln65gp_rvt_ss_0p9v_125c
        NAND3X0P5MA10TR
                  scadv10_cln65gp_rvt_ss_0p9v_125c
        NAND4X0P5AA10TR
                  scadv10_cln65gp_rvt_ss_0p9v_125c
        NAND4X0P5MA10TR
                  scadv10_cln65gp_rvt_ss_0p9v_125c
        NAND4X1AA10TR
                  scadv10_cln65gp_rvt_ss_0p9v_125c
        NAND4XXXBX0P5MA10TR
                  scadv10_cln65gp_rvt_ss_0p9v_125c
        NOR2X0P5MA10TR
                  scadv10_cln65gp_rvt_ss_0p9v_125c
        NOR2X0P7MA10TR
                  scadv10_cln65gp_rvt_ss_0p9v_125c
        NOR2X1MA10TR
                  scadv10_cln65gp_rvt_ss_0p9v_125c
        NOR2X1P4MA10TR
                  scadv10_cln65gp_rvt_ss_0p9v_125c
        NOR2X2MA10TR
                  scadv10_cln65gp_rvt_ss_0p9v_125c
        NOR2XBX0P5MA10TR
                  scadv10_cln65gp_rvt_ss_0p9v_125c
        NOR3X0P5AA10TR
                  scadv10_cln65gp_rvt_ss_0p9v_125c
        NOR3X0P7MA10TR
                  scadv10_cln65gp_rvt_ss_0p9v_125c
        NOR3X1MA10TR
                  scadv10_cln65gp_rvt_ss_0p9v_125c
        NOR3X1P4MA10TR
                  scadv10_cln65gp_rvt_ss_0p9v_125c
        NOR3X2AA10TR
                  scadv10_cln65gp_rvt_ss_0p9v_125c
        NOR3X2MA10TR
                  scadv10_cln65gp_rvt_ss_0p9v_125c
        OAI21BX0P5MA10TR
                  scadv10_cln65gp_rvt_ss_0p9v_125c
        OAI21BX1MA10TR
                  scadv10_cln65gp_rvt_ss_0p9v_125c
        OAI21X0P5MA10TR
                  scadv10_cln65gp_rvt_ss_0p9v_125c
        OAI21X0P7MA10TR
                  scadv10_cln65gp_rvt_ss_0p9v_125c
        OAI22X0P5MA10TR
                  scadv10_cln65gp_rvt_ss_0p9v_125c
        OAI22X1MA10TR
                  scadv10_cln65gp_rvt_ss_0p9v_125c
        OAI22X1P4MA10TR
                  scadv10_cln65gp_rvt_ss_0p9v_125c
        OAI211X0P5MA10TR
                  scadv10_cln65gp_rvt_ss_0p9v_125c
        OAI211X0P7MA10TR
                  scadv10_cln65gp_rvt_ss_0p9v_125c
        OAI222X0P5MA10TR
                  scadv10_cln65gp_rvt_ss_0p9v_125c
        OR2X0P5MA10TR
                  scadv10_cln65gp_rvt_ss_0p9v_125c
        OR3X0P5MA10TR
                  scadv10_cln65gp_rvt_ss_0p9v_125c
    vproc_pending_wr_0  r
        AND2X0P5MA10TR
                  scadv10_cln65gp_rvt_ss_0p9v_125c
        AND3X1P4MA10TR
                  scadv10_cln65gp_rvt_ss_0p9v_125c
        AO21BX0P5MA10TR
                  scadv10_cln65gp_rvt_ss_0p9v_125c
        AO21X0P5MA10TR
                  scadv10_cln65gp_rvt_ss_0p9v_125c
        AO22X0P5MA10TR
                  scadv10_cln65gp_rvt_ss_0p9v_125c
        AOI2XB1X0P5MA10TR
                  scadv10_cln65gp_rvt_ss_0p9v_125c
        AOI21X0P5MA10TR
                  scadv10_cln65gp_rvt_ss_0p9v_125c
        AOI21X1MA10TR
                  scadv10_cln65gp_rvt_ss_0p9v_125c
        AOI21X1P4MA10TR
                  scadv10_cln65gp_rvt_ss_0p9v_125c
        AOI22X0P5MA10TR
                  scadv10_cln65gp_rvt_ss_0p9v_125c
        AOI31X0P5MA10TR
                  scadv10_cln65gp_rvt_ss_0p9v_125c
        AOI32X0P5MA10TR
                  scadv10_cln65gp_rvt_ss_0p9v_125c
        AOI211X0P5MA10TR
                  scadv10_cln65gp_rvt_ss_0p9v_125c
        AOI211X0P7MA10TR
                  scadv10_cln65gp_rvt_ss_0p9v_125c
        AOI211X1MA10TR
                  scadv10_cln65gp_rvt_ss_0p9v_125c
        AOI221X0P5MA10TR
                  scadv10_cln65gp_rvt_ss_0p9v_125c
        AOI222X0P5MA10TR
                  scadv10_cln65gp_rvt_ss_0p9v_125c
        BUFX0P8BA10TR
                  scadv10_cln65gp_rvt_ss_0p9v_125c
        BUFX1BA10TR
                  scadv10_cln65gp_rvt_ss_0p9v_125c
        BUFX1P2MA10TR
                  scadv10_cln65gp_rvt_ss_0p9v_125c
        INVX0P5MA10TR
                  scadv10_cln65gp_rvt_ss_0p9v_125c
        INVX0P6MA10TR
                  scadv10_cln65gp_rvt_ss_0p9v_125c
        INVX0P8BA10TR
                  scadv10_cln65gp_rvt_ss_0p9v_125c
        INVX1BA10TR
                  scadv10_cln65gp_rvt_ss_0p9v_125c
        INVX1MA10TR
                  scadv10_cln65gp_rvt_ss_0p9v_125c
        INVX1P2MA10TR
                  scadv10_cln65gp_rvt_ss_0p9v_125c
        INVX2MA10TR
                  scadv10_cln65gp_rvt_ss_0p9v_125c
        NAND2X0P5AA10TR
                  scadv10_cln65gp_rvt_ss_0p9v_125c
        NAND2X0P7AA10TR
                  scadv10_cln65gp_rvt_ss_0p9v_125c
        NAND2X1AA10TR
                  scadv10_cln65gp_rvt_ss_0p9v_125c
        NAND2X1BA10TR
                  scadv10_cln65gp_rvt_ss_0p9v_125c
        NAND2XBX0P5MA10TR
                  scadv10_cln65gp_rvt_ss_0p9v_125c
        NAND3BX0P5MA10TR
                  scadv10_cln65gp_rvt_ss_0p9v_125c
        NAND3X0P5MA10TR
                  scadv10_cln65gp_rvt_ss_0p9v_125c
        NAND4X0P5MA10TR
                  scadv10_cln65gp_rvt_ss_0p9v_125c
        NAND4X1MA10TR
                  scadv10_cln65gp_rvt_ss_0p9v_125c
        NOR2X0P5MA10TR
                  scadv10_cln65gp_rvt_ss_0p9v_125c
        NOR2X0P7MA10TR
                  scadv10_cln65gp_rvt_ss_0p9v_125c
        NOR2X1AA10TR
                  scadv10_cln65gp_rvt_ss_0p9v_125c
        NOR2X1MA10TR
                  scadv10_cln65gp_rvt_ss_0p9v_125c
        NOR2X1P4MA10TR
                  scadv10_cln65gp_rvt_ss_0p9v_125c
        NOR2X2MA10TR
                  scadv10_cln65gp_rvt_ss_0p9v_125c
        NOR2XBX0P5MA10TR
                  scadv10_cln65gp_rvt_ss_0p9v_125c
        NOR3X0P5AA10TR
                  scadv10_cln65gp_rvt_ss_0p9v_125c
        NOR3X0P7MA10TR
                  scadv10_cln65gp_rvt_ss_0p9v_125c
        NOR3X1MA10TR
                  scadv10_cln65gp_rvt_ss_0p9v_125c
        OAI2XB1X0P5MA10TR
                  scadv10_cln65gp_rvt_ss_0p9v_125c
        OAI21X0P5MA10TR
                  scadv10_cln65gp_rvt_ss_0p9v_125c
        OAI21X0P7MA10TR
                  scadv10_cln65gp_rvt_ss_0p9v_125c
        OAI21X1MA10TR
                  scadv10_cln65gp_rvt_ss_0p9v_125c
        OAI22X0P5MA10TR
                  scadv10_cln65gp_rvt_ss_0p9v_125c
        OAI211X0P5MA10TR
                  scadv10_cln65gp_rvt_ss_0p9v_125c
        OAI211X0P7MA10TR
                  scadv10_cln65gp_rvt_ss_0p9v_125c
        OAI222X0P5MA10TR
                  scadv10_cln65gp_rvt_ss_0p9v_125c
        OR2X0P5MA10TR
                  scadv10_cln65gp_rvt_ss_0p9v_125c
    vproc_pipeline_00000080_00000007_00000003_00000008_3f_00000080_00000005_00000001_00000080_00000005_1_00000020_00000006_1_08_30_02_03_23_10_01_0_00000004_00000020_00000002_0000002000000004_2_1_1_0_0_1_00000001_00000004_1_0_0_0_I_xif_mem_if_vproc_xif_coproc_mem_X_ID_WIDTH_32_h00000003_X_MEM_WIDTH_32_h00000020I_xif_memres_if_vproc_xif_coproc_mem_result_X_ID_WIDTH_32_h00000003_X_MEM_WIDTH_32_h00000020
                        r
        ADDFX1MA10TR
                  scadv10_cln65gp_rvt_ss_0p9v_125c
        ADDHX1MA10TR
                  scadv10_cln65gp_rvt_ss_0p9v_125c
        AND2X0P5MA10TR
                  scadv10_cln65gp_rvt_ss_0p9v_125c
        AND2X0P7MA10TR
                  scadv10_cln65gp_rvt_ss_0p9v_125c
        AND2X1MA10TR
                  scadv10_cln65gp_rvt_ss_0p9v_125c
        AND2X1P4MA10TR
                  scadv10_cln65gp_rvt_ss_0p9v_125c
        AND2X2MA10TR
                  scadv10_cln65gp_rvt_ss_0p9v_125c
        AND2X3MA10TR
                  scadv10_cln65gp_rvt_ss_0p9v_125c
        AND2X4MA10TR
                  scadv10_cln65gp_rvt_ss_0p9v_125c
        AND3X0P5MA10TR
                  scadv10_cln65gp_rvt_ss_0p9v_125c
        AND3X0P7MA10TR
                  scadv10_cln65gp_rvt_ss_0p9v_125c
        AND3X1MA10TR
                  scadv10_cln65gp_rvt_ss_0p9v_125c
        AND3X1P4MA10TR
                  scadv10_cln65gp_rvt_ss_0p9v_125c
        AND4X0P5MA10TR
                  scadv10_cln65gp_rvt_ss_0p9v_125c
        AND4X0P7MA10TR
                  scadv10_cln65gp_rvt_ss_0p9v_125c
        AND4X1MA10TR
                  scadv10_cln65gp_rvt_ss_0p9v_125c
        AO1B2X0P7MA10TR
                  scadv10_cln65gp_rvt_ss_0p9v_125c
        AO1B2X1MA10TR
                  scadv10_cln65gp_rvt_ss_0p9v_125c
        AO1B2X1P4MA10TR
                  scadv10_cln65gp_rvt_ss_0p9v_125c
        AO1B2X2MA10TR
                  scadv10_cln65gp_rvt_ss_0p9v_125c
        AO21BX0P5MA10TR
                  scadv10_cln65gp_rvt_ss_0p9v_125c
        AO21BX1MA10TR
                  scadv10_cln65gp_rvt_ss_0p9v_125c
        AO21X0P5MA10TR
                  scadv10_cln65gp_rvt_ss_0p9v_125c
        AO21X0P7MA10TR
                  scadv10_cln65gp_rvt_ss_0p9v_125c
        AO21X1MA10TR
                  scadv10_cln65gp_rvt_ss_0p9v_125c
        AO21X1P4MA10TR
                  scadv10_cln65gp_rvt_ss_0p9v_125c
        AO21X2MA10TR
                  scadv10_cln65gp_rvt_ss_0p9v_125c
        AO22X0P5MA10TR
                  scadv10_cln65gp_rvt_ss_0p9v_125c
        AOI2XB1X0P5MA10TR
                  scadv10_cln65gp_rvt_ss_0p9v_125c
        AOI21BX0P5MA10TR
                  scadv10_cln65gp_rvt_ss_0p9v_125c
        AOI21BX0P7MA10TR
                  scadv10_cln65gp_rvt_ss_0p9v_125c
        AOI21BX1P4MA10TR
                  scadv10_cln65gp_rvt_ss_0p9v_125c
        AOI21X0P5MA10TR
                  scadv10_cln65gp_rvt_ss_0p9v_125c
        AOI21X0P7MA10TR
                  scadv10_cln65gp_rvt_ss_0p9v_125c
        AOI21X1MA10TR
                  scadv10_cln65gp_rvt_ss_0p9v_125c
        AOI21X1P4MA10TR
                  scadv10_cln65gp_rvt_ss_0p9v_125c
        AOI21X2MA10TR
                  scadv10_cln65gp_rvt_ss_0p9v_125c
        AOI21X3MA10TR
                  scadv10_cln65gp_rvt_ss_0p9v_125c
        AOI21X4MA10TR
                  scadv10_cln65gp_rvt_ss_0p9v_125c
        AOI22X0P5MA10TR
                  scadv10_cln65gp_rvt_ss_0p9v_125c
        AOI22X0P7MA10TR
                  scadv10_cln65gp_rvt_ss_0p9v_125c
        AOI22X1MA10TR
                  scadv10_cln65gp_rvt_ss_0p9v_125c
        AOI22X1P4MA10TR
                  scadv10_cln65gp_rvt_ss_0p9v_125c
        AOI22X2MA10TR
                  scadv10_cln65gp_rvt_ss_0p9v_125c
        AOI31X0P5MA10TR
                  scadv10_cln65gp_rvt_ss_0p9v_125c
        AOI31X0P7MA10TR
                  scadv10_cln65gp_rvt_ss_0p9v_125c
        AOI31X1MA10TR
                  scadv10_cln65gp_rvt_ss_0p9v_125c
        AOI31X1P4MA10TR
                  scadv10_cln65gp_rvt_ss_0p9v_125c
        AOI31X2MA10TR
                  scadv10_cln65gp_rvt_ss_0p9v_125c
        AOI32X0P5MA10TR
                  scadv10_cln65gp_rvt_ss_0p9v_125c
        AOI32X1MA10TR
                  scadv10_cln65gp_rvt_ss_0p9v_125c
        AOI32X1P4MA10TR
                  scadv10_cln65gp_rvt_ss_0p9v_125c
        AOI211X0P5MA10TR
                  scadv10_cln65gp_rvt_ss_0p9v_125c
        AOI211X0P7MA10TR
                  scadv10_cln65gp_rvt_ss_0p9v_125c
        AOI211X1MA10TR
                  scadv10_cln65gp_rvt_ss_0p9v_125c
        AOI211X1P4MA10TR
                  scadv10_cln65gp_rvt_ss_0p9v_125c
        AOI211X2MA10TR
                  scadv10_cln65gp_rvt_ss_0p9v_125c
        AOI221X0P5MA10TR
                  scadv10_cln65gp_rvt_ss_0p9v_125c
        AOI221X0P7MA10TR
                  scadv10_cln65gp_rvt_ss_0p9v_125c
        AOI221X1MA10TR
                  scadv10_cln65gp_rvt_ss_0p9v_125c
        AOI222X0P5MA10TR
                  scadv10_cln65gp_rvt_ss_0p9v_125c
        AOI222X1MA10TR
                  scadv10_cln65gp_rvt_ss_0p9v_125c
        BUFHX2MA10TR
                  scadv10_cln65gp_rvt_ss_0p9v_125c
        BUFHX2P5MA10TR
                  scadv10_cln65gp_rvt_ss_0p9v_125c
        BUFHX4MA10TR
                  scadv10_cln65gp_rvt_ss_0p9v_125c
        BUFHX6MA10TR
                  scadv10_cln65gp_rvt_ss_0p9v_125c
        BUFX0P8BA10TR
                  scadv10_cln65gp_rvt_ss_0p9v_125c
        BUFX1BA10TR
                  scadv10_cln65gp_rvt_ss_0p9v_125c
        BUFX1MA10TR
                  scadv10_cln65gp_rvt_ss_0p9v_125c
        BUFX1P2MA10TR
                  scadv10_cln65gp_rvt_ss_0p9v_125c
        BUFX1P4MA10TR
                  scadv10_cln65gp_rvt_ss_0p9v_125c
        BUFX1P7MA10TR
                  scadv10_cln65gp_rvt_ss_0p9v_125c
        BUFX2MA10TR
                  scadv10_cln65gp_rvt_ss_0p9v_125c
        BUFX2P5MA10TR
                  scadv10_cln65gp_rvt_ss_0p9v_125c
        BUFX3MA10TR
                  scadv10_cln65gp_rvt_ss_0p9v_125c
        BUFX3P5MA10TR
                  scadv10_cln65gp_rvt_ss_0p9v_125c
        BUFX4MA10TR
                  scadv10_cln65gp_rvt_ss_0p9v_125c
        BUFX5MA10TR
                  scadv10_cln65gp_rvt_ss_0p9v_125c
        BUFX6MA10TR
                  scadv10_cln65gp_rvt_ss_0p9v_125c
        BUFX7P5MA10TR
                  scadv10_cln65gp_rvt_ss_0p9v_125c
        BUFX9MA10TR
                  scadv10_cln65gp_rvt_ss_0p9v_125c
        BUFX11MA10TR
                  scadv10_cln65gp_rvt_ss_0p9v_125c
        DFFQX0P5MA10TR
                  scadv10_cln65gp_rvt_ss_0p9v_125c
        DFFQX1MA10TR
                  scadv10_cln65gp_rvt_ss_0p9v_125c
        DFFQX2MA10TR
                  scadv10_cln65gp_rvt_ss_0p9v_125c
        DFFQX3MA10TR
                  scadv10_cln65gp_rvt_ss_0p9v_125c
        DFFQX4MA10TR
                  scadv10_cln65gp_rvt_ss_0p9v_125c
        EDFFQNX0P5MA10TR
                  scadv10_cln65gp_rvt_ss_0p9v_125c
        EDFFQX0P5MA10TR
                  scadv10_cln65gp_rvt_ss_0p9v_125c
        EDFFQX1MA10TR
                  scadv10_cln65gp_rvt_ss_0p9v_125c
        EDFFQX2MA10TR
                  scadv10_cln65gp_rvt_ss_0p9v_125c
        INVX0P5MA10TR
                  scadv10_cln65gp_rvt_ss_0p9v_125c
        INVX0P6MA10TR
                  scadv10_cln65gp_rvt_ss_0p9v_125c
        INVX0P8BA10TR
                  scadv10_cln65gp_rvt_ss_0p9v_125c
        INVX1BA10TR
                  scadv10_cln65gp_rvt_ss_0p9v_125c
        INVX1MA10TR
                  scadv10_cln65gp_rvt_ss_0p9v_125c
        INVX1P2MA10TR
                  scadv10_cln65gp_rvt_ss_0p9v_125c
        INVX1P7BA10TR
                  scadv10_cln65gp_rvt_ss_0p9v_125c
        INVX1P7MA10TR
                  scadv10_cln65gp_rvt_ss_0p9v_125c
        INVX2MA10TR
                  scadv10_cln65gp_rvt_ss_0p9v_125c
        INVX2P5BA10TR
                  scadv10_cln65gp_rvt_ss_0p9v_125c
        INVX2P5MA10TR
                  scadv10_cln65gp_rvt_ss_0p9v_125c
        INVX3MA10TR
                  scadv10_cln65gp_rvt_ss_0p9v_125c
        INVX3P5MA10TR
                  scadv10_cln65gp_rvt_ss_0p9v_125c
        INVX4MA10TR
                  scadv10_cln65gp_rvt_ss_0p9v_125c
        INVX5MA10TR
                  scadv10_cln65gp_rvt_ss_0p9v_125c
        INVX6MA10TR
                  scadv10_cln65gp_rvt_ss_0p9v_125c
        INVX7P5MA10TR
                  scadv10_cln65gp_rvt_ss_0p9v_125c
        INVX9MA10TR
                  scadv10_cln65gp_rvt_ss_0p9v_125c
        MXIT2X0P5MA10TR
                  scadv10_cln65gp_rvt_ss_0p9v_125c
        MXIT2X0P7MA10TR
                  scadv10_cln65gp_rvt_ss_0p9v_125c
        MXIT2X1MA10TR
                  scadv10_cln65gp_rvt_ss_0p9v_125c
        MXT2X0P5MA10TR
                  scadv10_cln65gp_rvt_ss_0p9v_125c
        MXT2X1P4MA10TR
                  scadv10_cln65gp_rvt_ss_0p9v_125c
        MXT2X2MA10TR
                  scadv10_cln65gp_rvt_ss_0p9v_125c
        NAND2BX3MA10TR
                  scadv10_cln65gp_rvt_ss_0p9v_125c
        NAND2X0P5AA10TR
                  scadv10_cln65gp_rvt_ss_0p9v_125c
        NAND2X0P5BA10TR
                  scadv10_cln65gp_rvt_ss_0p9v_125c
        NAND2X0P7AA10TR
                  scadv10_cln65gp_rvt_ss_0p9v_125c
        NAND2X0P7BA10TR
                  scadv10_cln65gp_rvt_ss_0p9v_125c
        NAND2X1AA10TR
                  scadv10_cln65gp_rvt_ss_0p9v_125c
        NAND2X1BA10TR
                  scadv10_cln65gp_rvt_ss_0p9v_125c
        NAND2X1MA10TR
                  scadv10_cln65gp_rvt_ss_0p9v_125c
        NAND2X1P4AA10TR
                  scadv10_cln65gp_rvt_ss_0p9v_125c
        NAND2X2AA10TR
                  scadv10_cln65gp_rvt_ss_0p9v_125c
        NAND2X2BA10TR
                  scadv10_cln65gp_rvt_ss_0p9v_125c
        NAND2X2MA10TR
                  scadv10_cln65gp_rvt_ss_0p9v_125c
        NAND2X3AA10TR
                  scadv10_cln65gp_rvt_ss_0p9v_125c
        NAND2X4BA10TR
                  scadv10_cln65gp_rvt_ss_0p9v_125c
        NAND2X6BA10TR
                  scadv10_cln65gp_rvt_ss_0p9v_125c
        NAND2XBX0P5MA10TR
                  scadv10_cln65gp_rvt_ss_0p9v_125c
        NAND2XBX0P7MA10TR
                  scadv10_cln65gp_rvt_ss_0p9v_125c
        NAND2XBX1MA10TR
                  scadv10_cln65gp_rvt_ss_0p9v_125c
        NAND2XBX6MA10TR
                  scadv10_cln65gp_rvt_ss_0p9v_125c
        NAND3BX0P5MA10TR
                  scadv10_cln65gp_rvt_ss_0p9v_125c
        NAND3BX0P7MA10TR
                  scadv10_cln65gp_rvt_ss_0p9v_125c
        NAND3BX1MA10TR
                  scadv10_cln65gp_rvt_ss_0p9v_125c
        NAND3X0P5AA10TR
                  scadv10_cln65gp_rvt_ss_0p9v_125c
        NAND3X0P5MA10TR
                  scadv10_cln65gp_rvt_ss_0p9v_125c
        NAND3X0P7AA10TR
                  scadv10_cln65gp_rvt_ss_0p9v_125c
        NAND3X0P7MA10TR
                  scadv10_cln65gp_rvt_ss_0p9v_125c
        NAND3X1AA10TR
                  scadv10_cln65gp_rvt_ss_0p9v_125c
        NAND3X1MA10TR
                  scadv10_cln65gp_rvt_ss_0p9v_125c
        NAND3X2AA10TR
                  scadv10_cln65gp_rvt_ss_0p9v_125c
        NAND3X2MA10TR
                  scadv10_cln65gp_rvt_ss_0p9v_125c
        NAND3XXBX0P5MA10TR
                  scadv10_cln65gp_rvt_ss_0p9v_125c
        NAND3XXBX1MA10TR
                  scadv10_cln65gp_rvt_ss_0p9v_125c
        NAND4BX0P5MA10TR
                  scadv10_cln65gp_rvt_ss_0p9v_125c
        NAND4BX0P7MA10TR
                  scadv10_cln65gp_rvt_ss_0p9v_125c
        NAND4BX1MA10TR
                  scadv10_cln65gp_rvt_ss_0p9v_125c
        NAND4X0P5AA10TR
                  scadv10_cln65gp_rvt_ss_0p9v_125c
        NAND4X0P5MA10TR
                  scadv10_cln65gp_rvt_ss_0p9v_125c
        NAND4X0P7AA10TR
                  scadv10_cln65gp_rvt_ss_0p9v_125c
        NAND4X0P7MA10TR
                  scadv10_cln65gp_rvt_ss_0p9v_125c
        NAND4X1AA10TR
                  scadv10_cln65gp_rvt_ss_0p9v_125c
        NAND4X1MA10TR
                  scadv10_cln65gp_rvt_ss_0p9v_125c
        NAND4X1P4AA10TR
                  scadv10_cln65gp_rvt_ss_0p9v_125c
        NAND4X1P4MA10TR
                  scadv10_cln65gp_rvt_ss_0p9v_125c
        NAND4X2AA10TR
                  scadv10_cln65gp_rvt_ss_0p9v_125c
        NAND4X2MA10TR
                  scadv10_cln65gp_rvt_ss_0p9v_125c
        NAND4X3AA10TR
                  scadv10_cln65gp_rvt_ss_0p9v_125c
        NAND4X3MA10TR
                  scadv10_cln65gp_rvt_ss_0p9v_125c
        NAND4XXXBX0P5MA10TR
                  scadv10_cln65gp_rvt_ss_0p9v_125c
        NAND4XXXBX0P7MA10TR
                  scadv10_cln65gp_rvt_ss_0p9v_125c
        NAND4XXXBX1MA10TR
                  scadv10_cln65gp_rvt_ss_0p9v_125c
        NOR2BX1MA10TR
                  scadv10_cln65gp_rvt_ss_0p9v_125c
        NOR2BX1P4MA10TR
                  scadv10_cln65gp_rvt_ss_0p9v_125c
        NOR2BX2MA10TR
                  scadv10_cln65gp_rvt_ss_0p9v_125c
        NOR2BX3MA10TR
                  scadv10_cln65gp_rvt_ss_0p9v_125c
        NOR2X0P5MA10TR
                  scadv10_cln65gp_rvt_ss_0p9v_125c
        NOR2X0P7AA10TR
                  scadv10_cln65gp_rvt_ss_0p9v_125c
        NOR2X0P7MA10TR
                  scadv10_cln65gp_rvt_ss_0p9v_125c
        NOR2X1AA10TR
                  scadv10_cln65gp_rvt_ss_0p9v_125c
        NOR2X1MA10TR
                  scadv10_cln65gp_rvt_ss_0p9v_125c
        NOR2X1P4AA10TR
                  scadv10_cln65gp_rvt_ss_0p9v_125c
        NOR2X1P4MA10TR
                  scadv10_cln65gp_rvt_ss_0p9v_125c
        NOR2X2AA10TR
                  scadv10_cln65gp_rvt_ss_0p9v_125c
        NOR2X2MA10TR
                  scadv10_cln65gp_rvt_ss_0p9v_125c
        NOR2X3AA10TR
                  scadv10_cln65gp_rvt_ss_0p9v_125c
        NOR2X3MA10TR
                  scadv10_cln65gp_rvt_ss_0p9v_125c
        NOR2X4MA10TR
                  scadv10_cln65gp_rvt_ss_0p9v_125c
        NOR2X6MA10TR
                  scadv10_cln65gp_rvt_ss_0p9v_125c
        NOR2XBX0P5MA10TR
                  scadv10_cln65gp_rvt_ss_0p9v_125c
        NOR2XBX0P7MA10TR
                  scadv10_cln65gp_rvt_ss_0p9v_125c
        NOR2XBX1MA10TR
                  scadv10_cln65gp_rvt_ss_0p9v_125c
        NOR2XBX3MA10TR
                  scadv10_cln65gp_rvt_ss_0p9v_125c
        NOR3X0P5AA10TR
                  scadv10_cln65gp_rvt_ss_0p9v_125c
        NOR3X0P7AA10TR
                  scadv10_cln65gp_rvt_ss_0p9v_125c
        NOR3X0P7MA10TR
                  scadv10_cln65gp_rvt_ss_0p9v_125c
        NOR3X1AA10TR
                  scadv10_cln65gp_rvt_ss_0p9v_125c
        NOR3X1MA10TR
                  scadv10_cln65gp_rvt_ss_0p9v_125c
        NOR3X1P4MA10TR
                  scadv10_cln65gp_rvt_ss_0p9v_125c
        NOR3X2AA10TR
                  scadv10_cln65gp_rvt_ss_0p9v_125c
        NOR3X2MA10TR
                  scadv10_cln65gp_rvt_ss_0p9v_125c
        OA21X0P5MA10TR
                  scadv10_cln65gp_rvt_ss_0p9v_125c
        OA21X0P7MA10TR
                  scadv10_cln65gp_rvt_ss_0p9v_125c
        OA22X0P5MA10TR
                  scadv10_cln65gp_rvt_ss_0p9v_125c
        OA211X0P5MA10TR
                  scadv10_cln65gp_rvt_ss_0p9v_125c
        OA211X0P7MA10TR
                  scadv10_cln65gp_rvt_ss_0p9v_125c
        OAI2XB1X0P5MA10TR
                  scadv10_cln65gp_rvt_ss_0p9v_125c
        OAI2XB1X0P7MA10TR
                  scadv10_cln65gp_rvt_ss_0p9v_125c
        OAI2XB1X1MA10TR
                  scadv10_cln65gp_rvt_ss_0p9v_125c
        OAI2XB1X3MA10TR
                  scadv10_cln65gp_rvt_ss_0p9v_125c
        OAI21BX0P5MA10TR
                  scadv10_cln65gp_rvt_ss_0p9v_125c
        OAI21X0P5MA10TR
                  scadv10_cln65gp_rvt_ss_0p9v_125c
        OAI21X0P7MA10TR
                  scadv10_cln65gp_rvt_ss_0p9v_125c
        OAI21X1MA10TR
                  scadv10_cln65gp_rvt_ss_0p9v_125c
        OAI21X1P4MA10TR
                  scadv10_cln65gp_rvt_ss_0p9v_125c
        OAI21X2MA10TR
                  scadv10_cln65gp_rvt_ss_0p9v_125c
        OAI21X3MA10TR
                  scadv10_cln65gp_rvt_ss_0p9v_125c
        OAI21X4MA10TR
                  scadv10_cln65gp_rvt_ss_0p9v_125c
        OAI22X0P5MA10TR
                  scadv10_cln65gp_rvt_ss_0p9v_125c
        OAI22X0P7MA10TR
                  scadv10_cln65gp_rvt_ss_0p9v_125c
        OAI22X1MA10TR
                  scadv10_cln65gp_rvt_ss_0p9v_125c
        OAI22X1P4MA10TR
                  scadv10_cln65gp_rvt_ss_0p9v_125c
        OAI22X2MA10TR
                  scadv10_cln65gp_rvt_ss_0p9v_125c
        OAI211X0P5MA10TR
                  scadv10_cln65gp_rvt_ss_0p9v_125c
        OAI211X0P7MA10TR
                  scadv10_cln65gp_rvt_ss_0p9v_125c
        OAI211X1MA10TR
                  scadv10_cln65gp_rvt_ss_0p9v_125c
        OAI211X1P4MA10TR
                  scadv10_cln65gp_rvt_ss_0p9v_125c
        OAI211X2MA10TR
                  scadv10_cln65gp_rvt_ss_0p9v_125c
        OAI221X0P5MA10TR
                  scadv10_cln65gp_rvt_ss_0p9v_125c
        OAI222X0P5MA10TR
                  scadv10_cln65gp_rvt_ss_0p9v_125c
        OR2X0P5MA10TR
                  scadv10_cln65gp_rvt_ss_0p9v_125c
        OR2X0P7MA10TR
                  scadv10_cln65gp_rvt_ss_0p9v_125c
        OR2X1MA10TR
                  scadv10_cln65gp_rvt_ss_0p9v_125c
        OR2X1P4MA10TR
                  scadv10_cln65gp_rvt_ss_0p9v_125c
        OR2X2MA10TR
                  scadv10_cln65gp_rvt_ss_0p9v_125c
        OR3X0P5MA10TR
                  scadv10_cln65gp_rvt_ss_0p9v_125c
        OR4X0P5MA10TR
                  scadv10_cln65gp_rvt_ss_0p9v_125c
        OR4X0P7MA10TR
                  scadv10_cln65gp_rvt_ss_0p9v_125c
        OR6X0P5MA10TR
                  scadv10_cln65gp_rvt_ss_0p9v_125c
        OR6X0P7MA10TR
                  scadv10_cln65gp_rvt_ss_0p9v_125c
        OR6X1MA10TR
                  scadv10_cln65gp_rvt_ss_0p9v_125c
        XNOR2X0P5MA10TR
                  scadv10_cln65gp_rvt_ss_0p9v_125c
        XNOR2X0P7MA10TR
                  scadv10_cln65gp_rvt_ss_0p9v_125c
        XNOR2X1MA10TR
                  scadv10_cln65gp_rvt_ss_0p9v_125c
        XNOR2X1P4MA10TR
                  scadv10_cln65gp_rvt_ss_0p9v_125c
        XNOR2X2MA10TR
                  scadv10_cln65gp_rvt_ss_0p9v_125c
        XNOR2X3MA10TR
                  scadv10_cln65gp_rvt_ss_0p9v_125c
        XNOR2X4MA10TR
                  scadv10_cln65gp_rvt_ss_0p9v_125c
        XNOR3X0P5MA10TR
                  scadv10_cln65gp_rvt_ss_0p9v_125c
        XOR2X0P5MA10TR
                  scadv10_cln65gp_rvt_ss_0p9v_125c
        XOR2X0P7MA10TR
                  scadv10_cln65gp_rvt_ss_0p9v_125c
        XOR2X1MA10TR
                  scadv10_cln65gp_rvt_ss_0p9v_125c
        XOR2X1P4MA10TR
                  scadv10_cln65gp_rvt_ss_0p9v_125c
        XOR2X2MA10TR
                  scadv10_cln65gp_rvt_ss_0p9v_125c
        XOR2X3MA10TR
                  scadv10_cln65gp_rvt_ss_0p9v_125c
        XOR2X4MA10TR
                  scadv10_cln65gp_rvt_ss_0p9v_125c
        XOR3X0P5MA10TR
                  scadv10_cln65gp_rvt_ss_0p9v_125c
        vproc_alu_00000020_0
                            r
            ADDFX1MA10TR
                      scadv10_cln65gp_rvt_ss_0p9v_125c
            ADDHX1MA10TR
                      scadv10_cln65gp_rvt_ss_0p9v_125c
            AND2X0P5MA10TR
                      scadv10_cln65gp_rvt_ss_0p9v_125c
            AND2X0P7MA10TR
                      scadv10_cln65gp_rvt_ss_0p9v_125c
            AND2X1MA10TR
                      scadv10_cln65gp_rvt_ss_0p9v_125c
            AND2X1P4MA10TR
                      scadv10_cln65gp_rvt_ss_0p9v_125c
            AND3X0P5MA10TR
                      scadv10_cln65gp_rvt_ss_0p9v_125c
            AND4X0P5MA10TR
                      scadv10_cln65gp_rvt_ss_0p9v_125c
            AO21BX0P5MA10TR
                      scadv10_cln65gp_rvt_ss_0p9v_125c
            AO21X0P5MA10TR
                      scadv10_cln65gp_rvt_ss_0p9v_125c
            AO22X0P5MA10TR
                      scadv10_cln65gp_rvt_ss_0p9v_125c
            AOI2XB1X0P5MA10TR
                      scadv10_cln65gp_rvt_ss_0p9v_125c
            AOI2XB1X0P7MA10TR
                      scadv10_cln65gp_rvt_ss_0p9v_125c
            AOI21X0P5MA10TR
                      scadv10_cln65gp_rvt_ss_0p9v_125c
            AOI21X0P7MA10TR
                      scadv10_cln65gp_rvt_ss_0p9v_125c
            AOI21X1MA10TR
                      scadv10_cln65gp_rvt_ss_0p9v_125c
            AOI22X0P5MA10TR
                      scadv10_cln65gp_rvt_ss_0p9v_125c
            AOI22X1MA10TR
                      scadv10_cln65gp_rvt_ss_0p9v_125c
            AOI22X2MA10TR
                      scadv10_cln65gp_rvt_ss_0p9v_125c
            AOI31X0P5MA10TR
                      scadv10_cln65gp_rvt_ss_0p9v_125c
            AOI32X0P5MA10TR
                      scadv10_cln65gp_rvt_ss_0p9v_125c
            AOI211X0P5MA10TR
                      scadv10_cln65gp_rvt_ss_0p9v_125c
            AOI211X0P7MA10TR
                      scadv10_cln65gp_rvt_ss_0p9v_125c
            AOI211X1MA10TR
                      scadv10_cln65gp_rvt_ss_0p9v_125c
            AOI211X2MA10TR
                      scadv10_cln65gp_rvt_ss_0p9v_125c
            AOI221X0P5MA10TR
                      scadv10_cln65gp_rvt_ss_0p9v_125c
            AOI221X1MA10TR
                      scadv10_cln65gp_rvt_ss_0p9v_125c
            AOI222X0P5MA10TR
                      scadv10_cln65gp_rvt_ss_0p9v_125c
            AOI222X1MA10TR
                      scadv10_cln65gp_rvt_ss_0p9v_125c
            AOI222X2MA10TR
                      scadv10_cln65gp_rvt_ss_0p9v_125c
            BUFX0P8BA10TR
                      scadv10_cln65gp_rvt_ss_0p9v_125c
            BUFX1BA10TR
                      scadv10_cln65gp_rvt_ss_0p9v_125c
            BUFX1P2MA10TR
                      scadv10_cln65gp_rvt_ss_0p9v_125c
            BUFX1P7MA10TR
                      scadv10_cln65gp_rvt_ss_0p9v_125c
            BUFX2MA10TR
                      scadv10_cln65gp_rvt_ss_0p9v_125c
            BUFX2P5MA10TR
                      scadv10_cln65gp_rvt_ss_0p9v_125c
            BUFX3MA10TR
                      scadv10_cln65gp_rvt_ss_0p9v_125c
            BUFX4MA10TR
                      scadv10_cln65gp_rvt_ss_0p9v_125c
            BUFX5MA10TR
                      scadv10_cln65gp_rvt_ss_0p9v_125c
            BUFX6MA10TR
                      scadv10_cln65gp_rvt_ss_0p9v_125c
            BUFX9MA10TR
                      scadv10_cln65gp_rvt_ss_0p9v_125c
            DFFQX0P5MA10TR
                      scadv10_cln65gp_rvt_ss_0p9v_125c
            EDFFQNX0P5MA10TR
                      scadv10_cln65gp_rvt_ss_0p9v_125c
            EDFFQX0P5MA10TR
                      scadv10_cln65gp_rvt_ss_0p9v_125c
            EDFFQX1MA10TR
                      scadv10_cln65gp_rvt_ss_0p9v_125c
            EDFFQX2MA10TR
                      scadv10_cln65gp_rvt_ss_0p9v_125c
            EDFFQX3MA10TR
                      scadv10_cln65gp_rvt_ss_0p9v_125c
            INVX0P5MA10TR
                      scadv10_cln65gp_rvt_ss_0p9v_125c
            INVX0P6MA10TR
                      scadv10_cln65gp_rvt_ss_0p9v_125c
            INVX0P8BA10TR
                      scadv10_cln65gp_rvt_ss_0p9v_125c
            INVX1BA10TR
                      scadv10_cln65gp_rvt_ss_0p9v_125c
            INVX1MA10TR
                      scadv10_cln65gp_rvt_ss_0p9v_125c
            INVX1P2MA10TR
                      scadv10_cln65gp_rvt_ss_0p9v_125c
            INVX1P7BA10TR
                      scadv10_cln65gp_rvt_ss_0p9v_125c
            INVX2MA10TR
                      scadv10_cln65gp_rvt_ss_0p9v_125c
            INVX2P5BA10TR
                      scadv10_cln65gp_rvt_ss_0p9v_125c
            INVX3MA10TR
                      scadv10_cln65gp_rvt_ss_0p9v_125c
            INVX3P5MA10TR
                      scadv10_cln65gp_rvt_ss_0p9v_125c
            INVX4MA10TR
                      scadv10_cln65gp_rvt_ss_0p9v_125c
            INVX5MA10TR
                      scadv10_cln65gp_rvt_ss_0p9v_125c
            MXIT2X0P5MA10TR
                      scadv10_cln65gp_rvt_ss_0p9v_125c
            MXT2X0P5MA10TR
                      scadv10_cln65gp_rvt_ss_0p9v_125c
            NAND2BX4MA10TR
                      scadv10_cln65gp_rvt_ss_0p9v_125c
            NAND2X0P5AA10TR
                      scadv10_cln65gp_rvt_ss_0p9v_125c
            NAND2X0P5BA10TR
                      scadv10_cln65gp_rvt_ss_0p9v_125c
            NAND2X0P7AA10TR
                      scadv10_cln65gp_rvt_ss_0p9v_125c
            NAND2X0P7BA10TR
                      scadv10_cln65gp_rvt_ss_0p9v_125c
            NAND2X1AA10TR
                      scadv10_cln65gp_rvt_ss_0p9v_125c
            NAND2X1BA10TR
                      scadv10_cln65gp_rvt_ss_0p9v_125c
            NAND2X2BA10TR
                      scadv10_cln65gp_rvt_ss_0p9v_125c
            NAND2X3AA10TR
                      scadv10_cln65gp_rvt_ss_0p9v_125c
            NAND2XBX0P5MA10TR
                      scadv10_cln65gp_rvt_ss_0p9v_125c
            NAND2XBX0P7MA10TR
                      scadv10_cln65gp_rvt_ss_0p9v_125c
            NAND2XBX1MA10TR
                      scadv10_cln65gp_rvt_ss_0p9v_125c
            NAND3BX0P5MA10TR
                      scadv10_cln65gp_rvt_ss_0p9v_125c
            NAND3BX0P7MA10TR
                      scadv10_cln65gp_rvt_ss_0p9v_125c
            NAND3X0P5AA10TR
                      scadv10_cln65gp_rvt_ss_0p9v_125c
            NAND3X0P5MA10TR
                      scadv10_cln65gp_rvt_ss_0p9v_125c
            NAND3X1MA10TR
                      scadv10_cln65gp_rvt_ss_0p9v_125c
            NAND3X2AA10TR
                      scadv10_cln65gp_rvt_ss_0p9v_125c
            NAND4X0P5AA10TR
                      scadv10_cln65gp_rvt_ss_0p9v_125c
            NAND4X0P5MA10TR
                      scadv10_cln65gp_rvt_ss_0p9v_125c
            NAND4X0P7AA10TR
                      scadv10_cln65gp_rvt_ss_0p9v_125c
            NAND4XXXBX0P5MA10TR
                      scadv10_cln65gp_rvt_ss_0p9v_125c
            NAND4XXXBX0P7MA10TR
                      scadv10_cln65gp_rvt_ss_0p9v_125c
            NOR2X0P5MA10TR
                      scadv10_cln65gp_rvt_ss_0p9v_125c
            NOR2X0P7MA10TR
                      scadv10_cln65gp_rvt_ss_0p9v_125c
            NOR2X1MA10TR
                      scadv10_cln65gp_rvt_ss_0p9v_125c
            NOR2X1P4MA10TR
                      scadv10_cln65gp_rvt_ss_0p9v_125c
            NOR2X2MA10TR
                      scadv10_cln65gp_rvt_ss_0p9v_125c
            NOR2X4AA10TR
                      scadv10_cln65gp_rvt_ss_0p9v_125c
            NOR2XBX0P5MA10TR
                      scadv10_cln65gp_rvt_ss_0p9v_125c
            NOR2XBX0P7MA10TR
                      scadv10_cln65gp_rvt_ss_0p9v_125c
            NOR2XBX1MA10TR
                      scadv10_cln65gp_rvt_ss_0p9v_125c
            NOR2XBX3MA10TR
                      scadv10_cln65gp_rvt_ss_0p9v_125c
            NOR3X0P5AA10TR
                      scadv10_cln65gp_rvt_ss_0p9v_125c
            NOR3X0P7MA10TR
                      scadv10_cln65gp_rvt_ss_0p9v_125c
            NOR3X1MA10TR
                      scadv10_cln65gp_rvt_ss_0p9v_125c
            OA21X0P5MA10TR
                      scadv10_cln65gp_rvt_ss_0p9v_125c
            OA22X0P5MA10TR
                      scadv10_cln65gp_rvt_ss_0p9v_125c
            OA211X0P5MA10TR
                      scadv10_cln65gp_rvt_ss_0p9v_125c
            OAI21BX0P5MA10TR
                      scadv10_cln65gp_rvt_ss_0p9v_125c
            OAI21X0P5MA10TR
                      scadv10_cln65gp_rvt_ss_0p9v_125c
            OAI21X0P7MA10TR
                      scadv10_cln65gp_rvt_ss_0p9v_125c
            OAI22X0P5MA10TR
                      scadv10_cln65gp_rvt_ss_0p9v_125c
            OAI22X0P7MA10TR
                      scadv10_cln65gp_rvt_ss_0p9v_125c
            OAI211X0P5MA10TR
                      scadv10_cln65gp_rvt_ss_0p9v_125c
            OAI211X0P7MA10TR
                      scadv10_cln65gp_rvt_ss_0p9v_125c
            OAI211X1MA10TR
                      scadv10_cln65gp_rvt_ss_0p9v_125c
            OAI211X1P4MA10TR
                      scadv10_cln65gp_rvt_ss_0p9v_125c
            OAI221X0P5MA10TR
                      scadv10_cln65gp_rvt_ss_0p9v_125c
            OAI222X0P5MA10TR
                      scadv10_cln65gp_rvt_ss_0p9v_125c
            OAI222X0P7MA10TR
                      scadv10_cln65gp_rvt_ss_0p9v_125c
            OR2X0P5MA10TR
                      scadv10_cln65gp_rvt_ss_0p9v_125c
            OR2X0P7MA10TR
                      scadv10_cln65gp_rvt_ss_0p9v_125c
            OR2X1MA10TR
                      scadv10_cln65gp_rvt_ss_0p9v_125c
            OR2X1P4MA10TR
                      scadv10_cln65gp_rvt_ss_0p9v_125c
            OR2X2MA10TR
                      scadv10_cln65gp_rvt_ss_0p9v_125c
            OR3X0P5MA10TR
                      scadv10_cln65gp_rvt_ss_0p9v_125c
            XNOR2X0P5MA10TR
                      scadv10_cln65gp_rvt_ss_0p9v_125c
            XOR2X0P5MA10TR
                      scadv10_cln65gp_rvt_ss_0p9v_125c
        vproc_lsu_00000020_00000003_00000008_00000004_1_0_I_xif_mem_if_vproc_xif_coproc_mem_X_ID_WIDTH_32_h00000003_X_MEM_WIDTH_32_h00000020I_xif_memres_if_vproc_xif_coproc_mem_result_X_ID_WIDTH_32_h00000003_X_MEM_WIDTH_32_h00000020
                            r
            ADDFX1MA10TR
                      scadv10_cln65gp_rvt_ss_0p9v_125c
            ADDHX1MA10TR
                      scadv10_cln65gp_rvt_ss_0p9v_125c
            AND2X3MA10TR
                      scadv10_cln65gp_rvt_ss_0p9v_125c
            AND3X1MA10TR
                      scadv10_cln65gp_rvt_ss_0p9v_125c
            AO21BX0P5MA10TR
                      scadv10_cln65gp_rvt_ss_0p9v_125c
            AO21X0P5MA10TR
                      scadv10_cln65gp_rvt_ss_0p9v_125c
            AO22X0P5MA10TR
                      scadv10_cln65gp_rvt_ss_0p9v_125c
            AOI2XB1X0P5MA10TR
                      scadv10_cln65gp_rvt_ss_0p9v_125c
            AOI21X0P5MA10TR
                      scadv10_cln65gp_rvt_ss_0p9v_125c
            AOI22X0P5MA10TR
                      scadv10_cln65gp_rvt_ss_0p9v_125c
            AOI31X0P5MA10TR
                      scadv10_cln65gp_rvt_ss_0p9v_125c
            AOI31X1P4MA10TR
                      scadv10_cln65gp_rvt_ss_0p9v_125c
            AOI32X0P5MA10TR
                      scadv10_cln65gp_rvt_ss_0p9v_125c
            AOI32X0P7MA10TR
                      scadv10_cln65gp_rvt_ss_0p9v_125c
            AOI32X1MA10TR
                      scadv10_cln65gp_rvt_ss_0p9v_125c
            AOI32X2MA10TR
                      scadv10_cln65gp_rvt_ss_0p9v_125c
            AOI211X0P5MA10TR
                      scadv10_cln65gp_rvt_ss_0p9v_125c
            AOI211X0P7MA10TR
                      scadv10_cln65gp_rvt_ss_0p9v_125c
            AOI211X2MA10TR
                      scadv10_cln65gp_rvt_ss_0p9v_125c
            AOI221X0P5MA10TR
                      scadv10_cln65gp_rvt_ss_0p9v_125c
            AOI222X0P5MA10TR
                      scadv10_cln65gp_rvt_ss_0p9v_125c
            BUFX0P8BA10TR
                      scadv10_cln65gp_rvt_ss_0p9v_125c
            BUFX1BA10TR
                      scadv10_cln65gp_rvt_ss_0p9v_125c
            BUFX1P4MA10TR
                      scadv10_cln65gp_rvt_ss_0p9v_125c
            BUFX1P7MA10TR
                      scadv10_cln65gp_rvt_ss_0p9v_125c
            BUFX2MA10TR
                      scadv10_cln65gp_rvt_ss_0p9v_125c
            BUFX2P5MA10TR
                      scadv10_cln65gp_rvt_ss_0p9v_125c
            BUFX3MA10TR
                      scadv10_cln65gp_rvt_ss_0p9v_125c
            DFFQX0P5MA10TR
                      scadv10_cln65gp_rvt_ss_0p9v_125c
            DFFQX1MA10TR
                      scadv10_cln65gp_rvt_ss_0p9v_125c
            INVX0P5MA10TR
                      scadv10_cln65gp_rvt_ss_0p9v_125c
            INVX0P6MA10TR
                      scadv10_cln65gp_rvt_ss_0p9v_125c
            INVX0P8BA10TR
                      scadv10_cln65gp_rvt_ss_0p9v_125c
            INVX1MA10TR
                      scadv10_cln65gp_rvt_ss_0p9v_125c
            INVX1P7BA10TR
                      scadv10_cln65gp_rvt_ss_0p9v_125c
            INVX2MA10TR
                      scadv10_cln65gp_rvt_ss_0p9v_125c
            INVX2P5BA10TR
                      scadv10_cln65gp_rvt_ss_0p9v_125c
            INVX3MA10TR
                      scadv10_cln65gp_rvt_ss_0p9v_125c
            INVX3P5MA10TR
                      scadv10_cln65gp_rvt_ss_0p9v_125c
            INVX4MA10TR
                      scadv10_cln65gp_rvt_ss_0p9v_125c
            MXT2X0P5MA10TR
                      scadv10_cln65gp_rvt_ss_0p9v_125c
            NAND2X0P5AA10TR
                      scadv10_cln65gp_rvt_ss_0p9v_125c
            NAND2X0P5BA10TR
                      scadv10_cln65gp_rvt_ss_0p9v_125c
            NAND2X0P7BA10TR
                      scadv10_cln65gp_rvt_ss_0p9v_125c
            NAND2X1AA10TR
                      scadv10_cln65gp_rvt_ss_0p9v_125c
            NAND2XBX0P5MA10TR
                      scadv10_cln65gp_rvt_ss_0p9v_125c
            NAND3X0P5MA10TR
                      scadv10_cln65gp_rvt_ss_0p9v_125c
            NAND3XXBX1MA10TR
                      scadv10_cln65gp_rvt_ss_0p9v_125c
            NAND4X0P5AA10TR
                      scadv10_cln65gp_rvt_ss_0p9v_125c
            NAND4X0P5MA10TR
                      scadv10_cln65gp_rvt_ss_0p9v_125c
            NAND4X0P7AA10TR
                      scadv10_cln65gp_rvt_ss_0p9v_125c
            NOR2BX1MA10TR
                      scadv10_cln65gp_rvt_ss_0p9v_125c
            NOR2BX1P4MA10TR
                      scadv10_cln65gp_rvt_ss_0p9v_125c
            NOR2X0P5MA10TR
                      scadv10_cln65gp_rvt_ss_0p9v_125c
            NOR2X0P7MA10TR
                      scadv10_cln65gp_rvt_ss_0p9v_125c
            NOR2X1P4MA10TR
                      scadv10_cln65gp_rvt_ss_0p9v_125c
            NOR2X2MA10TR
                      scadv10_cln65gp_rvt_ss_0p9v_125c
            NOR2XBX0P5MA10TR
                      scadv10_cln65gp_rvt_ss_0p9v_125c
            NOR3X0P5AA10TR
                      scadv10_cln65gp_rvt_ss_0p9v_125c
            NOR3X0P7MA10TR
                      scadv10_cln65gp_rvt_ss_0p9v_125c
            OA22X0P5MA10TR
                      scadv10_cln65gp_rvt_ss_0p9v_125c
            OAI2XB1X0P5MA10TR
                      scadv10_cln65gp_rvt_ss_0p9v_125c
            OAI21X0P5MA10TR
                      scadv10_cln65gp_rvt_ss_0p9v_125c
            OAI22X0P5MA10TR
                      scadv10_cln65gp_rvt_ss_0p9v_125c
            OAI211X0P5MA10TR
                      scadv10_cln65gp_rvt_ss_0p9v_125c
            OAI222X0P5MA10TR
                      scadv10_cln65gp_rvt_ss_0p9v_125c
            OR2X0P5MA10TR
                      scadv10_cln65gp_rvt_ss_0p9v_125c
            OR2X0P7MA10TR
                      scadv10_cln65gp_rvt_ss_0p9v_125c
            XNOR2X0P5MA10TR
                      scadv10_cln65gp_rvt_ss_0p9v_125c
            XOR2X0P5MA10TR
                      scadv10_cln65gp_rvt_ss_0p9v_125c
            XOR3X0P5MA10TR
                      scadv10_cln65gp_rvt_ss_0p9v_125c
        vproc_vregunpack_00000080_00000005_00000001_00000080_00000005_1_00000080_00000020_00000006_00000001_08_30_02_03_23_10_02_00000004_83_0
            AND2X0P7MA10TR
                      scadv10_cln65gp_rvt_ss_0p9v_125c
            AND2X1P4MA10TR
                      scadv10_cln65gp_rvt_ss_0p9v_125c
            AND2X2MA10TR
                      scadv10_cln65gp_rvt_ss_0p9v_125c
            AND2X3MA10TR
                      scadv10_cln65gp_rvt_ss_0p9v_125c
            AND2X4MA10TR
                      scadv10_cln65gp_rvt_ss_0p9v_125c
            AO1B2X0P7MA10TR
                      scadv10_cln65gp_rvt_ss_0p9v_125c
            AO21BX0P5MA10TR
                      scadv10_cln65gp_rvt_ss_0p9v_125c
            AO21X0P7MA10TR
                      scadv10_cln65gp_rvt_ss_0p9v_125c
            AO22X0P5MA10TR
                      scadv10_cln65gp_rvt_ss_0p9v_125c
            AOI21X0P5MA10TR
                      scadv10_cln65gp_rvt_ss_0p9v_125c
            AOI22X0P5MA10TR
                      scadv10_cln65gp_rvt_ss_0p9v_125c
            AOI31X0P5MA10TR
                      scadv10_cln65gp_rvt_ss_0p9v_125c
            AOI31X1MA10TR
                      scadv10_cln65gp_rvt_ss_0p9v_125c
            AOI32X0P5MA10TR
                      scadv10_cln65gp_rvt_ss_0p9v_125c
            AOI211X0P5MA10TR
                      scadv10_cln65gp_rvt_ss_0p9v_125c
            AOI222X0P5MA10TR
                      scadv10_cln65gp_rvt_ss_0p9v_125c
            BUFX0P8BA10TR
                      scadv10_cln65gp_rvt_ss_0p9v_125c
            BUFX1BA10TR
                      scadv10_cln65gp_rvt_ss_0p9v_125c
            BUFX1P2MA10TR
                      scadv10_cln65gp_rvt_ss_0p9v_125c
            BUFX1P4MA10TR
                      scadv10_cln65gp_rvt_ss_0p9v_125c
            BUFX1P7MA10TR
                      scadv10_cln65gp_rvt_ss_0p9v_125c
            BUFX2MA10TR
                      scadv10_cln65gp_rvt_ss_0p9v_125c
            BUFX3MA10TR
                      scadv10_cln65gp_rvt_ss_0p9v_125c
            BUFX3P5MA10TR
                      scadv10_cln65gp_rvt_ss_0p9v_125c
            BUFX4MA10TR
                      scadv10_cln65gp_rvt_ss_0p9v_125c
            BUFX5MA10TR
                      scadv10_cln65gp_rvt_ss_0p9v_125c
            BUFX6MA10TR
                      scadv10_cln65gp_rvt_ss_0p9v_125c
            BUFX7P5MA10TR
                      scadv10_cln65gp_rvt_ss_0p9v_125c
            DFFQX0P5MA10TR
                      scadv10_cln65gp_rvt_ss_0p9v_125c
            DFFQX1MA10TR
                      scadv10_cln65gp_rvt_ss_0p9v_125c
            EDFFQNX0P5MA10TR
                      scadv10_cln65gp_rvt_ss_0p9v_125c
            EDFFQX0P5MA10TR
                      scadv10_cln65gp_rvt_ss_0p9v_125c
            EDFFQX1MA10TR
                      scadv10_cln65gp_rvt_ss_0p9v_125c
            EDFFQX2MA10TR
                      scadv10_cln65gp_rvt_ss_0p9v_125c
            INVX0P5MA10TR
                      scadv10_cln65gp_rvt_ss_0p9v_125c
            INVX0P8BA10TR
                      scadv10_cln65gp_rvt_ss_0p9v_125c
            INVX1BA10TR
                      scadv10_cln65gp_rvt_ss_0p9v_125c
            INVX1P7BA10TR
                      scadv10_cln65gp_rvt_ss_0p9v_125c
            INVX2MA10TR
                      scadv10_cln65gp_rvt_ss_0p9v_125c
            INVX2P5BA10TR
                      scadv10_cln65gp_rvt_ss_0p9v_125c
            INVX3MA10TR
                      scadv10_cln65gp_rvt_ss_0p9v_125c
            INVX3P5MA10TR
                      scadv10_cln65gp_rvt_ss_0p9v_125c
            INVX4MA10TR
                      scadv10_cln65gp_rvt_ss_0p9v_125c
            INVX5MA10TR
                      scadv10_cln65gp_rvt_ss_0p9v_125c
            NAND2X0P5AA10TR
                      scadv10_cln65gp_rvt_ss_0p9v_125c
            NAND2X0P7AA10TR
                      scadv10_cln65gp_rvt_ss_0p9v_125c
            NAND2X0P7BA10TR
                      scadv10_cln65gp_rvt_ss_0p9v_125c
            NAND2X1AA10TR
                      scadv10_cln65gp_rvt_ss_0p9v_125c
            NAND2X1BA10TR
                      scadv10_cln65gp_rvt_ss_0p9v_125c
            NAND2X1P4AA10TR
                      scadv10_cln65gp_rvt_ss_0p9v_125c
            NAND2XBX0P5MA10TR
                      scadv10_cln65gp_rvt_ss_0p9v_125c
            NAND3BX0P7MA10TR
                      scadv10_cln65gp_rvt_ss_0p9v_125c
            NAND3X0P5MA10TR
                      scadv10_cln65gp_rvt_ss_0p9v_125c
            NAND3X0P7AA10TR
                      scadv10_cln65gp_rvt_ss_0p9v_125c
            NAND3X1AA10TR
                      scadv10_cln65gp_rvt_ss_0p9v_125c
            NAND3X1P4AA10TR
                      scadv10_cln65gp_rvt_ss_0p9v_125c
            NAND4X0P5MA10TR
                      scadv10_cln65gp_rvt_ss_0p9v_125c
            NOR2BX1P4MA10TR
                      scadv10_cln65gp_rvt_ss_0p9v_125c
            NOR2X0P5MA10TR
                      scadv10_cln65gp_rvt_ss_0p9v_125c
            NOR2X0P7MA10TR
                      scadv10_cln65gp_rvt_ss_0p9v_125c
            NOR2X1MA10TR
                      scadv10_cln65gp_rvt_ss_0p9v_125c
            NOR2X1P4MA10TR
                      scadv10_cln65gp_rvt_ss_0p9v_125c
            NOR2X2MA10TR
                      scadv10_cln65gp_rvt_ss_0p9v_125c
            NOR2X3MA10TR
                      scadv10_cln65gp_rvt_ss_0p9v_125c
            NOR2XBX0P7MA10TR
                      scadv10_cln65gp_rvt_ss_0p9v_125c
            NOR2XBX3MA10TR
                      scadv10_cln65gp_rvt_ss_0p9v_125c
            NOR3X0P7MA10TR
                      scadv10_cln65gp_rvt_ss_0p9v_125c
            NOR3X1MA10TR
                      scadv10_cln65gp_rvt_ss_0p9v_125c
            NOR3X3MA10TR
                      scadv10_cln65gp_rvt_ss_0p9v_125c
            OA22X0P5MA10TR
                      scadv10_cln65gp_rvt_ss_0p9v_125c
            OAI2XB1X0P5MA10TR
                      scadv10_cln65gp_rvt_ss_0p9v_125c
            OAI2XB1X1MA10TR
                      scadv10_cln65gp_rvt_ss_0p9v_125c
            OAI21X0P5MA10TR
                      scadv10_cln65gp_rvt_ss_0p9v_125c
            OAI21X1P4MA10TR
                      scadv10_cln65gp_rvt_ss_0p9v_125c
            OAI21X2MA10TR
                      scadv10_cln65gp_rvt_ss_0p9v_125c
            OAI22X0P5MA10TR
                      scadv10_cln65gp_rvt_ss_0p9v_125c
            OAI22X0P7MA10TR
                      scadv10_cln65gp_rvt_ss_0p9v_125c
            OAI211X0P5MA10TR
                      scadv10_cln65gp_rvt_ss_0p9v_125c
            OAI211X0P7MA10TR
                      scadv10_cln65gp_rvt_ss_0p9v_125c
            OAI211X1MA10TR
                      scadv10_cln65gp_rvt_ss_0p9v_125c
            OAI221X0P5MA10TR
                      scadv10_cln65gp_rvt_ss_0p9v_125c
            OAI222X0P5MA10TR
                      scadv10_cln65gp_rvt_ss_0p9v_125c
            OR2X0P5MA10TR
                      scadv10_cln65gp_rvt_ss_0p9v_125c
            OR2X0P7MA10TR
                      scadv10_cln65gp_rvt_ss_0p9v_125c
            OR2X2MA10TR
                      scadv10_cln65gp_rvt_ss_0p9v_125c
    vproc_vregfile_0_00000080_00000080_00000005_00000002_0000008000000080_00000001_00000080
        AND4X0P5MA10TR
                  scadv10_cln65gp_rvt_ss_0p9v_125c
        AOI22X0P5MA10TR
                  scadv10_cln65gp_rvt_ss_0p9v_125c
        BUFX0P8BA10TR
                  scadv10_cln65gp_rvt_ss_0p9v_125c
        BUFX1BA10TR
                  scadv10_cln65gp_rvt_ss_0p9v_125c
        BUFX1P4MA10TR
                  scadv10_cln65gp_rvt_ss_0p9v_125c
        BUFX1P7MA10TR
                  scadv10_cln65gp_rvt_ss_0p9v_125c
        BUFX2MA10TR
                  scadv10_cln65gp_rvt_ss_0p9v_125c
        BUFX2P5MA10TR
                  scadv10_cln65gp_rvt_ss_0p9v_125c
        BUFX3MA10TR
                  scadv10_cln65gp_rvt_ss_0p9v_125c
        BUFX3P5MA10TR
                  scadv10_cln65gp_rvt_ss_0p9v_125c
        BUFX4MA10TR
                  scadv10_cln65gp_rvt_ss_0p9v_125c
        BUFX5MA10TR
                  scadv10_cln65gp_rvt_ss_0p9v_125c
        BUFX6MA10TR
                  scadv10_cln65gp_rvt_ss_0p9v_125c
        BUFX11MA10TR
                  scadv10_cln65gp_rvt_ss_0p9v_125c
        DFFQX0P5MA10TR
                  scadv10_cln65gp_rvt_ss_0p9v_125c
        INVX0P5MA10TR
                  scadv10_cln65gp_rvt_ss_0p9v_125c
        INVX0P8BA10TR
                  scadv10_cln65gp_rvt_ss_0p9v_125c
        INVX1P7BA10TR
                  scadv10_cln65gp_rvt_ss_0p9v_125c
        NAND2X0P5AA10TR
                  scadv10_cln65gp_rvt_ss_0p9v_125c
        NAND2X0P7BA10TR
                  scadv10_cln65gp_rvt_ss_0p9v_125c
        NAND2X1AA10TR
                  scadv10_cln65gp_rvt_ss_0p9v_125c
        NAND2X1BA10TR
                  scadv10_cln65gp_rvt_ss_0p9v_125c
        NAND2X1P4AA10TR
                  scadv10_cln65gp_rvt_ss_0p9v_125c
        NAND2X1P4BA10TR
                  scadv10_cln65gp_rvt_ss_0p9v_125c
        NAND2X2MA10TR
                  scadv10_cln65gp_rvt_ss_0p9v_125c
        NAND2X3AA10TR
                  scadv10_cln65gp_rvt_ss_0p9v_125c
        NAND2X4AA10TR
                  scadv10_cln65gp_rvt_ss_0p9v_125c
        NAND3X0P5AA10TR
                  scadv10_cln65gp_rvt_ss_0p9v_125c
        NAND4X0P5MA10TR
                  scadv10_cln65gp_rvt_ss_0p9v_125c
        NOR2X0P5MA10TR
                  scadv10_cln65gp_rvt_ss_0p9v_125c
        NOR2X0P7MA10TR
                  scadv10_cln65gp_rvt_ss_0p9v_125c
        NOR2X1MA10TR
                  scadv10_cln65gp_rvt_ss_0p9v_125c
        NOR2X1P4MA10TR
                  scadv10_cln65gp_rvt_ss_0p9v_125c
        NOR2X2MA10TR
                  scadv10_cln65gp_rvt_ss_0p9v_125c
        NOR2X3MA10TR
                  scadv10_cln65gp_rvt_ss_0p9v_125c
        NOR2XBX0P5MA10TR
                  scadv10_cln65gp_rvt_ss_0p9v_125c
        NOR3X0P5AA10TR
                  scadv10_cln65gp_rvt_ss_0p9v_125c
        NOR3X1MA10TR
                  scadv10_cln65gp_rvt_ss_0p9v_125c
        NOR3X1P4MA10TR
                  scadv10_cln65gp_rvt_ss_0p9v_125c
        OA22X0P5MA10TR
                  scadv10_cln65gp_rvt_ss_0p9v_125c
        OR2X0P5MA10TR
                  scadv10_cln65gp_rvt_ss_0p9v_125c
        OR2X0P7MA10TR
                  scadv10_cln65gp_rvt_ss_0p9v_125c
1
