###############################################
#                                             #
#  Silicon Perspective, A Cadence Company     #
#  Innovus ECO/IPO Delta file                 #
#                                             #
###############################################
# Created on Fri Dec  9 00:34:24 2022


FORMATVERSION 2

START_HECO
CREATE_INST LTIEHI TIEHIX1MA10TR
CREATE_NET LTIEHI_NET
CONNECT_NET LTIEHI_NET LTIEHI/Y
END_HECO # 0
# ATTACHTERM  vproc_top_v_core_genblk9_0__pipe_genblk2_pipeline/R_13926 D LTIEHI_NET 
START_HECO
CURRENT_INST vproc_top_v_core_genblk9_0__pipe_genblk2_pipeline
CREATE_PORT 1
  LTIEHI_NET INPUT
DISCONNECT R_13926/D
CONNECT_NET LTIEHI_NET R_13926/D
CURRENT_INST 
CONNECT_NET LTIEHI_NET vproc_top_v_core_genblk9_0__pipe_genblk2_pipeline/LTIEHI_NET
END_HECO # 0
START_HECO
CURRENT_INST vproc_top_v_core_genblk9_0__pipe_genblk2_pipeline
DISCONNECT R_13984/D
CONNECT_NET LTIEHI_NET R_13984/D
DISCONNECT R_13930/D
CONNECT_NET LTIEHI_NET R_13930/D
DISCONNECT R_15862/D
CONNECT_NET LTIEHI_NET R_15862/D
DISCONNECT R_13922/D
CONNECT_NET LTIEHI_NET R_13922/D
DISCONNECT R_13855/D
CONNECT_NET LTIEHI_NET R_13855/D
DISCONNECT R_16422/D
CONNECT_NET LTIEHI_NET R_16422/D
DISCONNECT R_16394/D
CONNECT_NET LTIEHI_NET R_16394/D
DISCONNECT R_32707/D
CONNECT_NET LTIEHI_NET R_32707/D
DISCONNECT R_16012/D
CONNECT_NET LTIEHI_NET R_16012/D
DISCONNECT R_32704/D
CONNECT_NET LTIEHI_NET R_32704/D
DISCONNECT R_32706/D
CONNECT_NET LTIEHI_NET R_32706/D
DISCONNECT R_16075/D
CONNECT_NET LTIEHI_NET R_16075/D
DISCONNECT R_7487/D
CONNECT_NET LTIEHI_NET R_7487/D
DISCONNECT R_16416/D
CONNECT_NET LTIEHI_NET R_16416/D
DISCONNECT R_15960/D
CONNECT_NET LTIEHI_NET R_15960/D
DISCONNECT R_8589/D
CONNECT_NET LTIEHI_NET R_8589/D
DISCONNECT R_32662/D
CONNECT_NET LTIEHI_NET R_32662/D
DISCONNECT R_32669/D
CONNECT_NET LTIEHI_NET R_32669/D
DISCONNECT R_32710/D
CONNECT_NET LTIEHI_NET R_32710/D
DISCONNECT R_32661/D
CONNECT_NET LTIEHI_NET R_32661/D
DISCONNECT U4412/A0
CONNECT_NET LTIEHI_NET U4412/A0
DISCONNECT U4675/B
CONNECT_NET LTIEHI_NET U4675/B
DISCONNECT R_31989/D
CONNECT_NET LTIEHI_NET R_31989/D
DISCONNECT U4688/B
CONNECT_NET LTIEHI_NET U4688/B
DISCONNECT R_9240/D
CONNECT_NET LTIEHI_NET R_9240/D
DISCONNECT U4737/B
CONNECT_NET LTIEHI_NET U4737/B
DISCONNECT U4373/A0
CONNECT_NET LTIEHI_NET U4373/A0
DISCONNECT U4374/A
CONNECT_NET LTIEHI_NET U4374/A
DISCONNECT R_8844/D
CONNECT_NET LTIEHI_NET R_8844/D
DISCONNECT U4413/A
CONNECT_NET LTIEHI_NET U4413/A
DISCONNECT U4678/B
CONNECT_NET LTIEHI_NET U4678/B
DISCONNECT U4689/B
CONNECT_NET LTIEHI_NET U4689/B
DISCONNECT U4408/A1
CONNECT_NET LTIEHI_NET U4408/A1
DISCONNECT U4648/B0
CONNECT_NET LTIEHI_NET U4648/B0
DISCONNECT U4661/B
CONNECT_NET LTIEHI_NET U4661/B
DISCONNECT U4712/B
CONNECT_NET LTIEHI_NET U4712/B
DISCONNECT U4735/B
CONNECT_NET LTIEHI_NET U4735/B
DISCONNECT U4742/B
CONNECT_NET LTIEHI_NET U4742/B
DISCONNECT U4730/B
CONNECT_NET LTIEHI_NET U4730/B
DISCONNECT U4673/B
CONNECT_NET LTIEHI_NET U4673/B
DISCONNECT U4702/B
CONNECT_NET LTIEHI_NET U4702/B
DISCONNECT R_31973/D
CONNECT_NET LTIEHI_NET R_31973/D
DISCONNECT U4607/B
CONNECT_NET LTIEHI_NET U4607/B
DISCONNECT R_8904/D
CONNECT_NET LTIEHI_NET R_8904/D
DISCONNECT R_9293/D
CONNECT_NET LTIEHI_NET R_9293/D
DISCONNECT R_31988/D
CONNECT_NET LTIEHI_NET R_31988/D
DISCONNECT U4707/B
CONNECT_NET LTIEHI_NET U4707/B
DISCONNECT U4750/B
CONNECT_NET LTIEHI_NET U4750/B
DISCONNECT U4736/B
CONNECT_NET LTIEHI_NET U4736/B
DISCONNECT U3393/A0
CONNECT_NET LTIEHI_NET U3393/A0
DISCONNECT U4410/A1
CONNECT_NET LTIEHI_NET U4410/A1
DISCONNECT U3405/A
CONNECT_NET LTIEHI_NET U3405/A
DISCONNECT U4674/B
CONNECT_NET LTIEHI_NET U4674/B
DISCONNECT U4701/B
CONNECT_NET LTIEHI_NET U4701/B
DISCONNECT R_31987/D
CONNECT_NET LTIEHI_NET R_31987/D
DISCONNECT U4409/B
CONNECT_NET LTIEHI_NET U4409/B
DISCONNECT U4594/B
CONNECT_NET LTIEHI_NET U4594/B
DISCONNECT R_31974/D
CONNECT_NET LTIEHI_NET R_31974/D
DISCONNECT U4637/B
CONNECT_NET LTIEHI_NET U4637/B
DISCONNECT U4710/B
CONNECT_NET LTIEHI_NET U4710/B
DISCONNECT R_31959/D
CONNECT_NET LTIEHI_NET R_31959/D
DISCONNECT R_8879/D
CONNECT_NET LTIEHI_NET R_8879/D
DISCONNECT U4729/B
CONNECT_NET LTIEHI_NET U4729/B
DISCONNECT U4621/B
CONNECT_NET LTIEHI_NET U4621/B
DISCONNECT U4671/B
CONNECT_NET LTIEHI_NET U4671/B
DISCONNECT U4771/B
CONNECT_NET LTIEHI_NET U4771/B
DISCONNECT R_32703/D
CONNECT_NET LTIEHI_NET R_32703/D
DISCONNECT U4606/B
CONNECT_NET LTIEHI_NET U4606/B
DISCONNECT R_31958/D
CONNECT_NET LTIEHI_NET R_31958/D
DISCONNECT U4746/B
CONNECT_NET LTIEHI_NET U4746/B
DISCONNECT R_32684/D
CONNECT_NET LTIEHI_NET R_32684/D
DISCONNECT R_32685/D
CONNECT_NET LTIEHI_NET R_32685/D
DISCONNECT U4802/B
CONNECT_NET LTIEHI_NET U4802/B
DISCONNECT U4700/B
CONNECT_NET LTIEHI_NET U4700/B
DISCONNECT R_9341/D
CONNECT_NET LTIEHI_NET R_9341/D
DISCONNECT R_32675/D
CONNECT_NET LTIEHI_NET R_32675/D
DISCONNECT U4396/A0
CONNECT_NET LTIEHI_NET U4396/A0
DISCONNECT R_32712/D
CONNECT_NET LTIEHI_NET R_32712/D
DISCONNECT R_32676/D
CONNECT_NET LTIEHI_NET R_32676/D
DISCONNECT R_32697/D
CONNECT_NET LTIEHI_NET R_32697/D
DISCONNECT U4605/B
CONNECT_NET LTIEHI_NET U4605/B
DISCONNECT R_32668/D
CONNECT_NET LTIEHI_NET R_32668/D
DISCONNECT U4397/A1
CONNECT_NET LTIEHI_NET U4397/A1
DISCONNECT U4788/B
CONNECT_NET LTIEHI_NET U4788/B
DISCONNECT U4630/B
CONNECT_NET LTIEHI_NET U4630/B
DISCONNECT U4732/B
CONNECT_NET LTIEHI_NET U4732/B
DISCONNECT U4778/B
CONNECT_NET LTIEHI_NET U4778/B
DISCONNECT R_32674/D
CONNECT_NET LTIEHI_NET R_32674/D
DISCONNECT R_32713/D
CONNECT_NET LTIEHI_NET R_32713/D
DISCONNECT U4669/B
CONNECT_NET LTIEHI_NET U4669/B
DISCONNECT U4767/B
CONNECT_NET LTIEHI_NET U4767/B
DISCONNECT U4765/A1
CONNECT_NET LTIEHI_NET U4765/A1
DISCONNECT R_31984/D
CONNECT_NET LTIEHI_NET R_31984/D
DISCONNECT R_32698/D
CONNECT_NET LTIEHI_NET R_32698/D
DISCONNECT U4663/B
CONNECT_NET LTIEHI_NET U4663/B
DISCONNECT U4696/B
CONNECT_NET LTIEHI_NET U4696/B
DISCONNECT R_13868/D
CONNECT_NET LTIEHI_NET R_13868/D
DISCONNECT U1337/B0
CONNECT_NET LTIEHI_NET U1337/B0
DISCONNECT U4680/A0
CONNECT_NET LTIEHI_NET U4680/A0
DISCONNECT R_13684/D
CONNECT_NET LTIEHI_NET R_13684/D
DISCONNECT R_13907/D
CONNECT_NET LTIEHI_NET R_13907/D
DISCONNECT U4380/A1
CONNECT_NET LTIEHI_NET U4380/A1
DISCONNECT U4604/B
CONNECT_NET LTIEHI_NET U4604/B
DISCONNECT U4629/B
CONNECT_NET LTIEHI_NET U4629/B
DISCONNECT U4708/B
CONNECT_NET LTIEHI_NET U4708/B
DISCONNECT U4643/A
CONNECT_NET LTIEHI_NET U4643/A
DISCONNECT U4799/B
CONNECT_NET LTIEHI_NET U4799/B
DISCONNECT U4404/A1
CONNECT_NET LTIEHI_NET U4404/A1
DISCONNECT U4378/A1
CONNECT_NET LTIEHI_NET U4378/A1
DISCONNECT U4403/A0
CONNECT_NET LTIEHI_NET U4403/A0
DISCONNECT U4652/B
CONNECT_NET LTIEHI_NET U4652/B
DISCONNECT U4761/B
CONNECT_NET LTIEHI_NET U4761/B
DISCONNECT U4781/B
CONNECT_NET LTIEHI_NET U4781/B
DISCONNECT U4751/B
CONNECT_NET LTIEHI_NET U4751/B
DISCONNECT U4756/B
CONNECT_NET LTIEHI_NET U4756/B
DISCONNECT U4615/A
CONNECT_NET LTIEHI_NET U4615/A
DISCONNECT U4745/B
CONNECT_NET LTIEHI_NET U4745/B
DISCONNECT U4698/B
CONNECT_NET LTIEHI_NET U4698/B
DISCONNECT U4379/A0
CONNECT_NET LTIEHI_NET U4379/A0
DISCONNECT U4768/B
CONNECT_NET LTIEHI_NET U4768/B
DISCONNECT U4666/B
CONNECT_NET LTIEHI_NET U4666/B
DISCONNECT U4697/B
CONNECT_NET LTIEHI_NET U4697/B
DISCONNECT U4690/B
CONNECT_NET LTIEHI_NET U4690/B
DISCONNECT U4401/A0
CONNECT_NET LTIEHI_NET U4401/A0
DISCONNECT R_13911/D
CONNECT_NET LTIEHI_NET R_13911/D
DISCONNECT U4790/A0
CONNECT_NET LTIEHI_NET U4790/A0
DISCONNECT R_31821/D
CONNECT_NET LTIEHI_NET R_31821/D
DISCONNECT U4672/B
CONNECT_NET LTIEHI_NET U4672/B
DISCONNECT U4402/A
CONNECT_NET LTIEHI_NET U4402/A
DISCONNECT U4628/B
CONNECT_NET LTIEHI_NET U4628/B
DISCONNECT U4377/A1
CONNECT_NET LTIEHI_NET U4377/A1
DISCONNECT U3383/B
CONNECT_NET LTIEHI_NET U3383/B
DISCONNECT U4731/B
CONNECT_NET LTIEHI_NET U4731/B
DISCONNECT U4400/A1
CONNECT_NET LTIEHI_NET U4400/A1
DISCONNECT U4686/B
CONNECT_NET LTIEHI_NET U4686/B
DISCONNECT R_31971/D
CONNECT_NET LTIEHI_NET R_31971/D
DISCONNECT U4664/B
CONNECT_NET LTIEHI_NET U4664/B
DISCONNECT U4719/B
CONNECT_NET LTIEHI_NET U4719/B
DISCONNECT U4593/B
CONNECT_NET LTIEHI_NET U4593/B
DISCONNECT R_31972/D
CONNECT_NET LTIEHI_NET R_31972/D
DISCONNECT R_31986/D
CONNECT_NET LTIEHI_NET R_31986/D
DISCONNECT R_31985/D
CONNECT_NET LTIEHI_NET R_31985/D
DISCONNECT U4789/A
CONNECT_NET LTIEHI_NET U4789/A
DISCONNECT R_31956/D
CONNECT_NET LTIEHI_NET R_31956/D
DISCONNECT U4376/A1
CONNECT_NET LTIEHI_NET U4376/A1
DISCONNECT U4627/B
CONNECT_NET LTIEHI_NET U4627/B
DISCONNECT U3089/A1
CONNECT_NET LTIEHI_NET U3089/A1
DISCONNECT U4405/A0
CONNECT_NET LTIEHI_NET U4405/A0
DISCONNECT U2764/B
CONNECT_NET LTIEHI_NET U2764/B
DISCONNECT U4406/A
CONNECT_NET LTIEHI_NET U4406/A
DISCONNECT U4592/B
CONNECT_NET LTIEHI_NET U4592/B
DISCONNECT U2752/B
CONNECT_NET LTIEHI_NET U2752/B
DISCONNECT U4759/B
CONNECT_NET LTIEHI_NET U4759/B
DISCONNECT U4803/B
CONNECT_NET LTIEHI_NET U4803/B
DISCONNECT R_31957/D
CONNECT_NET LTIEHI_NET R_31957/D
DISCONNECT U4687/B
CONNECT_NET LTIEHI_NET U4687/B
DISCONNECT U4691/B
CONNECT_NET LTIEHI_NET U4691/B
DISCONNECT U4760/B
CONNECT_NET LTIEHI_NET U4760/B
DISCONNECT U4399/A0
CONNECT_NET LTIEHI_NET U4399/A0
DISCONNECT U4624/B
CONNECT_NET LTIEHI_NET U4624/B
DISCONNECT U4644/A
CONNECT_NET LTIEHI_NET U4644/A
DISCONNECT U4699/B
CONNECT_NET LTIEHI_NET U4699/B
DISCONNECT U4679/B
CONNECT_NET LTIEHI_NET U4679/B
DISCONNECT U4739/B
CONNECT_NET LTIEHI_NET U4739/B
DISCONNECT U4770/B
CONNECT_NET LTIEHI_NET U4770/B
DISCONNECT U4407/A1
CONNECT_NET LTIEHI_NET U4407/A1
DISCONNECT U4642/A1
CONNECT_NET LTIEHI_NET U4642/A1
DISCONNECT U4395/B
CONNECT_NET LTIEHI_NET U4395/B
DISCONNECT U4375/B
CONNECT_NET LTIEHI_NET U4375/B
DISCONNECT U4670/B
CONNECT_NET LTIEHI_NET U4670/B
DISCONNECT U4390/A0
CONNECT_NET LTIEHI_NET U4390/A0
DISCONNECT U4795/B
CONNECT_NET LTIEHI_NET U4795/B
DISCONNECT R_18677/D
CONNECT_NET LTIEHI_NET R_18677/D
DISCONNECT R_13915/D
CONNECT_NET LTIEHI_NET R_13915/D
DISCONNECT U4391/B
CONNECT_NET LTIEHI_NET U4391/B
DISCONNECT U2749/B
CONNECT_NET LTIEHI_NET U2749/B
DISCONNECT R_18642/D
CONNECT_NET LTIEHI_NET R_18642/D
DISCONNECT U4727/B
CONNECT_NET LTIEHI_NET U4727/B
DISCONNECT U4725/B
CONNECT_NET LTIEHI_NET U4725/B
DISCONNECT U4582/A1
CONNECT_NET LTIEHI_NET U4582/A1
DISCONNECT U4726/B
CONNECT_NET LTIEHI_NET U4726/B
DISCONNECT U4398/A1
CONNECT_NET LTIEHI_NET U4398/A1
DISCONNECT U4602/B
CONNECT_NET LTIEHI_NET U4602/B
DISCONNECT U4809/A0
CONNECT_NET LTIEHI_NET U4809/A0
DISCONNECT U4454/B0
CONNECT_NET LTIEHI_NET U4454/B0
DISCONNECT U4389/A0
CONNECT_NET LTIEHI_NET U4389/A0
DISCONNECT U4603/B
CONNECT_NET LTIEHI_NET U4603/B
DISCONNECT U2901/A
CONNECT_NET LTIEHI_NET U2901/A
DISCONNECT U4718/A0
CONNECT_NET LTIEHI_NET U4718/A0
DISCONNECT U4804/B
CONNECT_NET LTIEHI_NET U4804/B
DISCONNECT U4384/A0
CONNECT_NET LTIEHI_NET U4384/A0
DISCONNECT U4456/B0
CONNECT_NET LTIEHI_NET U4456/B0
DISCONNECT U4382/A1
CONNECT_NET LTIEHI_NET U4382/A1
DISCONNECT U4800/B
CONNECT_NET LTIEHI_NET U4800/B
DISCONNECT U4383/B
CONNECT_NET LTIEHI_NET U4383/B
DISCONNECT U4625/A
CONNECT_NET LTIEHI_NET U4625/A
DISCONNECT U4385/B
CONNECT_NET LTIEHI_NET U4385/B
DISCONNECT U4581/A1
CONNECT_NET LTIEHI_NET U4581/A1
DISCONNECT U4665/A
CONNECT_NET LTIEHI_NET U4665/A
DISCONNECT U4386/A
CONNECT_NET LTIEHI_NET U4386/A
DISCONNECT R_31706/D
CONNECT_NET LTIEHI_NET R_31706/D
DISCONNECT U4722/B
CONNECT_NET LTIEHI_NET U4722/B
DISCONNECT U4801/B
CONNECT_NET LTIEHI_NET U4801/B
DISCONNECT U4758/B
CONNECT_NET LTIEHI_NET U4758/B
DISCONNECT U4393/A1
CONNECT_NET LTIEHI_NET U4393/A1
DISCONNECT U4620/B
CONNECT_NET LTIEHI_NET U4620/B
DISCONNECT U4392/A1
CONNECT_NET LTIEHI_NET U4392/A1
DISCONNECT R_32683/D
CONNECT_NET LTIEHI_NET R_32683/D
DISCONNECT U780/B
CONNECT_NET LTIEHI_NET U780/B
DISCONNECT U2871/A
CONNECT_NET LTIEHI_NET U2871/A
DISCONNECT U4394/B
CONNECT_NET LTIEHI_NET U4394/B
DISCONNECT U4797/A
CONNECT_NET LTIEHI_NET U4797/A
DISCONNECT R_31684/D
CONNECT_NET LTIEHI_NET R_31684/D
DISCONNECT U4381/A
CONNECT_NET LTIEHI_NET U4381/A
DISCONNECT U4411/B
CONNECT_NET LTIEHI_NET U4411/B
DISCONNECT U4411/A
CONNECT_NET LTIEHI_NET U4411/A
DISCONNECT R_31683/D
CONNECT_NET LTIEHI_NET R_31683/D
DISCONNECT R_32715/D
CONNECT_NET LTIEHI_NET R_32715/D
DISCONNECT R_18626/D
CONNECT_NET LTIEHI_NET R_18626/D
DISCONNECT R_18644/D
CONNECT_NET LTIEHI_NET R_18644/D
DISCONNECT R_31707/D
CONNECT_NET LTIEHI_NET R_31707/D
DISCONNECT U4798/B
CONNECT_NET LTIEHI_NET U4798/B
DISCONNECT U4372/B
CONNECT_NET LTIEHI_NET U4372/B
DISCONNECT U4372/A
CONNECT_NET LTIEHI_NET U4372/A
DISCONNECT U4580/A0N
CONNECT_NET LTIEHI_NET U4580/A0N
DISCONNECT U4780/B
CONNECT_NET LTIEHI_NET U4780/B
DISCONNECT R_31660/D
CONNECT_NET LTIEHI_NET R_31660/D
DISCONNECT R_31661/D
CONNECT_NET LTIEHI_NET R_31661/D
DISCONNECT R_31708/D
CONNECT_NET LTIEHI_NET R_31708/D
DISCONNECT U4387/A
CONNECT_NET LTIEHI_NET U4387/A
DISCONNECT U4388/A
CONNECT_NET LTIEHI_NET U4388/A
DISCONNECT R_31899/D
CONNECT_NET LTIEHI_NET R_31899/D
DISCONNECT U4626/B
CONNECT_NET LTIEHI_NET U4626/B
DISCONNECT U4425/B0
CONNECT_NET LTIEHI_NET U4425/B0
DISCONNECT U4579/B
CONNECT_NET LTIEHI_NET U4579/B
DISCONNECT U4591/B
CONNECT_NET LTIEHI_NET U4591/B
DISCONNECT U4757/B
CONNECT_NET LTIEHI_NET U4757/B
DISCONNECT U4339/A1
CONNECT_NET LTIEHI_NET U4339/A1
DISCONNECT U4426/B0
CONNECT_NET LTIEHI_NET U4426/B0
DISCONNECT U4613/A0
CONNECT_NET LTIEHI_NET U4613/A0
DISCONNECT U4455/B0
CONNECT_NET LTIEHI_NET U4455/B0
DISCONNECT U4681/A0
CONNECT_NET LTIEHI_NET U4681/A0
DISCONNECT U4453/B0
CONNECT_NET LTIEHI_NET U4453/B0
DISCONNECT U4423/B0
CONNECT_NET LTIEHI_NET U4423/B0
DISCONNECT U4682/A
CONNECT_NET LTIEHI_NET U4682/A
DISCONNECT U4444/B0
CONNECT_NET LTIEHI_NET U4444/B0
DISCONNECT U4424/A
CONNECT_NET LTIEHI_NET U4424/A
DISCONNECT U4341/A0
CONNECT_NET LTIEHI_NET U4341/A0
DISCONNECT U4417/B
CONNECT_NET LTIEHI_NET U4417/B
DISCONNECT U4779/B
CONNECT_NET LTIEHI_NET U4779/B
DISCONNECT U4340/A
CONNECT_NET LTIEHI_NET U4340/A
DISCONNECT U2695/A0
CONNECT_NET LTIEHI_NET U2695/A0
DISCONNECT U4571/A1
CONNECT_NET LTIEHI_NET U4571/A1
DISCONNECT U4570/B0N
CONNECT_NET LTIEHI_NET U4570/B0N
DISCONNECT U3453/D
CONNECT_NET LTIEHI_NET U3453/D
DISCONNECT U4433/B0
CONNECT_NET LTIEHI_NET U4433/B0
DISCONNECT U4435/B0
CONNECT_NET LTIEHI_NET U4435/B0
DISCONNECT U3453/C
CONNECT_NET LTIEHI_NET U3453/C
DISCONNECT U4574/A1
CONNECT_NET LTIEHI_NET U4574/A1
DISCONNECT U4437/B0
CONNECT_NET LTIEHI_NET U4437/B0
DISCONNECT U4439/B0
CONNECT_NET LTIEHI_NET U4439/B0
DISCONNECT U4445/B0
CONNECT_NET LTIEHI_NET U4445/B0
DISCONNECT U4447/B0
CONNECT_NET LTIEHI_NET U4447/B0
DISCONNECT U4573/B0N
CONNECT_NET LTIEHI_NET U4573/B0N
DISCONNECT U4457/B0
CONNECT_NET LTIEHI_NET U4457/B0
DISCONNECT U4808/A
CONNECT_NET LTIEHI_NET U4808/A
DISCONNECT U564/B0
CONNECT_NET LTIEHI_NET U564/B0
DISCONNECT U4418/B
CONNECT_NET LTIEHI_NET U4418/B
DISCONNECT U73/B0
CONNECT_NET LTIEHI_NET U73/B0
DISCONNECT U4420/B0
CONNECT_NET LTIEHI_NET U4420/B0
DISCONNECT U563/B0
CONNECT_NET LTIEHI_NET U563/B0
DISCONNECT U561/B0
CONNECT_NET LTIEHI_NET U561/B0
DISCONNECT U2322/A1
CONNECT_NET LTIEHI_NET U2322/A1
DISCONNECT U560/B0
CONNECT_NET LTIEHI_NET U560/B0
DISCONNECT U4422/B0
CONNECT_NET LTIEHI_NET U4422/B0
DISCONNECT U4807/D
CONNECT_NET LTIEHI_NET U4807/D
DISCONNECT U553/B0
CONNECT_NET LTIEHI_NET U553/B0
DISCONNECT U4443/B0
CONNECT_NET LTIEHI_NET U4443/B0
DISCONNECT U4442/B
CONNECT_NET LTIEHI_NET U4442/B
DISCONNECT U368/D
CONNECT_NET LTIEHI_NET U368/D
DISCONNECT U4430/B0
CONNECT_NET LTIEHI_NET U4430/B0
DISCONNECT U368/C
CONNECT_NET LTIEHI_NET U368/C
DISCONNECT U4649/A1
CONNECT_NET LTIEHI_NET U4649/A1
DISCONNECT U2432/B
CONNECT_NET LTIEHI_NET U2432/B
DISCONNECT U4416/B0
CONNECT_NET LTIEHI_NET U4416/B0
DISCONNECT U4458/B0
CONNECT_NET LTIEHI_NET U4458/B0
DISCONNECT U4419/A1
CONNECT_NET LTIEHI_NET U4419/A1
DISCONNECT U4432/B0
CONNECT_NET LTIEHI_NET U4432/B0
DISCONNECT U4441/B
CONNECT_NET LTIEHI_NET U4441/B
DISCONNECT U4451/B0
CONNECT_NET LTIEHI_NET U4451/B0
DISCONNECT U4033/B
CONNECT_NET LTIEHI_NET U4033/B
DISCONNECT R_25753/D
CONNECT_NET LTIEHI_NET R_25753/D
DISCONNECT R_31912/D
CONNECT_NET LTIEHI_NET R_31912/D
DISCONNECT R_25752/D
CONNECT_NET LTIEHI_NET R_25752/D
DISCONNECT U4414/B0
CONNECT_NET LTIEHI_NET U4414/B0
DISCONNECT U4415/B0
CONNECT_NET LTIEHI_NET U4415/B0
DISCONNECT U4370/B
CONNECT_NET LTIEHI_NET U4370/B
DISCONNECT U4459/B0
CONNECT_NET LTIEHI_NET U4459/B0
DISCONNECT U4421/B0
CONNECT_NET LTIEHI_NET U4421/B0
DISCONNECT U4431/B0
CONNECT_NET LTIEHI_NET U4431/B0
DISCONNECT U4576/B
CONNECT_NET LTIEHI_NET U4576/B
DISCONNECT U4428/B0
CONNECT_NET LTIEHI_NET U4428/B0
DISCONNECT U4450/B0
CONNECT_NET LTIEHI_NET U4450/B0
DISCONNECT U4429/B0
CONNECT_NET LTIEHI_NET U4429/B0
DISCONNECT U4427/B0
CONNECT_NET LTIEHI_NET U4427/B0
DISCONNECT U4448/B0
CONNECT_NET LTIEHI_NET U4448/B0
DISCONNECT U4446/B0
CONNECT_NET LTIEHI_NET U4446/B0
DISCONNECT U4449/B0
CONNECT_NET LTIEHI_NET U4449/B0
DISCONNECT R_25644/D
CONNECT_NET LTIEHI_NET R_25644/D
DISCONNECT U4434/B0
CONNECT_NET LTIEHI_NET U4434/B0
DISCONNECT U4438/B0
CONNECT_NET LTIEHI_NET U4438/B0
DISCONNECT U4452/B0
CONNECT_NET LTIEHI_NET U4452/B0
DISCONNECT U4436/B0
CONNECT_NET LTIEHI_NET U4436/B0
DISCONNECT U4440/B0
CONNECT_NET LTIEHI_NET U4440/B0
DISCONNECT U4572/B0N
CONNECT_NET LTIEHI_NET U4572/B0N
DISCONNECT U4578/A1
CONNECT_NET LTIEHI_NET U4578/A1
DISCONNECT R_32708/D
CONNECT_NET LTIEHI_NET R_32708/D
DISCONNECT R_12735/D
CONNECT_NET LTIEHI_NET R_12735/D
DISCONNECT R_12721/D
CONNECT_NET LTIEHI_NET R_12721/D
DISCONNECT R_12659/D
CONNECT_NET LTIEHI_NET R_12659/D
DISCONNECT R_12727/D
CONNECT_NET LTIEHI_NET R_12727/D
DISCONNECT U4575/B0N
CONNECT_NET LTIEHI_NET U4575/B0N
DISCONNECT R_31911/D
CONNECT_NET LTIEHI_NET R_31911/D
DISCONNECT R_32736/D
CONNECT_NET LTIEHI_NET R_32736/D
DISCONNECT R_31887/D
CONNECT_NET LTIEHI_NET R_31887/D
DISCONNECT U4577/A1
CONNECT_NET LTIEHI_NET U4577/A1
DISCONNECT R_31900/D
CONNECT_NET LTIEHI_NET R_31900/D
DISCONNECT R_31908/D
CONNECT_NET LTIEHI_NET R_31908/D
DISCONNECT R_25955/D
CONNECT_NET LTIEHI_NET R_25955/D
DISCONNECT R_31909/D
CONNECT_NET LTIEHI_NET R_31909/D
DISCONNECT R_31910/D
CONNECT_NET LTIEHI_NET R_31910/D
DISCONNECT R_3784/D
CONNECT_NET LTIEHI_NET R_3784/D
DISCONNECT R_32705/D
CONNECT_NET LTIEHI_NET R_32705/D
DISCONNECT R_31886/D
CONNECT_NET LTIEHI_NET R_31886/D
DISCONNECT R_32702/D
CONNECT_NET LTIEHI_NET R_32702/D
DISCONNECT R_31814/D
CONNECT_NET LTIEHI_NET R_31814/D
DISCONNECT R_31898/D
CONNECT_NET LTIEHI_NET R_31898/D
DISCONNECT R_4027/D
CONNECT_NET LTIEHI_NET R_4027/D
DISCONNECT R_25728/D
CONNECT_NET LTIEHI_NET R_25728/D
DISCONNECT R_3877/D
CONNECT_NET LTIEHI_NET R_3877/D
DISCONNECT R_4023/D
CONNECT_NET LTIEHI_NET R_4023/D
DISCONNECT R_31897/D
CONNECT_NET LTIEHI_NET R_31897/D
DISCONNECT R_31587/D
CONNECT_NET LTIEHI_NET R_31587/D
DISCONNECT R_32670/D
CONNECT_NET LTIEHI_NET R_32670/D
DISCONNECT R_26251/D
CONNECT_NET LTIEHI_NET R_26251/D
DISCONNECT U4367/A1
CONNECT_NET LTIEHI_NET U4367/A1
DISCONNECT U4785/B
CONNECT_NET LTIEHI_NET U4785/B
DISCONNECT U4774/B
CONNECT_NET LTIEHI_NET U4774/B
DISCONNECT U4634/B
CONNECT_NET LTIEHI_NET U4634/B
DISCONNECT U4647/A
CONNECT_NET LTIEHI_NET U4647/A
DISCONNECT R_25962/D
CONNECT_NET LTIEHI_NET R_25962/D
DISCONNECT U4683/A1
CONNECT_NET LTIEHI_NET U4683/A1
DISCONNECT U4623/B
CONNECT_NET LTIEHI_NET U4623/B
DISCONNECT U4653/B
CONNECT_NET LTIEHI_NET U4653/B
DISCONNECT U3354/B
CONNECT_NET LTIEHI_NET U3354/B
DISCONNECT R_26366/D
CONNECT_NET LTIEHI_NET R_26366/D
DISCONNECT U4368/A
CONNECT_NET LTIEHI_NET U4368/A
DISCONNECT U4662/B
CONNECT_NET LTIEHI_NET U4662/B
DISCONNECT U4635/A
CONNECT_NET LTIEHI_NET U4635/A
DISCONNECT U4787/B
CONNECT_NET LTIEHI_NET U4787/B
DISCONNECT U4369/A1
CONNECT_NET LTIEHI_NET U4369/A1
DISCONNECT R_31606/D
CONNECT_NET LTIEHI_NET R_31606/D
DISCONNECT U4365/B
CONNECT_NET LTIEHI_NET U4365/B
DISCONNECT R_31763/D
CONNECT_NET LTIEHI_NET R_31763/D
DISCONNECT U4724/B
CONNECT_NET LTIEHI_NET U4724/B
DISCONNECT U4763/B
CONNECT_NET LTIEHI_NET U4763/B
DISCONNECT R_31604/D
CONNECT_NET LTIEHI_NET R_31604/D
DISCONNECT R_31605/D
CONNECT_NET LTIEHI_NET R_31605/D
DISCONNECT U4366/A
CONNECT_NET LTIEHI_NET U4366/A
DISCONNECT U4350/A
CONNECT_NET LTIEHI_NET U4350/A
DISCONNECT U4601/B
CONNECT_NET LTIEHI_NET U4601/B
DISCONNECT R_31736/D
CONNECT_NET LTIEHI_NET R_31736/D
DISCONNECT U2861/A
CONNECT_NET LTIEHI_NET U2861/A
DISCONNECT R_31737/D
CONNECT_NET LTIEHI_NET R_31737/D
DISCONNECT U4358/A
CONNECT_NET LTIEHI_NET U4358/A
DISCONNECT U4651/B0
CONNECT_NET LTIEHI_NET U4651/B0
DISCONNECT U4646/B
CONNECT_NET LTIEHI_NET U4646/B
DISCONNECT U4714/B
CONNECT_NET LTIEHI_NET U4714/B
DISCONNECT U4786/B
CONNECT_NET LTIEHI_NET U4786/B
DISCONNECT R_31586/D
CONNECT_NET LTIEHI_NET R_31586/D
DISCONNECT U4611/B
CONNECT_NET LTIEHI_NET U4611/B
DISCONNECT U4711/B
CONNECT_NET LTIEHI_NET U4711/B
DISCONNECT U4361/A0
CONNECT_NET LTIEHI_NET U4361/A0
DISCONNECT R_31805/D
CONNECT_NET LTIEHI_NET R_31805/D
DISCONNECT U3359/A0
CONNECT_NET LTIEHI_NET U3359/A0
DISCONNECT U4352/A0
CONNECT_NET LTIEHI_NET U4352/A0
DISCONNECT R_31564/D
CONNECT_NET LTIEHI_NET R_31564/D
DISCONNECT U4782/B
CONNECT_NET LTIEHI_NET U4782/B
DISCONNECT U4364/A1
CONNECT_NET LTIEHI_NET U4364/A1
DISCONNECT R_31806/D
CONNECT_NET LTIEHI_NET R_31806/D
DISCONNECT U4777/B
CONNECT_NET LTIEHI_NET U4777/B
DISCONNECT U4608/B
CONNECT_NET LTIEHI_NET U4608/B
DISCONNECT U4784/B
CONNECT_NET LTIEHI_NET U4784/B
DISCONNECT U4597/B
CONNECT_NET LTIEHI_NET U4597/B
DISCONNECT U4600/B
CONNECT_NET LTIEHI_NET U4600/B
DISCONNECT U4612/B
CONNECT_NET LTIEHI_NET U4612/B
DISCONNECT U4660/B
CONNECT_NET LTIEHI_NET U4660/B
DISCONNECT U4766/B
CONNECT_NET LTIEHI_NET U4766/B
DISCONNECT U4717/B
CONNECT_NET LTIEHI_NET U4717/B
DISCONNECT U4752/B
CONNECT_NET LTIEHI_NET U4752/B
DISCONNECT U4764/B
CONNECT_NET LTIEHI_NET U4764/B
DISCONNECT R_31565/D
CONNECT_NET LTIEHI_NET R_31565/D
DISCONNECT U4349/A
CONNECT_NET LTIEHI_NET U4349/A
DISCONNECT U4755/B
CONNECT_NET LTIEHI_NET U4755/B
DISCONNECT U4633/B
CONNECT_NET LTIEHI_NET U4633/B
DISCONNECT U4357/A1
CONNECT_NET LTIEHI_NET U4357/A1
DISCONNECT R_31752/D
CONNECT_NET LTIEHI_NET R_31752/D
DISCONNECT U4783/B
CONNECT_NET LTIEHI_NET U4783/B
DISCONNECT U4356/A1
CONNECT_NET LTIEHI_NET U4356/A1
DISCONNECT U2863/A
CONNECT_NET LTIEHI_NET U2863/A
DISCONNECT U4354/B
CONNECT_NET LTIEHI_NET U4354/B
DISCONNECT U4716/B
CONNECT_NET LTIEHI_NET U4716/B
DISCONNECT R_32042/D
CONNECT_NET LTIEHI_NET R_32042/D
DISCONNECT U4371/A1
CONNECT_NET LTIEHI_NET U4371/A1
DISCONNECT U4598/B
CONNECT_NET LTIEHI_NET U4598/B
DISCONNECT U4595/B
CONNECT_NET LTIEHI_NET U4595/B
DISCONNECT U4793/A
CONNECT_NET LTIEHI_NET U4793/A
DISCONNECT U4347/A1
CONNECT_NET LTIEHI_NET U4347/A1
DISCONNECT U4360/B
CONNECT_NET LTIEHI_NET U4360/B
DISCONNECT U4734/B
CONNECT_NET LTIEHI_NET U4734/B
DISCONNECT U4353/A0
CONNECT_NET LTIEHI_NET U4353/A0
DISCONNECT U2692/B
CONNECT_NET LTIEHI_NET U2692/B
DISCONNECT U4658/B
CONNECT_NET LTIEHI_NET U4658/B
DISCONNECT U4346/A
CONNECT_NET LTIEHI_NET U4346/A
DISCONNECT U4359/A0
CONNECT_NET LTIEHI_NET U4359/A0
DISCONNECT U4599/B
CONNECT_NET LTIEHI_NET U4599/B
DISCONNECT U4659/B
CONNECT_NET LTIEHI_NET U4659/B
DISCONNECT U4362/A1
CONNECT_NET LTIEHI_NET U4362/A1
DISCONNECT U4654/B
CONNECT_NET LTIEHI_NET U4654/B
DISCONNECT U4794/A0
CONNECT_NET LTIEHI_NET U4794/A0
DISCONNECT U4336/A
CONNECT_NET LTIEHI_NET U4336/A
DISCONNECT U4641/B
CONNECT_NET LTIEHI_NET U4641/B
DISCONNECT U4703/B
CONNECT_NET LTIEHI_NET U4703/B
DISCONNECT U4337/A1
CONNECT_NET LTIEHI_NET U4337/A1
DISCONNECT U4668/A
CONNECT_NET LTIEHI_NET U4668/A
DISCONNECT U4650/B
CONNECT_NET LTIEHI_NET U4650/B
DISCONNECT U4667/A
CONNECT_NET LTIEHI_NET U4667/A
DISCONNECT U4616/A
CONNECT_NET LTIEHI_NET U4616/A
DISCONNECT U4694/B
CONNECT_NET LTIEHI_NET U4694/B
DISCONNECT U4728/B
CONNECT_NET LTIEHI_NET U4728/B
DISCONNECT U4632/B
CONNECT_NET LTIEHI_NET U4632/B
DISCONNECT U4754/B
CONNECT_NET LTIEHI_NET U4754/B
DISCONNECT U4741/B
CONNECT_NET LTIEHI_NET U4741/B
DISCONNECT U4791/A0
CONNECT_NET LTIEHI_NET U4791/A0
DISCONNECT U4656/B
CONNECT_NET LTIEHI_NET U4656/B
DISCONNECT U4657/B
CONNECT_NET LTIEHI_NET U4657/B
DISCONNECT U4645/A1
CONNECT_NET LTIEHI_NET U4645/A1
DISCONNECT U4685/B
CONNECT_NET LTIEHI_NET U4685/B
DISCONNECT U4762/B
CONNECT_NET LTIEHI_NET U4762/B
DISCONNECT U4355/A1
CONNECT_NET LTIEHI_NET U4355/A1
DISCONNECT U4684/B
CONNECT_NET LTIEHI_NET U4684/B
DISCONNECT U4639/B
CONNECT_NET LTIEHI_NET U4639/B
DISCONNECT U4753/B
CONNECT_NET LTIEHI_NET U4753/B
DISCONNECT U4335/A0
CONNECT_NET LTIEHI_NET U4335/A0
DISCONNECT U4638/B
CONNECT_NET LTIEHI_NET U4638/B
DISCONNECT U4744/B
CONNECT_NET LTIEHI_NET U4744/B
DISCONNECT U4693/B
CONNECT_NET LTIEHI_NET U4693/B
DISCONNECT U4720/B
CONNECT_NET LTIEHI_NET U4720/B
DISCONNECT U4796/B
CONNECT_NET LTIEHI_NET U4796/B
DISCONNECT U4738/A1
CONNECT_NET LTIEHI_NET U4738/A1
DISCONNECT U4747/B
CONNECT_NET LTIEHI_NET U4747/B
DISCONNECT U4614/B
CONNECT_NET LTIEHI_NET U4614/B
DISCONNECT U4715/A1
CONNECT_NET LTIEHI_NET U4715/A1
DISCONNECT U4351/A0
CONNECT_NET LTIEHI_NET U4351/A0
DISCONNECT U4596/B
CONNECT_NET LTIEHI_NET U4596/B
DISCONNECT U4792/B
CONNECT_NET LTIEHI_NET U4792/B
DISCONNECT U4772/A1
CONNECT_NET LTIEHI_NET U4772/A1
DISCONNECT U4348/A
CONNECT_NET LTIEHI_NET U4348/A
DISCONNECT U4677/B
CONNECT_NET LTIEHI_NET U4677/B
DISCONNECT U4344/A0
CONNECT_NET LTIEHI_NET U4344/A0
DISCONNECT U4723/B
CONNECT_NET LTIEHI_NET U4723/B
DISCONNECT U4705/B
CONNECT_NET LTIEHI_NET U4705/B
DISCONNECT R_25617/D
CONNECT_NET LTIEHI_NET R_25617/D
DISCONNECT U4775/B
CONNECT_NET LTIEHI_NET U4775/B
DISCONNECT U4695/A0
CONNECT_NET LTIEHI_NET U4695/A0
DISCONNECT U4713/B
CONNECT_NET LTIEHI_NET U4713/B
DISCONNECT U4749/B
CONNECT_NET LTIEHI_NET U4749/B
DISCONNECT U4743/B
CONNECT_NET LTIEHI_NET U4743/B
DISCONNECT U4640/B
CONNECT_NET LTIEHI_NET U4640/B
DISCONNECT U2670/AN
CONNECT_NET LTIEHI_NET U2670/AN
DISCONNECT U4618/A0
CONNECT_NET LTIEHI_NET U4618/A0
DISCONNECT U4609/B
CONNECT_NET LTIEHI_NET U4609/B
DISCONNECT U4636/B
CONNECT_NET LTIEHI_NET U4636/B
DISCONNECT U2888/B
CONNECT_NET LTIEHI_NET U2888/B
DISCONNECT U2674/A0
CONNECT_NET LTIEHI_NET U2674/A0
DISCONNECT U4622/B
CONNECT_NET LTIEHI_NET U4622/B
DISCONNECT U4709/B
CONNECT_NET LTIEHI_NET U4709/B
DISCONNECT U4338/A0
CONNECT_NET LTIEHI_NET U4338/A0
DISCONNECT U2691/B
CONNECT_NET LTIEHI_NET U2691/B
DISCONNECT U2880/B
CONNECT_NET LTIEHI_NET U2880/B
DISCONNECT R_31755/D
CONNECT_NET LTIEHI_NET R_31755/D
DISCONNECT U4617/B
CONNECT_NET LTIEHI_NET U4617/B
DISCONNECT U4363/A0
CONNECT_NET LTIEHI_NET U4363/A0
DISCONNECT U4692/B
CONNECT_NET LTIEHI_NET U4692/B
DISCONNECT U4610/B
CONNECT_NET LTIEHI_NET U4610/B
DISCONNECT U4343/A0
CONNECT_NET LTIEHI_NET U4343/A0
DISCONNECT U4773/B
CONNECT_NET LTIEHI_NET U4773/B
DISCONNECT U4740/B
CONNECT_NET LTIEHI_NET U4740/B
DISCONNECT U4748/B
CONNECT_NET LTIEHI_NET U4748/B
DISCONNECT U4805/B
CONNECT_NET LTIEHI_NET U4805/B
DISCONNECT U4806/B
CONNECT_NET LTIEHI_NET U4806/B
DISCONNECT U4345/A1
CONNECT_NET LTIEHI_NET U4345/A1
DISCONNECT U4631/B
CONNECT_NET LTIEHI_NET U4631/B
DISCONNECT U4706/B
CONNECT_NET LTIEHI_NET U4706/B
DISCONNECT R_31747/D
CONNECT_NET LTIEHI_NET R_31747/D
DISCONNECT U4836/B
CONNECT_NET LTIEHI_NET U4836/B
DISCONNECT U4858/B
CONNECT_NET LTIEHI_NET U4858/B
DISCONNECT U4812/B
CONNECT_NET LTIEHI_NET U4812/B
DISCONNECT U4943/B
CONNECT_NET LTIEHI_NET U4943/B
DISCONNECT R_25741/D
CONNECT_NET LTIEHI_NET R_25741/D
DISCONNECT U4954/A1
CONNECT_NET LTIEHI_NET U4954/A1
DISCONNECT U4721/B
CONNECT_NET LTIEHI_NET U4721/B
DISCONNECT U4950/B
CONNECT_NET LTIEHI_NET U4950/B
DISCONNECT U4525/A0
CONNECT_NET LTIEHI_NET U4525/A0
DISCONNECT U4619/B
CONNECT_NET LTIEHI_NET U4619/B
DISCONNECT U4769/B
CONNECT_NET LTIEHI_NET U4769/B
DISCONNECT U4676/B
CONNECT_NET LTIEHI_NET U4676/B
DISCONNECT U4922/B
CONNECT_NET LTIEHI_NET U4922/B
DISCONNECT R_25740/D
CONNECT_NET LTIEHI_NET R_25740/D
DISCONNECT U4342/A1
CONNECT_NET LTIEHI_NET U4342/A1
DISCONNECT U4526/A
CONNECT_NET LTIEHI_NET U4526/A
DISCONNECT U4655/B
CONNECT_NET LTIEHI_NET U4655/B
DISCONNECT U4704/B
CONNECT_NET LTIEHI_NET U4704/B
DISCONNECT U4733/B
CONNECT_NET LTIEHI_NET U4733/B
DISCONNECT U4776/B
CONNECT_NET LTIEHI_NET U4776/B
DISCONNECT U4933/B
CONNECT_NET LTIEHI_NET U4933/B
DISCONNECT R_30882/D
CONNECT_NET LTIEHI_NET R_30882/D
DISCONNECT U4862/B
CONNECT_NET LTIEHI_NET U4862/B
DISCONNECT U4837/B
CONNECT_NET LTIEHI_NET U4837/B
DISCONNECT U4941/B
CONNECT_NET LTIEHI_NET U4941/B
DISCONNECT U4825/B
CONNECT_NET LTIEHI_NET U4825/B
DISCONNECT U4937/B
CONNECT_NET LTIEHI_NET U4937/B
DISCONNECT R_30880/D
CONNECT_NET LTIEHI_NET R_30880/D
DISCONNECT U4479/A0
CONNECT_NET LTIEHI_NET U4479/A0
DISCONNECT U4940/B
CONNECT_NET LTIEHI_NET U4940/B
DISCONNECT U4855/B
CONNECT_NET LTIEHI_NET U4855/B
DISCONNECT U4981/B
CONNECT_NET LTIEHI_NET U4981/B
DISCONNECT U2908/B
CONNECT_NET LTIEHI_NET U2908/B
DISCONNECT U4815/B
CONNECT_NET LTIEHI_NET U4815/B
DISCONNECT U4824/B
CONNECT_NET LTIEHI_NET U4824/B
DISCONNECT U4838/B
CONNECT_NET LTIEHI_NET U4838/B
DISCONNECT U4917/B
CONNECT_NET LTIEHI_NET U4917/B
DISCONNECT U4951/B
CONNECT_NET LTIEHI_NET U4951/B
DISCONNECT U4523/A0
CONNECT_NET LTIEHI_NET U4523/A0
DISCONNECT U4920/B
CONNECT_NET LTIEHI_NET U4920/B
DISCONNECT R_30605/D
CONNECT_NET LTIEHI_NET R_30605/D
DISCONNECT U4841/B
CONNECT_NET LTIEHI_NET U4841/B
DISCONNECT U4522/A1
CONNECT_NET LTIEHI_NET U4522/A1
DISCONNECT U4949/B
CONNECT_NET LTIEHI_NET U4949/B
DISCONNECT U4914/B
CONNECT_NET LTIEHI_NET U4914/B
DISCONNECT U4846/B
CONNECT_NET LTIEHI_NET U4846/B
DISCONNECT U4916/B
CONNECT_NET LTIEHI_NET U4916/B
DISCONNECT U4919/B
CONNECT_NET LTIEHI_NET U4919/B
DISCONNECT U4467/A1
CONNECT_NET LTIEHI_NET U4467/A1
DISCONNECT U4894/B
CONNECT_NET LTIEHI_NET U4894/B
DISCONNECT U4873/B
CONNECT_NET LTIEHI_NET U4873/B
DISCONNECT R_30607/D
CONNECT_NET LTIEHI_NET R_30607/D
DISCONNECT U4835/A1
CONNECT_NET LTIEHI_NET U4835/A1
DISCONNECT U4969/B
CONNECT_NET LTIEHI_NET U4969/B
DISCONNECT U4521/A
CONNECT_NET LTIEHI_NET U4521/A
DISCONNECT U4912/B
CONNECT_NET LTIEHI_NET U4912/B
DISCONNECT U941/B
CONNECT_NET LTIEHI_NET U941/B
DISCONNECT U4874/B
CONNECT_NET LTIEHI_NET U4874/B
DISCONNECT U4975/B
CONNECT_NET LTIEHI_NET U4975/B
DISCONNECT U4884/A1
CONNECT_NET LTIEHI_NET U4884/A1
DISCONNECT U3209/B0
CONNECT_NET LTIEHI_NET U3209/B0
DISCONNECT U4465/A0
CONNECT_NET LTIEHI_NET U4465/A0
DISCONNECT U4814/B
CONNECT_NET LTIEHI_NET U4814/B
DISCONNECT U5006/B
CONNECT_NET LTIEHI_NET U5006/B
DISCONNECT U4971/A1
CONNECT_NET LTIEHI_NET U4971/A1
DISCONNECT U4938/B
CONNECT_NET LTIEHI_NET U4938/B
DISCONNECT U1308/B
CONNECT_NET LTIEHI_NET U1308/B
DISCONNECT U4911/B
CONNECT_NET LTIEHI_NET U4911/B
DISCONNECT U4845/B
CONNECT_NET LTIEHI_NET U4845/B
DISCONNECT U4466/A1
CONNECT_NET LTIEHI_NET U4466/A1
DISCONNECT U4857/B
CONNECT_NET LTIEHI_NET U4857/B
DISCONNECT U4813/B
CONNECT_NET LTIEHI_NET U4813/B
DISCONNECT U4985/B
CONNECT_NET LTIEHI_NET U4985/B
DISCONNECT U4889/B
CONNECT_NET LTIEHI_NET U4889/B
DISCONNECT U1118/A
CONNECT_NET LTIEHI_NET U1118/A
DISCONNECT U4984/B
CONNECT_NET LTIEHI_NET U4984/B
DISCONNECT U3244/A
CONNECT_NET LTIEHI_NET U3244/A
DISCONNECT U4524/B
CONNECT_NET LTIEHI_NET U4524/B
DISCONNECT U4936/A1
CONNECT_NET LTIEHI_NET U4936/A1
DISCONNECT U4942/B
CONNECT_NET LTIEHI_NET U4942/B
DISCONNECT U4875/B
CONNECT_NET LTIEHI_NET U4875/B
DISCONNECT U4478/A1
CONNECT_NET LTIEHI_NET U4478/A1
DISCONNECT U4983/B
CONNECT_NET LTIEHI_NET U4983/B
DISCONNECT U2721/B
CONNECT_NET LTIEHI_NET U2721/B
DISCONNECT U4872/B
CONNECT_NET LTIEHI_NET U4872/B
DISCONNECT U4967/B
CONNECT_NET LTIEHI_NET U4967/B
DISCONNECT U4913/B
CONNECT_NET LTIEHI_NET U4913/B
DISCONNECT U2731/B
CONNECT_NET LTIEHI_NET U2731/B
DISCONNECT U4988/A
CONNECT_NET LTIEHI_NET U4988/A
DISCONNECT R_31810/D
CONNECT_NET LTIEHI_NET R_31810/D
DISCONNECT R_31811/D
CONNECT_NET LTIEHI_NET R_31811/D
DISCONNECT U4477/A1
CONNECT_NET LTIEHI_NET U4477/A1
DISCONNECT U4856/B
CONNECT_NET LTIEHI_NET U4856/B
DISCONNECT R_31742/D
CONNECT_NET LTIEHI_NET R_31742/D
DISCONNECT U2719/B
CONNECT_NET LTIEHI_NET U2719/B
DISCONNECT U4850/B
CONNECT_NET LTIEHI_NET U4850/B
DISCONNECT R_31741/D
CONNECT_NET LTIEHI_NET R_31741/D
DISCONNECT U4974/B
CONNECT_NET LTIEHI_NET U4974/B
DISCONNECT R_30673/D
CONNECT_NET LTIEHI_NET R_30673/D
DISCONNECT R_30674/D
CONNECT_NET LTIEHI_NET R_30674/D
DISCONNECT U4901/A
CONNECT_NET LTIEHI_NET U4901/A
DISCONNECT U3382/B
CONNECT_NET LTIEHI_NET U3382/B
DISCONNECT U4902/A
CONNECT_NET LTIEHI_NET U4902/A
DISCONNECT U4475/A0
CONNECT_NET LTIEHI_NET U4475/A0
DISCONNECT U4811/B
CONNECT_NET LTIEHI_NET U4811/B
DISCONNECT U4849/B
CONNECT_NET LTIEHI_NET U4849/B
DISCONNECT U4476/B
CONNECT_NET LTIEHI_NET U4476/B
DISCONNECT U4910/B
CONNECT_NET LTIEHI_NET U4910/B
DISCONNECT U4839/B
CONNECT_NET LTIEHI_NET U4839/B
DISCONNECT U4472/A
CONNECT_NET LTIEHI_NET U4472/A
DISCONNECT U2896/A
CONNECT_NET LTIEHI_NET U2896/A
DISCONNECT U4897/B
CONNECT_NET LTIEHI_NET U4897/B
DISCONNECT U4468/A1
CONNECT_NET LTIEHI_NET U4468/A1
DISCONNECT U4882/B
CONNECT_NET LTIEHI_NET U4882/B
DISCONNECT U4970/B
CONNECT_NET LTIEHI_NET U4970/B
DISCONNECT U4994/B
CONNECT_NET LTIEHI_NET U4994/B
DISCONNECT U4843/A
CONNECT_NET LTIEHI_NET U4843/A
DISCONNECT U4996/B
CONNECT_NET LTIEHI_NET U4996/B
DISCONNECT U4898/B
CONNECT_NET LTIEHI_NET U4898/B
DISCONNECT U776/A0
CONNECT_NET LTIEHI_NET U776/A0
DISCONNECT U4932/B
CONNECT_NET LTIEHI_NET U4932/B
DISCONNECT U4966/B
CONNECT_NET LTIEHI_NET U4966/B
DISCONNECT U2729/B
CONNECT_NET LTIEHI_NET U2729/B
DISCONNECT U4470/A0
CONNECT_NET LTIEHI_NET U4470/A0
DISCONNECT U4989/B
CONNECT_NET LTIEHI_NET U4989/B
DISCONNECT U2684/AN
CONNECT_NET LTIEHI_NET U2684/AN
DISCONNECT U4474/A0
CONNECT_NET LTIEHI_NET U4474/A0
DISCONNECT U4469/A
CONNECT_NET LTIEHI_NET U4469/A
DISCONNECT U4471/B
CONNECT_NET LTIEHI_NET U4471/B
DISCONNECT U4879/A1
CONNECT_NET LTIEHI_NET U4879/A1
DISCONNECT U4870/B
CONNECT_NET LTIEHI_NET U4870/B
DISCONNECT U5003/B
CONNECT_NET LTIEHI_NET U5003/B
DISCONNECT U4473/A
CONNECT_NET LTIEHI_NET U4473/A
DISCONNECT U4887/A0
CONNECT_NET LTIEHI_NET U4887/A0
DISCONNECT U4464/A1
CONNECT_NET LTIEHI_NET U4464/A1
DISCONNECT U4460/A1
CONNECT_NET LTIEHI_NET U4460/A1
DISCONNECT U4461/A0
CONNECT_NET LTIEHI_NET U4461/A0
DISCONNECT U4463/A1
CONNECT_NET LTIEHI_NET U4463/A1
DISCONNECT U4999/B
CONNECT_NET LTIEHI_NET U4999/B
DISCONNECT U4462/A
CONNECT_NET LTIEHI_NET U4462/A
DISCONNECT U4871/B
CONNECT_NET LTIEHI_NET U4871/B
DISCONNECT U5002/B
CONNECT_NET LTIEHI_NET U5002/B
DISCONNECT U2023/A1
CONNECT_NET LTIEHI_NET U2023/A1
DISCONNECT U4566/B0
CONNECT_NET LTIEHI_NET U4566/B0
DISCONNECT U4568/B0
CONNECT_NET LTIEHI_NET U4568/B0
DISCONNECT U4831/B
CONNECT_NET LTIEHI_NET U4831/B
DISCONNECT U4589/A0N
CONNECT_NET LTIEHI_NET U4589/A0N
DISCONNECT U4590/A1
CONNECT_NET LTIEHI_NET U4590/A1
DISCONNECT U4554/B0
CONNECT_NET LTIEHI_NET U4554/B0
DISCONNECT U362/B
CONNECT_NET LTIEHI_NET U362/B
DISCONNECT U362/A
CONNECT_NET LTIEHI_NET U362/A
DISCONNECT U4584/A1
CONNECT_NET LTIEHI_NET U4584/A1
DISCONNECT U4555/B0
CONNECT_NET LTIEHI_NET U4555/B0
DISCONNECT U4995/B
CONNECT_NET LTIEHI_NET U4995/B
DISCONNECT U4588/B
CONNECT_NET LTIEHI_NET U4588/B
DISCONNECT U4532/A
CONNECT_NET LTIEHI_NET U4532/A
DISCONNECT U4531/A0
CONNECT_NET LTIEHI_NET U4531/A0
DISCONNECT U4918/B
CONNECT_NET LTIEHI_NET U4918/B
DISCONNECT U1889/B
CONNECT_NET LTIEHI_NET U1889/B
DISCONNECT U1889/A
CONNECT_NET LTIEHI_NET U1889/A
DISCONNECT U4539/B0
CONNECT_NET LTIEHI_NET U4539/B0
DISCONNECT U4946/B
CONNECT_NET LTIEHI_NET U4946/B
DISCONNECT U4541/A
CONNECT_NET LTIEHI_NET U4541/A
DISCONNECT U4823/B
CONNECT_NET LTIEHI_NET U4823/B
DISCONNECT U4544/B0
CONNECT_NET LTIEHI_NET U4544/B0
DISCONNECT U4540/B0
CONNECT_NET LTIEHI_NET U4540/B0
DISCONNECT U4565/B0
CONNECT_NET LTIEHI_NET U4565/B0
DISCONNECT U4563/B0
CONNECT_NET LTIEHI_NET U4563/B0
DISCONNECT U4558/B0
CONNECT_NET LTIEHI_NET U4558/B0
DISCONNECT U4567/B0
CONNECT_NET LTIEHI_NET U4567/B0
DISCONNECT U4542/B0
CONNECT_NET LTIEHI_NET U4542/B0
DISCONNECT U4549/B0
CONNECT_NET LTIEHI_NET U4549/B0
DISCONNECT U4561/B0
CONNECT_NET LTIEHI_NET U4561/B0
DISCONNECT U4546/B
CONNECT_NET LTIEHI_NET U4546/B
DISCONNECT U4854/B
CONNECT_NET LTIEHI_NET U4854/B
DISCONNECT U4556/B0
CONNECT_NET LTIEHI_NET U4556/B0
DISCONNECT U4547/B0
CONNECT_NET LTIEHI_NET U4547/B0
DISCONNECT U4583/A1
CONNECT_NET LTIEHI_NET U4583/A1
DISCONNECT U1652/D
CONNECT_NET LTIEHI_NET U1652/D
DISCONNECT U1652/C
CONNECT_NET LTIEHI_NET U1652/C
DISCONNECT U4926/B
CONNECT_NET LTIEHI_NET U4926/B
DISCONNECT U4065/D
CONNECT_NET LTIEHI_NET U4065/D
DISCONNECT U4586/B
CONNECT_NET LTIEHI_NET U4586/B
DISCONNECT U4088/B0
CONNECT_NET LTIEHI_NET U4088/B0
DISCONNECT U4077/A
CONNECT_NET LTIEHI_NET U4077/A
DISCONNECT U432/D
CONNECT_NET LTIEHI_NET U432/D
DISCONNECT U432/C
CONNECT_NET LTIEHI_NET U432/C
DISCONNECT U4551/B
CONNECT_NET LTIEHI_NET U4551/B
DISCONNECT U4083/B0
CONNECT_NET LTIEHI_NET U4083/B0
DISCONNECT U4553/B0
CONNECT_NET LTIEHI_NET U4553/B0
DISCONNECT U2459/B
CONNECT_NET LTIEHI_NET U2459/B
DISCONNECT U4552/B
CONNECT_NET LTIEHI_NET U4552/B
DISCONNECT U4585/B0N
CONNECT_NET LTIEHI_NET U4585/B0N
DISCONNECT U3943/A1
CONNECT_NET LTIEHI_NET U3943/A1
DISCONNECT U2425/B
CONNECT_NET LTIEHI_NET U2425/B
DISCONNECT U4537/A1
CONNECT_NET LTIEHI_NET U4537/A1
DISCONNECT U4538/B0
CONNECT_NET LTIEHI_NET U4538/B0
DISCONNECT U4810/A0
CONNECT_NET LTIEHI_NET U4810/A0
DISCONNECT U4929/B
CONNECT_NET LTIEHI_NET U4929/B
DISCONNECT U4851/A
CONNECT_NET LTIEHI_NET U4851/A
DISCONNECT U4560/B0
CONNECT_NET LTIEHI_NET U4560/B0
DISCONNECT U4052/B0
CONNECT_NET LTIEHI_NET U4052/B0
DISCONNECT U4534/B0
CONNECT_NET LTIEHI_NET U4534/B0
DISCONNECT U4557/B0
CONNECT_NET LTIEHI_NET U4557/B0
DISCONNECT U4536/B0
CONNECT_NET LTIEHI_NET U4536/B0
DISCONNECT U2289/A1
CONNECT_NET LTIEHI_NET U2289/A1
DISCONNECT U4535/B0
CONNECT_NET LTIEHI_NET U4535/B0
DISCONNECT U4587/A1
CONNECT_NET LTIEHI_NET U4587/A1
DISCONNECT U4533/B0
CONNECT_NET LTIEHI_NET U4533/B0
DISCONNECT U4972/B
CONNECT_NET LTIEHI_NET U4972/B
DISCONNECT U4569/B0
CONNECT_NET LTIEHI_NET U4569/B0
DISCONNECT U4058/B0
CONNECT_NET LTIEHI_NET U4058/B0
DISCONNECT U4080/B0
CONNECT_NET LTIEHI_NET U4080/B0
DISCONNECT U4863/B
CONNECT_NET LTIEHI_NET U4863/B
DISCONNECT U5001/B
CONNECT_NET LTIEHI_NET U5001/B
DISCONNECT U4480/A1
CONNECT_NET LTIEHI_NET U4480/A1
DISCONNECT U4957/B
CONNECT_NET LTIEHI_NET U4957/B
DISCONNECT U4487/A
CONNECT_NET LTIEHI_NET U4487/A
DISCONNECT U4485/A
CONNECT_NET LTIEHI_NET U4485/A
DISCONNECT U4548/B0
CONNECT_NET LTIEHI_NET U4548/B0
DISCONNECT U4481/A
CONNECT_NET LTIEHI_NET U4481/A
DISCONNECT U4550/B0
CONNECT_NET LTIEHI_NET U4550/B0
DISCONNECT U5010/B
CONNECT_NET LTIEHI_NET U5010/B
DISCONNECT U4890/B
CONNECT_NET LTIEHI_NET U4890/B
DISCONNECT U4559/B0
CONNECT_NET LTIEHI_NET U4559/B0
DISCONNECT U4488/A
CONNECT_NET LTIEHI_NET U4488/A
DISCONNECT U4903/B
CONNECT_NET LTIEHI_NET U4903/B
DISCONNECT U4990/B
CONNECT_NET LTIEHI_NET U4990/B
DISCONNECT U4976/A
CONNECT_NET LTIEHI_NET U4976/A
DISCONNECT U4977/B
CONNECT_NET LTIEHI_NET U4977/B
DISCONNECT U4490/B
CONNECT_NET LTIEHI_NET U4490/B
DISCONNECT U2883/A
CONNECT_NET LTIEHI_NET U2883/A
DISCONNECT U4491/A0
CONNECT_NET LTIEHI_NET U4491/A0
DISCONNECT U4880/B
CONNECT_NET LTIEHI_NET U4880/B
DISCONNECT U4959/B
CONNECT_NET LTIEHI_NET U4959/B
DISCONNECT U4502/A1
CONNECT_NET LTIEHI_NET U4502/A1
DISCONNECT U4928/B
CONNECT_NET LTIEHI_NET U4928/B
DISCONNECT U4924/B
CONNECT_NET LTIEHI_NET U4924/B
DISCONNECT U4963/B
CONNECT_NET LTIEHI_NET U4963/B
DISCONNECT U4925/A0
CONNECT_NET LTIEHI_NET U4925/A0
DISCONNECT U4973/B
CONNECT_NET LTIEHI_NET U4973/B
DISCONNECT U4826/B
CONNECT_NET LTIEHI_NET U4826/B
DISCONNECT U4935/B
CONNECT_NET LTIEHI_NET U4935/B
DISCONNECT U4864/B
CONNECT_NET LTIEHI_NET U4864/B
DISCONNECT U4865/B
CONNECT_NET LTIEHI_NET U4865/B
DISCONNECT U4960/B
CONNECT_NET LTIEHI_NET U4960/B
DISCONNECT U5007/A0
CONNECT_NET LTIEHI_NET U5007/A0
DISCONNECT U4987/B
CONNECT_NET LTIEHI_NET U4987/B
DISCONNECT U4486/A1
CONNECT_NET LTIEHI_NET U4486/A1
DISCONNECT U5000/B
CONNECT_NET LTIEHI_NET U5000/B
DISCONNECT U4482/A2
CONNECT_NET LTIEHI_NET U4482/A2
DISCONNECT U4927/B
CONNECT_NET LTIEHI_NET U4927/B
DISCONNECT U4482/A1
CONNECT_NET LTIEHI_NET U4482/A1
DISCONNECT U4830/A
CONNECT_NET LTIEHI_NET U4830/A
DISCONNECT U2706/A0
CONNECT_NET LTIEHI_NET U2706/A0
DISCONNECT U4962/B
CONNECT_NET LTIEHI_NET U4962/B
DISCONNECT U4518/A1
CONNECT_NET LTIEHI_NET U4518/A1
DISCONNECT U4900/B
CONNECT_NET LTIEHI_NET U4900/B
DISCONNECT U4489/A1
CONNECT_NET LTIEHI_NET U4489/A1
DISCONNECT U4492/A0
CONNECT_NET LTIEHI_NET U4492/A0
DISCONNECT U4504/A0
CONNECT_NET LTIEHI_NET U4504/A0
DISCONNECT U4509/A1
CONNECT_NET LTIEHI_NET U4509/A1
DISCONNECT U4520/A
CONNECT_NET LTIEHI_NET U4520/A
DISCONNECT U4834/A
CONNECT_NET LTIEHI_NET U4834/A
DISCONNECT U4993/B
CONNECT_NET LTIEHI_NET U4993/B
DISCONNECT U4484/A
CONNECT_NET LTIEHI_NET U4484/A
DISCONNECT U4519/A0
CONNECT_NET LTIEHI_NET U4519/A0
DISCONNECT U4948/B
CONNECT_NET LTIEHI_NET U4948/B
DISCONNECT U4512/A1
CONNECT_NET LTIEHI_NET U4512/A1
DISCONNECT U4883/B
CONNECT_NET LTIEHI_NET U4883/B
DISCONNECT U4493/B
CONNECT_NET LTIEHI_NET U4493/B
DISCONNECT U4930/B
CONNECT_NET LTIEHI_NET U4930/B
DISCONNECT U4885/A
CONNECT_NET LTIEHI_NET U4885/A
DISCONNECT U4510/B
CONNECT_NET LTIEHI_NET U4510/B
DISCONNECT U4866/B
CONNECT_NET LTIEHI_NET U4866/B
DISCONNECT U4986/B
CONNECT_NET LTIEHI_NET U4986/B
DISCONNECT U4513/A0
CONNECT_NET LTIEHI_NET U4513/A0
DISCONNECT U4545/B0
CONNECT_NET LTIEHI_NET U4545/B0
DISCONNECT U4961/B
CONNECT_NET LTIEHI_NET U4961/B
DISCONNECT U4543/B0
CONNECT_NET LTIEHI_NET U4543/B0
DISCONNECT U4881/B
CONNECT_NET LTIEHI_NET U4881/B
DISCONNECT U4891/B
CONNECT_NET LTIEHI_NET U4891/B
DISCONNECT U4982/B
CONNECT_NET LTIEHI_NET U4982/B
DISCONNECT U4998/B
CONNECT_NET LTIEHI_NET U4998/B
DISCONNECT U4861/B
CONNECT_NET LTIEHI_NET U4861/B
DISCONNECT U4483/A1
CONNECT_NET LTIEHI_NET U4483/A1
DISCONNECT U4515/A
CONNECT_NET LTIEHI_NET U4515/A
DISCONNECT U5009/B
CONNECT_NET LTIEHI_NET U5009/B
DISCONNECT U4868/B
CONNECT_NET LTIEHI_NET U4868/B
DISCONNECT U4819/B
CONNECT_NET LTIEHI_NET U4819/B
DISCONNECT U4508/A1
CONNECT_NET LTIEHI_NET U4508/A1
DISCONNECT U4829/B
CONNECT_NET LTIEHI_NET U4829/B
DISCONNECT U4934/B
CONNECT_NET LTIEHI_NET U4934/B
DISCONNECT U4503/A1
CONNECT_NET LTIEHI_NET U4503/A1
DISCONNECT U4514/A0
CONNECT_NET LTIEHI_NET U4514/A0
DISCONNECT U4852/B
CONNECT_NET LTIEHI_NET U4852/B
DISCONNECT U4906/B
CONNECT_NET LTIEHI_NET U4906/B
DISCONNECT U791/B
CONNECT_NET LTIEHI_NET U791/B
DISCONNECT U2763/B
CONNECT_NET LTIEHI_NET U2763/B
DISCONNECT U2803/B
CONNECT_NET LTIEHI_NET U2803/B
DISCONNECT U2767/B
CONNECT_NET LTIEHI_NET U2767/B
DISCONNECT U4947/B
CONNECT_NET LTIEHI_NET U4947/B
DISCONNECT U4827/B
CONNECT_NET LTIEHI_NET U4827/B
DISCONNECT U4860/B
CONNECT_NET LTIEHI_NET U4860/B
DISCONNECT U4867/B
CONNECT_NET LTIEHI_NET U4867/B
DISCONNECT U4991/A
CONNECT_NET LTIEHI_NET U4991/A
DISCONNECT U4888/A0
CONNECT_NET LTIEHI_NET U4888/A0
DISCONNECT U4892/B
CONNECT_NET LTIEHI_NET U4892/B
DISCONNECT U4496/A1
CONNECT_NET LTIEHI_NET U4496/A1
DISCONNECT U4979/B
CONNECT_NET LTIEHI_NET U4979/B
DISCONNECT U5005/B
CONNECT_NET LTIEHI_NET U5005/B
DISCONNECT U4495/A
CONNECT_NET LTIEHI_NET U4495/A
DISCONNECT U4964/B
CONNECT_NET LTIEHI_NET U4964/B
DISCONNECT U4497/A1
CONNECT_NET LTIEHI_NET U4497/A1
DISCONNECT U4505/B
CONNECT_NET LTIEHI_NET U4505/B
DISCONNECT U4893/B
CONNECT_NET LTIEHI_NET U4893/B
DISCONNECT U2773/B
CONNECT_NET LTIEHI_NET U2773/B
DISCONNECT U4511/A1
CONNECT_NET LTIEHI_NET U4511/A1
DISCONNECT U4997/A0
CONNECT_NET LTIEHI_NET U4997/A0
DISCONNECT U4931/B
CONNECT_NET LTIEHI_NET U4931/B
DISCONNECT U4494/B
CONNECT_NET LTIEHI_NET U4494/B
DISCONNECT U4980/B
CONNECT_NET LTIEHI_NET U4980/B
DISCONNECT U4517/A0
CONNECT_NET LTIEHI_NET U4517/A0
DISCONNECT U3381/B
CONNECT_NET LTIEHI_NET U3381/B
DISCONNECT U5008/B
CONNECT_NET LTIEHI_NET U5008/B
DISCONNECT U4832/A1
CONNECT_NET LTIEHI_NET U4832/A1
DISCONNECT U4886/A
CONNECT_NET LTIEHI_NET U4886/A
DISCONNECT U4896/B
CONNECT_NET LTIEHI_NET U4896/B
DISCONNECT U4899/A
CONNECT_NET LTIEHI_NET U4899/A
DISCONNECT U4915/B
CONNECT_NET LTIEHI_NET U4915/B
DISCONNECT U4953/B
CONNECT_NET LTIEHI_NET U4953/B
DISCONNECT U4516/A1
CONNECT_NET LTIEHI_NET U4516/A1
DISCONNECT U4501/A0
CONNECT_NET LTIEHI_NET U4501/A0
DISCONNECT U3216/B0
CONNECT_NET LTIEHI_NET U3216/B0
DISCONNECT U4499/B
CONNECT_NET LTIEHI_NET U4499/B
DISCONNECT U4840/A0
CONNECT_NET LTIEHI_NET U4840/A0
DISCONNECT U4904/B
CONNECT_NET LTIEHI_NET U4904/B
DISCONNECT U4956/B
CONNECT_NET LTIEHI_NET U4956/B
DISCONNECT U4895/B
CONNECT_NET LTIEHI_NET U4895/B
DISCONNECT U4562/B0
CONNECT_NET LTIEHI_NET U4562/B0
DISCONNECT U4818/B
CONNECT_NET LTIEHI_NET U4818/B
DISCONNECT U4923/B
CONNECT_NET LTIEHI_NET U4923/B
DISCONNECT U4944/B
CONNECT_NET LTIEHI_NET U4944/B
DISCONNECT U4816/B
CONNECT_NET LTIEHI_NET U4816/B
DISCONNECT U4828/B
CONNECT_NET LTIEHI_NET U4828/B
DISCONNECT U4833/A
CONNECT_NET LTIEHI_NET U4833/A
DISCONNECT U4564/B0
CONNECT_NET LTIEHI_NET U4564/B0
DISCONNECT U4530/B
CONNECT_NET LTIEHI_NET U4530/B
DISCONNECT U4958/B
CONNECT_NET LTIEHI_NET U4958/B
DISCONNECT U4965/B
CONNECT_NET LTIEHI_NET U4965/B
DISCONNECT U5004/A1
CONNECT_NET LTIEHI_NET U5004/A1
DISCONNECT U4500/A1
CONNECT_NET LTIEHI_NET U4500/A1
DISCONNECT U4878/B
CONNECT_NET LTIEHI_NET U4878/B
DISCONNECT U4945/B
CONNECT_NET LTIEHI_NET U4945/B
DISCONNECT U4506/A0
CONNECT_NET LTIEHI_NET U4506/A0
DISCONNECT U4498/A1
CONNECT_NET LTIEHI_NET U4498/A1
DISCONNECT U4847/A1
CONNECT_NET LTIEHI_NET U4847/A1
DISCONNECT U4877/B
CONNECT_NET LTIEHI_NET U4877/B
DISCONNECT U4905/B
CONNECT_NET LTIEHI_NET U4905/B
DISCONNECT U4507/A1
CONNECT_NET LTIEHI_NET U4507/A1
DISCONNECT U4968/B
CONNECT_NET LTIEHI_NET U4968/B
DISCONNECT U4992/B
CONNECT_NET LTIEHI_NET U4992/B
DISCONNECT U4528/A1
CONNECT_NET LTIEHI_NET U4528/A1
DISCONNECT U4978/B
CONNECT_NET LTIEHI_NET U4978/B
DISCONNECT U4842/B
CONNECT_NET LTIEHI_NET U4842/B
DISCONNECT U4848/B
CONNECT_NET LTIEHI_NET U4848/B
DISCONNECT U4907/B
CONNECT_NET LTIEHI_NET U4907/B
DISCONNECT U4955/B
CONNECT_NET LTIEHI_NET U4955/B
DISCONNECT U4820/B
CONNECT_NET LTIEHI_NET U4820/B
DISCONNECT U4529/A0
CONNECT_NET LTIEHI_NET U4529/A0
DISCONNECT U4939/B
CONNECT_NET LTIEHI_NET U4939/B
DISCONNECT U4817/B
CONNECT_NET LTIEHI_NET U4817/B
DISCONNECT U4859/B
CONNECT_NET LTIEHI_NET U4859/B
DISCONNECT U3407/A
CONNECT_NET LTIEHI_NET U3407/A
DISCONNECT U4921/A1
CONNECT_NET LTIEHI_NET U4921/A1
DISCONNECT U4844/B
CONNECT_NET LTIEHI_NET U4844/B
DISCONNECT U4876/B
CONNECT_NET LTIEHI_NET U4876/B
DISCONNECT U4853/B
CONNECT_NET LTIEHI_NET U4853/B
DISCONNECT U4821/B
CONNECT_NET LTIEHI_NET U4821/B
DISCONNECT U4822/B
CONNECT_NET LTIEHI_NET U4822/B
DISCONNECT U4527/A1
CONNECT_NET LTIEHI_NET U4527/A1
DISCONNECT U4869/B
CONNECT_NET LTIEHI_NET U4869/B
DISCONNECT U4908/B
CONNECT_NET LTIEHI_NET U4908/B
DISCONNECT U4909/B
CONNECT_NET LTIEHI_NET U4909/B
DISCONNECT U4952/B
CONNECT_NET LTIEHI_NET U4952/B
CURRENT_INST 
DISCONNECT mmu_storage_controller_io_pad_qspi_cs_tri_buf_/OE
CONNECT_NET LTIEHI_NET mmu_storage_controller_io_pad_qspi_cs_tri_buf_/OE
DISCONNECT mmu_storage_controller_io_pad_qspi_ck_tri_buf_/OE
CONNECT_NET LTIEHI_NET mmu_storage_controller_io_pad_qspi_ck_tri_buf_/OE
END_HECO # 0
START_HECO
CURRENT_INST vproc_top_v_core_genblk9_0__pipe_genblk2_pipeline
CREATE_INST LTIELO TIELOX1MA10TR
CREATE_NET LTIELO_NET
CONNECT_NET LTIELO_NET LTIELO/Y
DISCONNECT R_32663/D
CONNECT_NET LTIELO_NET R_32663/D
DISCONNECT R_6325/D
CONNECT_NET LTIELO_NET R_6325/D
DISCONNECT R_3794/D
CONNECT_NET LTIELO_NET R_3794/D
DISCONNECT R_4511/D
CONNECT_NET LTIELO_NET R_4511/D
DISCONNECT R_4692/D
CONNECT_NET LTIELO_NET R_4692/D
DISCONNECT R_32665/D
CONNECT_NET LTIELO_NET R_32665/D
DISCONNECT U5220/A0
CONNECT_NET LTIELO_NET U5220/A0
DISCONNECT U5214/A0
CONNECT_NET LTIELO_NET U5214/A0
DISCONNECT U5191/A1
CONNECT_NET LTIELO_NET U5191/A1
DISCONNECT U5191/B1
CONNECT_NET LTIELO_NET U5191/B1
DISCONNECT U3648/B0
CONNECT_NET LTIELO_NET U3648/B0
DISCONNECT U5062/A
CONNECT_NET LTIELO_NET U5062/A
DISCONNECT U5063/B
CONNECT_NET LTIELO_NET U5063/B
DISCONNECT U5196/B
CONNECT_NET LTIELO_NET U5196/B
DISCONNECT U5201/B
CONNECT_NET LTIELO_NET U5201/B
DISCONNECT U5055/B
CONNECT_NET LTIELO_NET U5055/B
DISCONNECT R_32664/D
CONNECT_NET LTIELO_NET R_32664/D
DISCONNECT U5186/A0
CONNECT_NET LTIELO_NET U5186/A0
DISCONNECT U5222/A0
CONNECT_NET LTIELO_NET U5222/A0
DISCONNECT U5219/B
CONNECT_NET LTIELO_NET U5219/B
DISCONNECT R_32695/D
CONNECT_NET LTIELO_NET R_32695/D
DISCONNECT U5227/A0
CONNECT_NET LTIELO_NET U5227/A0
DISCONNECT U5058/A1
CONNECT_NET LTIELO_NET U5058/A1
DISCONNECT U5211/A0
CONNECT_NET LTIELO_NET U5211/A0
DISCONNECT U5218/A0
CONNECT_NET LTIELO_NET U5218/A0
DISCONNECT U5195/A1
CONNECT_NET LTIELO_NET U5195/A1
DISCONNECT U5054/A1
CONNECT_NET LTIELO_NET U5054/A1
DISCONNECT U5043/A
CONNECT_NET LTIELO_NET U5043/A
DISCONNECT U5180/A0
CONNECT_NET LTIELO_NET U5180/A0
DISCONNECT U5059/A
CONNECT_NET LTIELO_NET U5059/A
DISCONNECT U5209/A1
CONNECT_NET LTIELO_NET U5209/A1
DISCONNECT U5225/A0
CONNECT_NET LTIELO_NET U5225/A0
DISCONNECT U5183/A0
CONNECT_NET LTIELO_NET U5183/A0
DISCONNECT U2905/A1
CONNECT_NET LTIELO_NET U2905/A1
DISCONNECT U5044/A
CONNECT_NET LTIELO_NET U5044/A
DISCONNECT U5189/A
CONNECT_NET LTIELO_NET U5189/A
DISCONNECT R_31818/D
CONNECT_NET LTIELO_NET R_31818/D
DISCONNECT U5053/B
CONNECT_NET LTIELO_NET U5053/B
DISCONNECT U5199/A
CONNECT_NET LTIELO_NET U5199/A
DISCONNECT U5224/A0
CONNECT_NET LTIELO_NET U5224/A0
DISCONNECT U5042/A0
CONNECT_NET LTIELO_NET U5042/A0
DISCONNECT U5061/A0
CONNECT_NET LTIELO_NET U5061/A0
DISCONNECT U5052/B
CONNECT_NET LTIELO_NET U5052/B
DISCONNECT U5060/A
CONNECT_NET LTIELO_NET U5060/A
DISCONNECT U5229/A0
CONNECT_NET LTIELO_NET U5229/A0
DISCONNECT U5188/B
CONNECT_NET LTIELO_NET U5188/B
DISCONNECT U5194/A
CONNECT_NET LTIELO_NET U5194/A
DISCONNECT U5182/B
CONNECT_NET LTIELO_NET U5182/B
DISCONNECT U5181/A0
CONNECT_NET LTIELO_NET U5181/A0
DISCONNECT U5047/B
CONNECT_NET LTIELO_NET U5047/B
DISCONNECT U5057/A1
CONNECT_NET LTIELO_NET U5057/A1
DISCONNECT U788/A1
CONNECT_NET LTIELO_NET U788/A1
DISCONNECT U5046/B
CONNECT_NET LTIELO_NET U5046/B
DISCONNECT U5056/A
CONNECT_NET LTIELO_NET U5056/A
DISCONNECT U5215/B
CONNECT_NET LTIELO_NET U5215/B
DISCONNECT U5328/A1
CONNECT_NET LTIELO_NET U5328/A1
DISCONNECT U5330/A1
CONNECT_NET LTIELO_NET U5330/A1
DISCONNECT U5336/B1
CONNECT_NET LTIELO_NET U5336/B1
DISCONNECT U5327/A1
CONNECT_NET LTIELO_NET U5327/A1
DISCONNECT U5340/B1
CONNECT_NET LTIELO_NET U5340/B1
DISCONNECT U5179/A0
CONNECT_NET LTIELO_NET U5179/A0
DISCONNECT U5048/A
CONNECT_NET LTIELO_NET U5048/A
DISCONNECT U5173/A0
CONNECT_NET LTIELO_NET U5173/A0
DISCONNECT U5051/B
CONNECT_NET LTIELO_NET U5051/B
DISCONNECT U5337/B1
CONNECT_NET LTIELO_NET U5337/B1
DISCONNECT U5176/A
CONNECT_NET LTIELO_NET U5176/A
DISCONNECT U5050/A
CONNECT_NET LTIELO_NET U5050/A
DISCONNECT U5231/A0
CONNECT_NET LTIELO_NET U5231/A0
DISCONNECT U5045/A0
CONNECT_NET LTIELO_NET U5045/A0
DISCONNECT U5091/B
CONNECT_NET LTIELO_NET U5091/B
DISCONNECT U5075/B
CONNECT_NET LTIELO_NET U5075/B
DISCONNECT U5077/B
CONNECT_NET LTIELO_NET U5077/B
DISCONNECT U5089/B
CONNECT_NET LTIELO_NET U5089/B
DISCONNECT U5080/B
CONNECT_NET LTIELO_NET U5080/B
DISCONNECT U5081/B
CONNECT_NET LTIELO_NET U5081/B
DISCONNECT U5049/A0
CONNECT_NET LTIELO_NET U5049/A0
DISCONNECT U5086/B
CONNECT_NET LTIELO_NET U5086/B
DISCONNECT U5090/B
CONNECT_NET LTIELO_NET U5090/B
DISCONNECT U5092/B
CONNECT_NET LTIELO_NET U5092/B
DISCONNECT U5325/A
CONNECT_NET LTIELO_NET U5325/A
DISCONNECT U5338/A
CONNECT_NET LTIELO_NET U5338/A
DISCONNECT U5015/B
CONNECT_NET LTIELO_NET U5015/B
DISCONNECT U5161/B0
CONNECT_NET LTIELO_NET U5161/B0
DISCONNECT U5078/B
CONNECT_NET LTIELO_NET U5078/B
DISCONNECT U5076/B
CONNECT_NET LTIELO_NET U5076/B
DISCONNECT U5068/B0
CONNECT_NET LTIELO_NET U5068/B0
DISCONNECT U5088/B0
CONNECT_NET LTIELO_NET U5088/B0
DISCONNECT U5206/B0
CONNECT_NET LTIELO_NET U5206/B0
DISCONNECT U5017/B
CONNECT_NET LTIELO_NET U5017/B
DISCONNECT U5016/A
CONNECT_NET LTIELO_NET U5016/A
DISCONNECT U5326/A
CONNECT_NET LTIELO_NET U5326/A
DISCONNECT R_9524/D
CONNECT_NET LTIELO_NET R_9524/D
DISCONNECT U5067/B
CONNECT_NET LTIELO_NET U5067/B
DISCONNECT U5203/B
CONNECT_NET LTIELO_NET U5203/B
DISCONNECT U5356/A1
CONNECT_NET LTIELO_NET U5356/A1
DISCONNECT R_9436/D
CONNECT_NET LTIELO_NET R_9436/D
DISCONNECT U5339/A
CONNECT_NET LTIELO_NET U5339/A
DISCONNECT U5346/A1
CONNECT_NET LTIELO_NET U5346/A1
DISCONNECT U5354/A
CONNECT_NET LTIELO_NET U5354/A
DISCONNECT U5073/B
CONNECT_NET LTIELO_NET U5073/B
DISCONNECT U5204/B
CONNECT_NET LTIELO_NET U5204/B
DISCONNECT U5355/A1
CONNECT_NET LTIELO_NET U5355/A1
DISCONNECT U1592/A1
CONNECT_NET LTIELO_NET U1592/A1
DISCONNECT U5210/B
CONNECT_NET LTIELO_NET U5210/B
DISCONNECT U5334/A
CONNECT_NET LTIELO_NET U5334/A
DISCONNECT U5041/B
CONNECT_NET LTIELO_NET U5041/B
DISCONNECT R_6924/D
CONNECT_NET LTIELO_NET R_6924/D
DISCONNECT U5207/B
CONNECT_NET LTIELO_NET U5207/B
DISCONNECT U5345/A1
CONNECT_NET LTIELO_NET U5345/A1
DISCONNECT U5070/B0
CONNECT_NET LTIELO_NET U5070/B0
DISCONNECT U5329/B1
CONNECT_NET LTIELO_NET U5329/B1
DISCONNECT U5351/A1
CONNECT_NET LTIELO_NET U5351/A1
DISCONNECT U5069/B0
CONNECT_NET LTIELO_NET U5069/B0
DISCONNECT U5331/B1
CONNECT_NET LTIELO_NET U5331/B1
DISCONNECT U5164/B0
CONNECT_NET LTIELO_NET U5164/B0
DISCONNECT U5083/B0
CONNECT_NET LTIELO_NET U5083/B0
DISCONNECT U5335/B1
CONNECT_NET LTIELO_NET U5335/B1
DISCONNECT U5347/A
CONNECT_NET LTIELO_NET U5347/A
DISCONNECT U5087/B
CONNECT_NET LTIELO_NET U5087/B
DISCONNECT U5343/A
CONNECT_NET LTIELO_NET U5343/A
DISCONNECT U5348/A
CONNECT_NET LTIELO_NET U5348/A
DISCONNECT U5072/B0
CONNECT_NET LTIELO_NET U5072/B0
DISCONNECT U5332/B1
CONNECT_NET LTIELO_NET U5332/B1
DISCONNECT U5341/A
CONNECT_NET LTIELO_NET U5341/A
DISCONNECT U5084/A
CONNECT_NET LTIELO_NET U5084/A
DISCONNECT U5071/B0
CONNECT_NET LTIELO_NET U5071/B0
DISCONNECT U5333/A
CONNECT_NET LTIELO_NET U5333/A
DISCONNECT U5093/B
CONNECT_NET LTIELO_NET U5093/B
DISCONNECT U5357/A
CONNECT_NET LTIELO_NET U5357/A
DISCONNECT U5185/A
CONNECT_NET LTIELO_NET U5185/A
DISCONNECT U5349/A
CONNECT_NET LTIELO_NET U5349/A
DISCONNECT U5074/B0
CONNECT_NET LTIELO_NET U5074/B0
DISCONNECT U5082/B
CONNECT_NET LTIELO_NET U5082/B
DISCONNECT U5163/B0
CONNECT_NET LTIELO_NET U5163/B0
DISCONNECT U5162/B0
CONNECT_NET LTIELO_NET U5162/B0
DISCONNECT R_6922/D
CONNECT_NET LTIELO_NET R_6922/D
DISCONNECT U5079/B
CONNECT_NET LTIELO_NET U5079/B
DISCONNECT R_25700/D
CONNECT_NET LTIELO_NET R_25700/D
DISCONNECT U1359/A1
CONNECT_NET LTIELO_NET U1359/A1
DISCONNECT U5342/A
CONNECT_NET LTIELO_NET U5342/A
DISCONNECT U5352/A1
CONNECT_NET LTIELO_NET U5352/A1
DISCONNECT U5065/B0
CONNECT_NET LTIELO_NET U5065/B0
DISCONNECT R_25652/D
CONNECT_NET LTIELO_NET R_25652/D
DISCONNECT U5344/B1
CONNECT_NET LTIELO_NET U5344/B1
DISCONNECT U5064/B0
CONNECT_NET LTIELO_NET U5064/B0
DISCONNECT U5165/B0
CONNECT_NET LTIELO_NET U5165/B0
DISCONNECT U5085/B0
CONNECT_NET LTIELO_NET U5085/B0
DISCONNECT U1997/A1
CONNECT_NET LTIELO_NET U1997/A1
DISCONNECT U5066/B0
CONNECT_NET LTIELO_NET U5066/B0
DISCONNECT U2191/B0
CONNECT_NET LTIELO_NET U2191/B0
DISCONNECT U5166/B0
CONNECT_NET LTIELO_NET U5166/B0
DISCONNECT U5350/B1
CONNECT_NET LTIELO_NET U5350/B1
DISCONNECT U5353/A1
CONNECT_NET LTIELO_NET U5353/A1
DISCONNECT R_25650/D
CONNECT_NET LTIELO_NET R_25650/D
DISCONNECT R_6365/D
CONNECT_NET LTIELO_NET R_6365/D
DISCONNECT R_25921/D
CONNECT_NET LTIELO_NET R_25921/D
DISCONNECT R_25950/D
CONNECT_NET LTIELO_NET R_25950/D
DISCONNECT R_32667/D
CONNECT_NET LTIELO_NET R_32667/D
DISCONNECT U5037/A
CONNECT_NET LTIELO_NET U5037/A
DISCONNECT U5038/A0
CONNECT_NET LTIELO_NET U5038/A0
DISCONNECT R_31815/D
CONNECT_NET LTIELO_NET R_31815/D
DISCONNECT U5197/A
CONNECT_NET LTIELO_NET U5197/A
DISCONNECT U5039/A0
CONNECT_NET LTIELO_NET U5039/A0
DISCONNECT U5040/B
CONNECT_NET LTIELO_NET U5040/B
DISCONNECT U5187/A
CONNECT_NET LTIELO_NET U5187/A
DISCONNECT U5202/A
CONNECT_NET LTIELO_NET U5202/A
DISCONNECT R_25953/D
CONNECT_NET LTIELO_NET R_25953/D
DISCONNECT U5208/C0
CONNECT_NET LTIELO_NET U5208/C0
DISCONNECT U5190/C0
CONNECT_NET LTIELO_NET U5190/C0
DISCONNECT U5193/A1
CONNECT_NET LTIELO_NET U5193/A1
DISCONNECT U5193/B1
CONNECT_NET LTIELO_NET U5193/B1
DISCONNECT U5213/B
CONNECT_NET LTIELO_NET U5213/B
DISCONNECT R_31760/D
CONNECT_NET LTIELO_NET R_31760/D
DISCONNECT R_26672/D
CONNECT_NET LTIELO_NET R_26672/D
DISCONNECT U5024/A0
CONNECT_NET LTIELO_NET U5024/A0
DISCONNECT U5035/B
CONNECT_NET LTIELO_NET U5035/B
DISCONNECT U5174/A
CONNECT_NET LTIELO_NET U5174/A
DISCONNECT U5028/B
CONNECT_NET LTIELO_NET U5028/B
DISCONNECT U5034/A
CONNECT_NET LTIELO_NET U5034/A
DISCONNECT U5184/A0
CONNECT_NET LTIELO_NET U5184/A0
DISCONNECT U5223/A0
CONNECT_NET LTIELO_NET U5223/A0
DISCONNECT U5036/A0
CONNECT_NET LTIELO_NET U5036/A0
DISCONNECT U5228/A0
CONNECT_NET LTIELO_NET U5228/A0
DISCONNECT U5230/A0
CONNECT_NET LTIELO_NET U5230/A0
DISCONNECT U5020/A0
CONNECT_NET LTIELO_NET U5020/A0
DISCONNECT U5171/A0
CONNECT_NET LTIELO_NET U5171/A0
DISCONNECT U5216/A0
CONNECT_NET LTIELO_NET U5216/A0
DISCONNECT U5021/B
CONNECT_NET LTIELO_NET U5021/B
DISCONNECT R_25733/D
CONNECT_NET LTIELO_NET R_25733/D
DISCONNECT U5027/A
CONNECT_NET LTIELO_NET U5027/A
DISCONNECT U5029/B
CONNECT_NET LTIELO_NET U5029/B
DISCONNECT U5212/B
CONNECT_NET LTIELO_NET U5212/B
DISCONNECT U5030/A1
CONNECT_NET LTIELO_NET U5030/A1
DISCONNECT U5192/A0
CONNECT_NET LTIELO_NET U5192/A0
DISCONNECT U5217/B
CONNECT_NET LTIELO_NET U5217/B
DISCONNECT U5011/A
CONNECT_NET LTIELO_NET U5011/A
DISCONNECT U5013/A1
CONNECT_NET LTIELO_NET U5013/A1
DISCONNECT U5205/A1
CONNECT_NET LTIELO_NET U5205/A1
DISCONNECT R_32802/D
CONNECT_NET LTIELO_NET R_32802/D
DISCONNECT R_32666/D
CONNECT_NET LTIELO_NET R_32666/D
DISCONNECT U5025/A1
CONNECT_NET LTIELO_NET U5025/A1
DISCONNECT R_25641/D
CONNECT_NET LTIELO_NET R_25641/D
DISCONNECT U5200/A
CONNECT_NET LTIELO_NET U5200/A
DISCONNECT R_25623/D
CONNECT_NET LTIELO_NET R_25623/D
DISCONNECT U5012/A0
CONNECT_NET LTIELO_NET U5012/A0
DISCONNECT U5019/A
CONNECT_NET LTIELO_NET U5019/A
DISCONNECT U5033/A1
CONNECT_NET LTIELO_NET U5033/A1
DISCONNECT U5026/A1
CONNECT_NET LTIELO_NET U5026/A1
DISCONNECT U5198/A1
CONNECT_NET LTIELO_NET U5198/A1
DISCONNECT U3070/A1
CONNECT_NET LTIELO_NET U3070/A1
DISCONNECT U5022/B
CONNECT_NET LTIELO_NET U5022/B
DISCONNECT R_33015/D
CONNECT_NET LTIELO_NET R_33015/D
DISCONNECT U5175/A0
CONNECT_NET LTIELO_NET U5175/A0
DISCONNECT U5221/B
CONNECT_NET LTIELO_NET U5221/B
DISCONNECT U5014/B
CONNECT_NET LTIELO_NET U5014/B
DISCONNECT U5172/A1
CONNECT_NET LTIELO_NET U5172/A1
DISCONNECT U5023/A
CONNECT_NET LTIELO_NET U5023/A
DISCONNECT R_26693/D
CONNECT_NET LTIELO_NET R_26693/D
DISCONNECT U5031/B
CONNECT_NET LTIELO_NET U5031/B
DISCONNECT U5226/A0
CONNECT_NET LTIELO_NET U5226/A0
DISCONNECT R_25870/D
CONNECT_NET LTIELO_NET R_25870/D
DISCONNECT U5032/A1
CONNECT_NET LTIELO_NET U5032/A1
DISCONNECT U5177/A0
CONNECT_NET LTIELO_NET U5177/A0
DISCONNECT U5178/B
CONNECT_NET LTIELO_NET U5178/B
DISCONNECT R_25696/D
CONNECT_NET LTIELO_NET R_25696/D
DISCONNECT U5018/A
CONNECT_NET LTIELO_NET U5018/A
DISCONNECT U5106/A1
CONNECT_NET LTIELO_NET U5106/A1
DISCONNECT U5105/B
CONNECT_NET LTIELO_NET U5105/B
DISCONNECT U5309/A0
CONNECT_NET LTIELO_NET U5309/A0
DISCONNECT U5270/A
CONNECT_NET LTIELO_NET U5270/A
DISCONNECT U5265/A1
CONNECT_NET LTIELO_NET U5265/A1
DISCONNECT U5098/A
CONNECT_NET LTIELO_NET U5098/A
DISCONNECT U5265/B1
CONNECT_NET LTIELO_NET U5265/B1
DISCONNECT U5319/A0
CONNECT_NET LTIELO_NET U5319/A0
DISCONNECT U5273/B
CONNECT_NET LTIELO_NET U5273/B
DISCONNECT U5280/A1
CONNECT_NET LTIELO_NET U5280/A1
DISCONNECT U5316/A0
CONNECT_NET LTIELO_NET U5316/A0
DISCONNECT U5277/B0
CONNECT_NET LTIELO_NET U5277/B0
DISCONNECT U5299/A0
CONNECT_NET LTIELO_NET U5299/A0
DISCONNECT U5266/A0
CONNECT_NET LTIELO_NET U5266/A0
DISCONNECT U5312/A0
CONNECT_NET LTIELO_NET U5312/A0
DISCONNECT U5264/A1
CONNECT_NET LTIELO_NET U5264/A1
DISCONNECT U5301/A
CONNECT_NET LTIELO_NET U5301/A
DISCONNECT U5289/B
CONNECT_NET LTIELO_NET U5289/B
DISCONNECT U5107/A0
CONNECT_NET LTIELO_NET U5107/A0
DISCONNECT U5099/A1
CONNECT_NET LTIELO_NET U5099/A1
DISCONNECT U5283/A
CONNECT_NET LTIELO_NET U5283/A
DISCONNECT U5314/A1
CONNECT_NET LTIELO_NET U5314/A1
DISCONNECT U5104/B
CONNECT_NET LTIELO_NET U5104/B
DISCONNECT U5297/A0
CONNECT_NET LTIELO_NET U5297/A0
DISCONNECT U5294/B
CONNECT_NET LTIELO_NET U5294/B
DISCONNECT U5293/A1
CONNECT_NET LTIELO_NET U5293/A1
DISCONNECT R_30467/D
CONNECT_NET LTIELO_NET R_30467/D
DISCONNECT U5323/A0
CONNECT_NET LTIELO_NET U5323/A0
DISCONNECT R_30482/D
CONNECT_NET LTIELO_NET R_30482/D
DISCONNECT R_30514/D
CONNECT_NET LTIELO_NET R_30514/D
DISCONNECT R_30503/D
CONNECT_NET LTIELO_NET R_30503/D
DISCONNECT R_30453/D
CONNECT_NET LTIELO_NET R_30453/D
DISCONNECT R_30506/D
CONNECT_NET LTIELO_NET R_30506/D
DISCONNECT R_30504/D
CONNECT_NET LTIELO_NET R_30504/D
DISCONNECT R_30505/D
CONNECT_NET LTIELO_NET R_30505/D
DISCONNECT R_30455/D
CONNECT_NET LTIELO_NET R_30455/D
DISCONNECT U5287/B
CONNECT_NET LTIELO_NET U5287/B
DISCONNECT R_30452/D
CONNECT_NET LTIELO_NET R_30452/D
DISCONNECT U5288/B
CONNECT_NET LTIELO_NET U5288/B
DISCONNECT R_30457/D
CONNECT_NET LTIELO_NET R_30457/D
DISCONNECT U5102/B
CONNECT_NET LTIELO_NET U5102/B
DISCONNECT U5100/A0
CONNECT_NET LTIELO_NET U5100/A0
DISCONNECT U5101/B
CONNECT_NET LTIELO_NET U5101/B
DISCONNECT U2893/A
CONNECT_NET LTIELO_NET U2893/A
DISCONNECT U5103/A0
CONNECT_NET LTIELO_NET U5103/A0
DISCONNECT U5094/A1
CONNECT_NET LTIELO_NET U5094/A1
DISCONNECT U5097/C
CONNECT_NET LTIELO_NET U5097/C
DISCONNECT U5097/B
CONNECT_NET LTIELO_NET U5097/B
DISCONNECT U5095/A
CONNECT_NET LTIELO_NET U5095/A
DISCONNECT U5096/A0
CONNECT_NET LTIELO_NET U5096/A0
DISCONNECT U5247/A1
CONNECT_NET LTIELO_NET U5247/A1
DISCONNECT U5241/A
CONNECT_NET LTIELO_NET U5241/A
DISCONNECT U5235/A1
CONNECT_NET LTIELO_NET U5235/A1
DISCONNECT U5282/A
CONNECT_NET LTIELO_NET U5282/A
DISCONNECT U1892/A1
CONNECT_NET LTIELO_NET U1892/A1
DISCONNECT U5244/B1
CONNECT_NET LTIELO_NET U5244/B1
DISCONNECT U5236/B1
CONNECT_NET LTIELO_NET U5236/B1
DISCONNECT U5156/B
CONNECT_NET LTIELO_NET U5156/B
DISCONNECT U5243/B1
CONNECT_NET LTIELO_NET U5243/B1
DISCONNECT U5147/B
CONNECT_NET LTIELO_NET U5147/B
DISCONNECT U5152/B
CONNECT_NET LTIELO_NET U5152/B
DISCONNECT U5245/A
CONNECT_NET LTIELO_NET U5245/A
DISCONNECT U5279/B
CONNECT_NET LTIELO_NET U5279/B
DISCONNECT U5151/B
CONNECT_NET LTIELO_NET U5151/B
DISCONNECT U5159/B
CONNECT_NET LTIELO_NET U5159/B
DISCONNECT U5170/B0
CONNECT_NET LTIELO_NET U5170/B0
DISCONNECT U5239/A
CONNECT_NET LTIELO_NET U5239/A
DISCONNECT U5169/B0
CONNECT_NET LTIELO_NET U5169/B0
DISCONNECT U5238/A
CONNECT_NET LTIELO_NET U5238/A
DISCONNECT U5148/B0
CONNECT_NET LTIELO_NET U5148/B0
DISCONNECT U5275/B
CONNECT_NET LTIELO_NET U5275/B
DISCONNECT U5160/B0
CONNECT_NET LTIELO_NET U5160/B0
DISCONNECT U1456/A1
CONNECT_NET LTIELO_NET U1456/A1
DISCONNECT U5237/A
CONNECT_NET LTIELO_NET U5237/A
DISCONNECT U1453/A1
CONNECT_NET LTIELO_NET U1453/A1
DISCONNECT U1976/A1
CONNECT_NET LTIELO_NET U1976/A1
DISCONNECT U1976/B1
CONNECT_NET LTIELO_NET U1976/B1
DISCONNECT U2413/A1
CONNECT_NET LTIELO_NET U2413/A1
DISCONNECT U5140/B
CONNECT_NET LTIELO_NET U5140/B
DISCONNECT U5259/A1
CONNECT_NET LTIELO_NET U5259/A1
DISCONNECT U5274/B
CONNECT_NET LTIELO_NET U5274/B
DISCONNECT U5276/B
CONNECT_NET LTIELO_NET U5276/B
DISCONNECT U5307/A0
CONNECT_NET LTIELO_NET U5307/A0
DISCONNECT U5258/A1
CONNECT_NET LTIELO_NET U5258/A1
DISCONNECT U5167/B0
CONNECT_NET LTIELO_NET U5167/B0
DISCONNECT U5143/B0
CONNECT_NET LTIELO_NET U5143/B0
DISCONNECT U5149/B
CONNECT_NET LTIELO_NET U5149/B
DISCONNECT U4084/B0
CONNECT_NET LTIELO_NET U4084/B0
DISCONNECT U5232/B1
CONNECT_NET LTIELO_NET U5232/B1
DISCONNECT U5248/A
CONNECT_NET LTIELO_NET U5248/A
DISCONNECT U5150/B
CONNECT_NET LTIELO_NET U5150/B
DISCONNECT U5285/B
CONNECT_NET LTIELO_NET U5285/B
DISCONNECT U5251/A
CONNECT_NET LTIELO_NET U5251/A
DISCONNECT U5284/B
CONNECT_NET LTIELO_NET U5284/B
DISCONNECT U2073/A1
CONNECT_NET LTIELO_NET U2073/A1
DISCONNECT U5254/A
CONNECT_NET LTIELO_NET U5254/A
DISCONNECT U5158/B
CONNECT_NET LTIELO_NET U5158/B
DISCONNECT U5253/A
CONNECT_NET LTIELO_NET U5253/A
DISCONNECT U5255/A1
CONNECT_NET LTIELO_NET U5255/A1
DISCONNECT U5257/A1
CONNECT_NET LTIELO_NET U5257/A1
DISCONNECT U3321/A1
CONNECT_NET LTIELO_NET U3321/A1
DISCONNECT U5291/B
CONNECT_NET LTIELO_NET U5291/B
DISCONNECT U2068/A1
CONNECT_NET LTIELO_NET U2068/A1
DISCONNECT U5246/B1
CONNECT_NET LTIELO_NET U5246/B1
DISCONNECT U5252/A
CONNECT_NET LTIELO_NET U5252/A
DISCONNECT U5155/A
CONNECT_NET LTIELO_NET U5155/A
DISCONNECT U5240/A
CONNECT_NET LTIELO_NET U5240/A
DISCONNECT U5242/B1
CONNECT_NET LTIELO_NET U5242/B1
DISCONNECT U2051/A1
CONNECT_NET LTIELO_NET U2051/A1
DISCONNECT U5233/B1
CONNECT_NET LTIELO_NET U5233/B1
DISCONNECT U5249/A
CONNECT_NET LTIELO_NET U5249/A
DISCONNECT U5234/A
CONNECT_NET LTIELO_NET U5234/A
DISCONNECT U5157/B
CONNECT_NET LTIELO_NET U5157/B
DISCONNECT U5154/B0
CONNECT_NET LTIELO_NET U5154/B0
DISCONNECT U5153/B
CONNECT_NET LTIELO_NET U5153/B
DISCONNECT U5256/B1
CONNECT_NET LTIELO_NET U5256/B1
DISCONNECT U135/B0
CONNECT_NET LTIELO_NET U135/B0
DISCONNECT U5168/B0
CONNECT_NET LTIELO_NET U5168/B0
DISCONNECT U5146/B0
CONNECT_NET LTIELO_NET U5146/B0
DISCONNECT U5145/B0
CONNECT_NET LTIELO_NET U5145/B0
DISCONNECT U5250/B1
CONNECT_NET LTIELO_NET U5250/B1
DISCONNECT U5144/B0
CONNECT_NET LTIELO_NET U5144/B0
DISCONNECT U5142/B
CONNECT_NET LTIELO_NET U5142/B
DISCONNECT U5108/A0
CONNECT_NET LTIELO_NET U5108/A0
DISCONNECT U5110/A0
CONNECT_NET LTIELO_NET U5110/A0
DISCONNECT U2203/B0
CONNECT_NET LTIELO_NET U2203/B0
DISCONNECT U5120/A0
CONNECT_NET LTIELO_NET U5120/A0
DISCONNECT U5111/B
CONNECT_NET LTIELO_NET U5111/B
DISCONNECT U2221/B0
CONNECT_NET LTIELO_NET U2221/B0
DISCONNECT U5109/A
CONNECT_NET LTIELO_NET U5109/A
DISCONNECT U5119/A0
CONNECT_NET LTIELO_NET U5119/A0
DISCONNECT U5112/A
CONNECT_NET LTIELO_NET U5112/A
DISCONNECT U5118/A
CONNECT_NET LTIELO_NET U5118/A
DISCONNECT U5123/B
CONNECT_NET LTIELO_NET U5123/B
DISCONNECT U5321/A0
CONNECT_NET LTIELO_NET U5321/A0
DISCONNECT U5127/A
CONNECT_NET LTIELO_NET U5127/A
DISCONNECT U5304/A
CONNECT_NET LTIELO_NET U5304/A
DISCONNECT U5117/A
CONNECT_NET LTIELO_NET U5117/A
DISCONNECT U5267/A
CONNECT_NET LTIELO_NET U5267/A
DISCONNECT U5306/B
CONNECT_NET LTIELO_NET U5306/B
DISCONNECT U5296/A0
CONNECT_NET LTIELO_NET U5296/A0
DISCONNECT U5295/A
CONNECT_NET LTIELO_NET U5295/A
DISCONNECT U5320/B
CONNECT_NET LTIELO_NET U5320/B
DISCONNECT U5138/A
CONNECT_NET LTIELO_NET U5138/A
DISCONNECT U5116/B
CONNECT_NET LTIELO_NET U5116/B
DISCONNECT U5324/B
CONNECT_NET LTIELO_NET U5324/B
DISCONNECT U5113/A1
CONNECT_NET LTIELO_NET U5113/A1
DISCONNECT U5132/A
CONNECT_NET LTIELO_NET U5132/A
DISCONNECT U5290/A1
CONNECT_NET LTIELO_NET U5290/A1
DISCONNECT U5121/B
CONNECT_NET LTIELO_NET U5121/B
DISCONNECT U5133/B
CONNECT_NET LTIELO_NET U5133/B
DISCONNECT U5268/B
CONNECT_NET LTIELO_NET U5268/B
DISCONNECT U5122/A
CONNECT_NET LTIELO_NET U5122/A
DISCONNECT U5261/A
CONNECT_NET LTIELO_NET U5261/A
DISCONNECT U5135/A1
CONNECT_NET LTIELO_NET U5135/A1
DISCONNECT U5134/B
CONNECT_NET LTIELO_NET U5134/B
DISCONNECT U5139/A0
CONNECT_NET LTIELO_NET U5139/A0
DISCONNECT U5322/A0
CONNECT_NET LTIELO_NET U5322/A0
DISCONNECT U5303/A1
CONNECT_NET LTIELO_NET U5303/A1
DISCONNECT U5115/A
CONNECT_NET LTIELO_NET U5115/A
DISCONNECT U5114/B
CONNECT_NET LTIELO_NET U5114/B
DISCONNECT U5263/A
CONNECT_NET LTIELO_NET U5263/A
DISCONNECT U5311/B
CONNECT_NET LTIELO_NET U5311/B
DISCONNECT U5124/A0
CONNECT_NET LTIELO_NET U5124/A0
DISCONNECT U5305/A
CONNECT_NET LTIELO_NET U5305/A
DISCONNECT U5313/A0
CONNECT_NET LTIELO_NET U5313/A0
DISCONNECT U5128/B
CONNECT_NET LTIELO_NET U5128/B
DISCONNECT U5131/A
CONNECT_NET LTIELO_NET U5131/A
DISCONNECT U5292/B
CONNECT_NET LTIELO_NET U5292/B
DISCONNECT U5126/A
CONNECT_NET LTIELO_NET U5126/A
DISCONNECT U5136/A
CONNECT_NET LTIELO_NET U5136/A
DISCONNECT U5298/A0
CONNECT_NET LTIELO_NET U5298/A0
DISCONNECT U5317/A1
CONNECT_NET LTIELO_NET U5317/A1
DISCONNECT U5137/A1
CONNECT_NET LTIELO_NET U5137/A1
DISCONNECT U5300/A0
CONNECT_NET LTIELO_NET U5300/A0
DISCONNECT U5310/A0
CONNECT_NET LTIELO_NET U5310/A0
DISCONNECT U5260/A1
CONNECT_NET LTIELO_NET U5260/A1
DISCONNECT U5271/A
CONNECT_NET LTIELO_NET U5271/A
DISCONNECT U5318/A0
CONNECT_NET LTIELO_NET U5318/A0
DISCONNECT U5281/A1
CONNECT_NET LTIELO_NET U5281/A1
DISCONNECT U5302/A0
CONNECT_NET LTIELO_NET U5302/A0
DISCONNECT U5308/A0
CONNECT_NET LTIELO_NET U5308/A0
DISCONNECT U5315/A0
CONNECT_NET LTIELO_NET U5315/A0
DISCONNECT U5281/B1
CONNECT_NET LTIELO_NET U5281/B1
DISCONNECT U5286/A0
CONNECT_NET LTIELO_NET U5286/A0
DISCONNECT U5269/A1
CONNECT_NET LTIELO_NET U5269/A1
DISCONNECT U5129/A1
CONNECT_NET LTIELO_NET U5129/A1
DISCONNECT U5272/A0
CONNECT_NET LTIELO_NET U5272/A0
DISCONNECT U5125/A
CONNECT_NET LTIELO_NET U5125/A
DISCONNECT U5278/C0
CONNECT_NET LTIELO_NET U5278/C0
DISCONNECT U3251/A1
CONNECT_NET LTIELO_NET U3251/A1
DISCONNECT U5130/B
CONNECT_NET LTIELO_NET U5130/B
DISCONNECT U5141/A
CONNECT_NET LTIELO_NET U5141/A
DISCONNECT U3775/C0
CONNECT_NET LTIELO_NET U3775/C0
DISCONNECT U5262/A
CONNECT_NET LTIELO_NET U5262/A
END_HECO # 0
