###############################################
#                                             #
#  Silicon Perspective, A Cadence Company     #
#  Innovus ECO/IPO Delta file                 #
#                                             #
###############################################
# Created on Thu Dec  1 10:12:41 2022


FORMATVERSION 2

START_HECO
CREATE_INST LTIEHI TIEHIX1MA10TR
CREATE_NET LTIEHI_NET
CONNECT_NET LTIEHI_NET LTIEHI/Y
END_HECO # 0
# ATTACHTERM  vproc_top_v_core_genblk9_0__pipe_genblk2_pipeline/R_16012 D LTIEHI_NET 
START_HECO
CURRENT_INST vproc_top_v_core_genblk9_0__pipe_genblk2_pipeline
CREATE_PORT 1
  LTIEHI_NET INPUT
DISCONNECT R_16012/D
CONNECT_NET LTIEHI_NET R_16012/D
CURRENT_INST 
CONNECT_NET LTIEHI_NET vproc_top_v_core_genblk9_0__pipe_genblk2_pipeline/LTIEHI_NET
END_HECO # 0
START_HECO
CURRENT_INST vproc_top_v_core_genblk9_0__pipe_genblk2_pipeline
DISCONNECT R_16075/D
CONNECT_NET LTIEHI_NET R_16075/D
DISCONNECT R_16394/D
CONNECT_NET LTIEHI_NET R_16394/D
DISCONNECT R_16422/D
CONNECT_NET LTIEHI_NET R_16422/D
DISCONNECT R_13922/D
CONNECT_NET LTIEHI_NET R_13922/D
DISCONNECT R_15862/D
CONNECT_NET LTIEHI_NET R_15862/D
DISCONNECT R_15960/D
CONNECT_NET LTIEHI_NET R_15960/D
DISCONNECT R_16416/D
CONNECT_NET LTIEHI_NET R_16416/D
DISCONNECT R_31821/D
CONNECT_NET LTIEHI_NET R_31821/D
DISCONNECT R_13930/D
CONNECT_NET LTIEHI_NET R_13930/D
DISCONNECT R_13855/D
CONNECT_NET LTIEHI_NET R_13855/D
DISCONNECT R_25644/D
CONNECT_NET LTIEHI_NET R_25644/D
DISCONNECT R_26251/D
CONNECT_NET LTIEHI_NET R_26251/D
DISCONNECT R_26366/D
CONNECT_NET LTIEHI_NET R_26366/D
DISCONNECT R_25955/D
CONNECT_NET LTIEHI_NET R_25955/D
DISCONNECT R_25728/D
CONNECT_NET LTIEHI_NET R_25728/D
DISCONNECT R_32979/D
CONNECT_NET LTIEHI_NET R_32979/D
DISCONNECT R_33026/D
CONNECT_NET LTIEHI_NET R_33026/D
DISCONNECT R_13926/D
CONNECT_NET LTIEHI_NET R_13926/D
DISCONNECT R_31661/D
CONNECT_NET LTIEHI_NET R_31661/D
DISCONNECT R_32989/D
CONNECT_NET LTIEHI_NET R_32989/D
DISCONNECT R_25962/D
CONNECT_NET LTIEHI_NET R_25962/D
DISCONNECT R_31706/D
CONNECT_NET LTIEHI_NET R_31706/D
DISCONNECT R_25753/D
CONNECT_NET LTIEHI_NET R_25753/D
DISCONNECT R_33004/D
CONNECT_NET LTIEHI_NET R_33004/D
DISCONNECT R_25752/D
CONNECT_NET LTIEHI_NET R_25752/D
DISCONNECT R_33018/D
CONNECT_NET LTIEHI_NET R_33018/D
DISCONNECT R_33035/D
CONNECT_NET LTIEHI_NET R_33035/D
DISCONNECT R_31684/D
CONNECT_NET LTIEHI_NET R_31684/D
DISCONNECT R_31660/D
CONNECT_NET LTIEHI_NET R_31660/D
DISCONNECT R_33031/D
CONNECT_NET LTIEHI_NET R_33031/D
DISCONNECT R_32996/D
CONNECT_NET LTIEHI_NET R_32996/D
DISCONNECT R_32980/D
CONNECT_NET LTIEHI_NET R_32980/D
DISCONNECT R_33028/D
CONNECT_NET LTIEHI_NET R_33028/D
DISCONNECT R_31707/D
CONNECT_NET LTIEHI_NET R_31707/D
DISCONNECT R_32997/D
CONNECT_NET LTIEHI_NET R_32997/D
DISCONNECT R_31683/D
CONNECT_NET LTIEHI_NET R_31683/D
DISCONNECT R_31974/D
CONNECT_NET LTIEHI_NET R_31974/D
DISCONNECT R_31957/D
CONNECT_NET LTIEHI_NET R_31957/D
DISCONNECT R_31956/D
CONNECT_NET LTIEHI_NET R_31956/D
DISCONNECT R_31958/D
CONNECT_NET LTIEHI_NET R_31958/D
DISCONNECT R_8879/D
CONNECT_NET LTIEHI_NET R_8879/D
DISCONNECT R_9240/D
CONNECT_NET LTIEHI_NET R_9240/D
DISCONNECT R_31986/D
CONNECT_NET LTIEHI_NET R_31986/D
DISCONNECT R_8844/D
CONNECT_NET LTIEHI_NET R_8844/D
DISCONNECT R_31959/D
CONNECT_NET LTIEHI_NET R_31959/D
DISCONNECT R_13984/D
CONNECT_NET LTIEHI_NET R_13984/D
DISCONNECT R_31971/D
CONNECT_NET LTIEHI_NET R_31971/D
DISCONNECT R_8904/D
CONNECT_NET LTIEHI_NET R_8904/D
DISCONNECT R_9341/D
CONNECT_NET LTIEHI_NET R_9341/D
DISCONNECT R_31973/D
CONNECT_NET LTIEHI_NET R_31973/D
DISCONNECT R_31984/D
CONNECT_NET LTIEHI_NET R_31984/D
DISCONNECT R_31988/D
CONNECT_NET LTIEHI_NET R_31988/D
DISCONNECT R_31972/D
CONNECT_NET LTIEHI_NET R_31972/D
DISCONNECT R_31987/D
CONNECT_NET LTIEHI_NET R_31987/D
DISCONNECT R_31814/D
CONNECT_NET LTIEHI_NET R_31814/D
DISCONNECT R_32995/D
CONNECT_NET LTIEHI_NET R_32995/D
DISCONNECT R_31985/D
CONNECT_NET LTIEHI_NET R_31985/D
DISCONNECT U4933/B
CONNECT_NET LTIEHI_NET U4933/B
DISCONNECT R_9293/D
CONNECT_NET LTIEHI_NET R_9293/D
DISCONNECT U4718/B0
CONNECT_NET LTIEHI_NET U4718/B0
DISCONNECT R_8589/D
CONNECT_NET LTIEHI_NET R_8589/D
DISCONNECT R_31989/D
CONNECT_NET LTIEHI_NET R_31989/D
DISCONNECT R_31708/D
CONNECT_NET LTIEHI_NET R_31708/D
DISCONNECT U4511/A1
CONNECT_NET LTIEHI_NET U4511/A1
DISCONNECT U4935/A
CONNECT_NET LTIEHI_NET U4935/A
DISCONNECT U4934/D
CONNECT_NET LTIEHI_NET U4934/D
DISCONNECT U4488/B0
CONNECT_NET LTIEHI_NET U4488/B0
DISCONNECT U4451/B0
CONNECT_NET LTIEHI_NET U4451/B0
DISCONNECT U4454/B0
CONNECT_NET LTIEHI_NET U4454/B0
DISCONNECT U4486/B0
CONNECT_NET LTIEHI_NET U4486/B0
DISCONNECT U4489/B0
CONNECT_NET LTIEHI_NET U4489/B0
DISCONNECT U4487/B0
CONNECT_NET LTIEHI_NET U4487/B0
DISCONNECT U4509/A0N
CONNECT_NET LTIEHI_NET U4509/A0N
DISCONNECT U4510/A1
CONNECT_NET LTIEHI_NET U4510/A1
DISCONNECT U4931/B
CONNECT_NET LTIEHI_NET U4931/B
DISCONNECT U4453/B0
CONNECT_NET LTIEHI_NET U4453/B0
DISCONNECT U2343/A1
CONNECT_NET LTIEHI_NET U2343/A1
DISCONNECT U4452/B0
CONNECT_NET LTIEHI_NET U4452/B0
DISCONNECT U4461/A1
CONNECT_NET LTIEHI_NET U4461/A1
DISCONNECT U4460/B
CONNECT_NET LTIEHI_NET U4460/B
DISCONNECT U4503/B0N
CONNECT_NET LTIEHI_NET U4503/B0N
DISCONNECT U4448/B
CONNECT_NET LTIEHI_NET U4448/B
DISCONNECT U4448/A
CONNECT_NET LTIEHI_NET U4448/A
DISCONNECT U4455/A
CONNECT_NET LTIEHI_NET U4455/A
DISCONNECT U4485/B0
CONNECT_NET LTIEHI_NET U4485/B0
DISCONNECT U4505/A1
CONNECT_NET LTIEHI_NET U4505/A1
DISCONNECT U3994/B
CONNECT_NET LTIEHI_NET U3994/B
DISCONNECT U4740/B
CONNECT_NET LTIEHI_NET U4740/B
DISCONNECT U4863/B
CONNECT_NET LTIEHI_NET U4863/B
DISCONNECT U4504/B0N
CONNECT_NET LTIEHI_NET U4504/B0N
DISCONNECT U337/B
CONNECT_NET LTIEHI_NET U337/B
DISCONNECT R_7487/D
CONNECT_NET LTIEHI_NET R_7487/D
DISCONNECT U4458/B
CONNECT_NET LTIEHI_NET U4458/B
DISCONNECT U4459/A1
CONNECT_NET LTIEHI_NET U4459/A1
DISCONNECT U4436/B
CONNECT_NET LTIEHI_NET U4436/B
DISCONNECT U4436/A
CONNECT_NET LTIEHI_NET U4436/A
DISCONNECT U4478/B
CONNECT_NET LTIEHI_NET U4478/B
DISCONNECT U4725/B0
CONNECT_NET LTIEHI_NET U4725/B0
DISCONNECT U4479/B0
CONNECT_NET LTIEHI_NET U4479/B0
DISCONNECT U4480/B0
CONNECT_NET LTIEHI_NET U4480/B0
DISCONNECT U4771/B
CONNECT_NET LTIEHI_NET U4771/B
DISCONNECT U4846/B
CONNECT_NET LTIEHI_NET U4846/B
DISCONNECT U4856/B
CONNECT_NET LTIEHI_NET U4856/B
DISCONNECT U4449/A0
CONNECT_NET LTIEHI_NET U4449/A0
DISCONNECT R_32986/D
CONNECT_NET LTIEHI_NET R_32986/D
DISCONNECT R_32987/D
CONNECT_NET LTIEHI_NET R_32987/D
DISCONNECT R_33025/D
CONNECT_NET LTIEHI_NET R_33025/D
DISCONNECT U4739/B
CONNECT_NET LTIEHI_NET U4739/B
DISCONNECT R_33017/D
CONNECT_NET LTIEHI_NET R_33017/D
DISCONNECT R_32994/D
CONNECT_NET LTIEHI_NET R_32994/D
DISCONNECT R_33019/D
CONNECT_NET LTIEHI_NET R_33019/D
DISCONNECT R_33027/D
CONNECT_NET LTIEHI_NET R_33027/D
DISCONNECT R_33033/D
CONNECT_NET LTIEHI_NET R_33033/D
DISCONNECT U4456/B0
CONNECT_NET LTIEHI_NET U4456/B0
DISCONNECT U4457/B0
CONNECT_NET LTIEHI_NET U4457/B0
DISCONNECT U4508/A1
CONNECT_NET LTIEHI_NET U4508/A1
DISCONNECT U4481/B0
CONNECT_NET LTIEHI_NET U4481/B0
DISCONNECT U4475/B0
CONNECT_NET LTIEHI_NET U4475/B0
DISCONNECT U4506/B0N
CONNECT_NET LTIEHI_NET U4506/B0N
DISCONNECT U4474/B0
CONNECT_NET LTIEHI_NET U4474/B0
DISCONNECT U4450/A
CONNECT_NET LTIEHI_NET U4450/A
DISCONNECT U4507/B
CONNECT_NET LTIEHI_NET U4507/B
DISCONNECT R_31763/D
CONNECT_NET LTIEHI_NET R_31763/D
DISCONNECT U4447/D
CONNECT_NET LTIEHI_NET U4447/D
DISCONNECT U4447/C
CONNECT_NET LTIEHI_NET U4447/C
DISCONNECT U4502/A1
CONNECT_NET LTIEHI_NET U4502/A1
DISCONNECT U4501/B0N
CONNECT_NET LTIEHI_NET U4501/B0N
DISCONNECT U4765/B
CONNECT_NET LTIEHI_NET U4765/B
DISCONNECT U94/B0
CONNECT_NET LTIEHI_NET U94/B0
DISCONNECT U4431/D
CONNECT_NET LTIEHI_NET U4431/D
DISCONNECT U4431/C
CONNECT_NET LTIEHI_NET U4431/C
DISCONNECT U4719/B
CONNECT_NET LTIEHI_NET U4719/B
DISCONNECT U4758/A
CONNECT_NET LTIEHI_NET U4758/A
DISCONNECT U4438/A
CONNECT_NET LTIEHI_NET U4438/A
DISCONNECT U4437/A0
CONNECT_NET LTIEHI_NET U4437/A0
DISCONNECT U4732/B
CONNECT_NET LTIEHI_NET U4732/B
DISCONNECT U4916/B
CONNECT_NET LTIEHI_NET U4916/B
DISCONNECT U4443/A1
CONNECT_NET LTIEHI_NET U4443/A1
DISCONNECT U4442/A
CONNECT_NET LTIEHI_NET U4442/A
DISCONNECT U4812/B
CONNECT_NET LTIEHI_NET U4812/B
DISCONNECT U4720/B
CONNECT_NET LTIEHI_NET U4720/B
DISCONNECT U4860/B
CONNECT_NET LTIEHI_NET U4860/B
DISCONNECT U3309/B
CONNECT_NET LTIEHI_NET U3309/B
DISCONNECT U4462/B0
CONNECT_NET LTIEHI_NET U4462/B0
DISCONNECT U4753/A0
CONNECT_NET LTIEHI_NET U4753/A0
DISCONNECT U4464/B0
CONNECT_NET LTIEHI_NET U4464/B0
DISCONNECT U4815/B
CONNECT_NET LTIEHI_NET U4815/B
DISCONNECT U4463/B0
CONNECT_NET LTIEHI_NET U4463/B0
DISCONNECT U4755/A1
CONNECT_NET LTIEHI_NET U4755/A1
DISCONNECT U4013/B
CONNECT_NET LTIEHI_NET U4013/B
DISCONNECT U4759/A
CONNECT_NET LTIEHI_NET U4759/A
DISCONNECT U4837/B
CONNECT_NET LTIEHI_NET U4837/B
DISCONNECT U4477/B
CONNECT_NET LTIEHI_NET U4477/B
DISCONNECT U4738/B
CONNECT_NET LTIEHI_NET U4738/B
DISCONNECT U4444/A0
CONNECT_NET LTIEHI_NET U4444/A0
DISCONNECT U570/B0
CONNECT_NET LTIEHI_NET U570/B0
DISCONNECT U4472/B0
CONNECT_NET LTIEHI_NET U4472/B0
DISCONNECT U4476/B0
CONNECT_NET LTIEHI_NET U4476/B0
DISCONNECT U4473/B0
CONNECT_NET LTIEHI_NET U4473/B0
DISCONNECT U4471/B0
CONNECT_NET LTIEHI_NET U4471/B0
DISCONNECT R_25617/D
CONNECT_NET LTIEHI_NET R_25617/D
DISCONNECT U4770/B
CONNECT_NET LTIEHI_NET U4770/B
DISCONNECT U4737/B
CONNECT_NET LTIEHI_NET U4737/B
DISCONNECT U4736/B
CONNECT_NET LTIEHI_NET U4736/B
DISCONNECT U4818/B
CONNECT_NET LTIEHI_NET U4818/B
DISCONNECT U4446/A1
CONNECT_NET LTIEHI_NET U4446/A1
DISCONNECT U4468/B0
CONNECT_NET LTIEHI_NET U4468/B0
DISCONNECT U4469/B0
CONNECT_NET LTIEHI_NET U4469/B0
DISCONNECT U574/B0
CONNECT_NET LTIEHI_NET U574/B0
DISCONNECT U4465/B0
CONNECT_NET LTIEHI_NET U4465/B0
DISCONNECT R_18677/D
CONNECT_NET LTIEHI_NET R_18677/D
DISCONNECT R_18642/D
CONNECT_NET LTIEHI_NET R_18642/D
DISCONNECT U4445/B
CONNECT_NET LTIEHI_NET U4445/B
DISCONNECT U4491/B0
CONNECT_NET LTIEHI_NET U4491/B0
DISCONNECT R_33024/D
CONNECT_NET LTIEHI_NET R_33024/D
DISCONNECT U4490/B0
CONNECT_NET LTIEHI_NET U4490/B0
DISCONNECT U4492/B0
CONNECT_NET LTIEHI_NET U4492/B0
DISCONNECT U578/B0
CONNECT_NET LTIEHI_NET U578/B0
DISCONNECT U4483/B0
CONNECT_NET LTIEHI_NET U4483/B0
DISCONNECT U4748/A
CONNECT_NET LTIEHI_NET U4748/A
DISCONNECT U4467/B0
CONNECT_NET LTIEHI_NET U4467/B0
DISCONNECT U4855/B
CONNECT_NET LTIEHI_NET U4855/B
DISCONNECT U579/B0
CONNECT_NET LTIEHI_NET U579/B0
DISCONNECT U4883/B
CONNECT_NET LTIEHI_NET U4883/B
DISCONNECT R_31912/D
CONNECT_NET LTIEHI_NET R_31912/D
DISCONNECT U577/B0
CONNECT_NET LTIEHI_NET U577/B0
DISCONNECT R_31810/D
CONNECT_NET LTIEHI_NET R_31810/D
DISCONNECT U4435/B
CONNECT_NET LTIEHI_NET U4435/B
DISCONNECT R_31811/D
CONNECT_NET LTIEHI_NET R_31811/D
DISCONNECT R_13911/D
CONNECT_NET LTIEHI_NET R_13911/D
DISCONNECT R_13868/D
CONNECT_NET LTIEHI_NET R_13868/D
DISCONNECT U4484/B0
CONNECT_NET LTIEHI_NET U4484/B0
DISCONNECT U4482/B0
CONNECT_NET LTIEHI_NET U4482/B0
DISCONNECT U4470/B0
CONNECT_NET LTIEHI_NET U4470/B0
DISCONNECT U4466/B0
CONNECT_NET LTIEHI_NET U4466/B0
DISCONNECT U3384/B
CONNECT_NET LTIEHI_NET U3384/B
DISCONNECT U4757/B
CONNECT_NET LTIEHI_NET U4757/B
DISCONNECT U4915/B
CONNECT_NET LTIEHI_NET U4915/B
DISCONNECT U4920/B
CONNECT_NET LTIEHI_NET U4920/B
DISCONNECT R_30882/D
CONNECT_NET LTIEHI_NET R_30882/D
DISCONNECT U4439/A1
CONNECT_NET LTIEHI_NET U4439/A1
DISCONNECT R_30880/D
CONNECT_NET LTIEHI_NET R_30880/D
DISCONNECT U4919/B
CONNECT_NET LTIEHI_NET U4919/B
DISCONNECT U4811/B
CONNECT_NET LTIEHI_NET U4811/B
DISCONNECT U4780/B
CONNECT_NET LTIEHI_NET U4780/B
DISCONNECT R_13907/D
CONNECT_NET LTIEHI_NET R_13907/D
DISCONNECT U4440/A
CONNECT_NET LTIEHI_NET U4440/A
DISCONNECT U3404/A
CONNECT_NET LTIEHI_NET U3404/A
DISCONNECT U4432/A1
CONNECT_NET LTIEHI_NET U4432/A1
DISCONNECT R_30605/D
CONNECT_NET LTIEHI_NET R_30605/D
DISCONNECT R_30607/D
CONNECT_NET LTIEHI_NET R_30607/D
DISCONNECT R_32042/D
CONNECT_NET LTIEHI_NET R_32042/D
DISCONNECT U4814/B
CONNECT_NET LTIEHI_NET U4814/B
DISCONNECT R_31741/D
CONNECT_NET LTIEHI_NET R_31741/D
DISCONNECT R_31742/D
CONNECT_NET LTIEHI_NET R_31742/D
DISCONNECT U1488/B
CONNECT_NET LTIEHI_NET U1488/B
DISCONNECT U1464/B0
CONNECT_NET LTIEHI_NET U1464/B0
DISCONNECT U4434/A0
CONNECT_NET LTIEHI_NET U4434/A0
DISCONNECT U4751/B
CONNECT_NET LTIEHI_NET U4751/B
DISCONNECT U4828/B
CONNECT_NET LTIEHI_NET U4828/B
DISCONNECT U4433/A1
CONNECT_NET LTIEHI_NET U4433/A1
DISCONNECT R_31587/D
CONNECT_NET LTIEHI_NET R_31587/D
DISCONNECT U4724/B
CONNECT_NET LTIEHI_NET U4724/B
DISCONNECT R_31755/D
CONNECT_NET LTIEHI_NET R_31755/D
DISCONNECT U4721/B
CONNECT_NET LTIEHI_NET U4721/B
DISCONNECT R_31605/D
CONNECT_NET LTIEHI_NET R_31605/D
DISCONNECT R_31747/D
CONNECT_NET LTIEHI_NET R_31747/D
DISCONNECT U4756/B
CONNECT_NET LTIEHI_NET U4756/B
DISCONNECT U4764/B
CONNECT_NET LTIEHI_NET U4764/B
DISCONNECT U4831/B
CONNECT_NET LTIEHI_NET U4831/B
DISCONNECT R_31805/D
CONNECT_NET LTIEHI_NET R_31805/D
DISCONNECT R_31806/D
CONNECT_NET LTIEHI_NET R_31806/D
DISCONNECT R_18626/D
CONNECT_NET LTIEHI_NET R_18626/D
DISCONNECT U4429/A
CONNECT_NET LTIEHI_NET U4429/A
DISCONNECT R_31564/D
CONNECT_NET LTIEHI_NET R_31564/D
DISCONNECT R_18644/D
CONNECT_NET LTIEHI_NET R_18644/D
DISCONNECT U4428/A0
CONNECT_NET LTIEHI_NET U4428/A0
DISCONNECT U4774/B
CONNECT_NET LTIEHI_NET U4774/B
DISCONNECT R_31604/D
CONNECT_NET LTIEHI_NET R_31604/D
DISCONNECT U4723/B
CONNECT_NET LTIEHI_NET U4723/B
DISCONNECT R_13684/D
CONNECT_NET LTIEHI_NET R_13684/D
DISCONNECT R_25741/D
CONNECT_NET LTIEHI_NET R_25741/D
DISCONNECT R_31565/D
CONNECT_NET LTIEHI_NET R_31565/D
DISCONNECT R_31908/D
CONNECT_NET LTIEHI_NET R_31908/D
DISCONNECT R_31909/D
CONNECT_NET LTIEHI_NET R_31909/D
DISCONNECT U4792/B
CONNECT_NET LTIEHI_NET U4792/B
DISCONNECT U4441/A1
CONNECT_NET LTIEHI_NET U4441/A1
DISCONNECT U4898/B
CONNECT_NET LTIEHI_NET U4898/B
DISCONNECT U4778/B
CONNECT_NET LTIEHI_NET U4778/B
DISCONNECT U1535/B0
CONNECT_NET LTIEHI_NET U1535/B0
DISCONNECT U4747/A
CONNECT_NET LTIEHI_NET U4747/A
DISCONNECT U4854/B
CONNECT_NET LTIEHI_NET U4854/B
DISCONNECT R_31586/D
CONNECT_NET LTIEHI_NET R_31586/D
DISCONNECT R_31752/D
CONNECT_NET LTIEHI_NET R_31752/D
DISCONNECT R_31897/D
CONNECT_NET LTIEHI_NET R_31897/D
DISCONNECT R_31898/D
CONNECT_NET LTIEHI_NET R_31898/D
DISCONNECT R_31910/D
CONNECT_NET LTIEHI_NET R_31910/D
DISCONNECT U4827/B
CONNECT_NET LTIEHI_NET U4827/B
DISCONNECT R_13915/D
CONNECT_NET LTIEHI_NET R_13915/D
DISCONNECT U4798/B
CONNECT_NET LTIEHI_NET U4798/B
DISCONNECT U4899/B
CONNECT_NET LTIEHI_NET U4899/B
DISCONNECT R_25740/D
CONNECT_NET LTIEHI_NET R_25740/D
DISCONNECT R_31887/D
CONNECT_NET LTIEHI_NET R_31887/D
DISCONNECT R_31899/D
CONNECT_NET LTIEHI_NET R_31899/D
DISCONNECT U4427/A0
CONNECT_NET LTIEHI_NET U4427/A0
DISCONNECT U4722/B
CONNECT_NET LTIEHI_NET U4722/B
DISCONNECT R_31911/D
CONNECT_NET LTIEHI_NET R_31911/D
DISCONNECT U4872/B
CONNECT_NET LTIEHI_NET U4872/B
DISCONNECT R_33005/D
CONNECT_NET LTIEHI_NET R_33005/D
DISCONNECT U4426/A1
CONNECT_NET LTIEHI_NET U4426/A1
DISCONNECT U4868/B
CONNECT_NET LTIEHI_NET U4868/B
DISCONNECT R_33029/D
CONNECT_NET LTIEHI_NET R_33029/D
DISCONNECT R_33058/D
CONNECT_NET LTIEHI_NET R_33058/D
DISCONNECT U4797/B
CONNECT_NET LTIEHI_NET U4797/B
DISCONNECT U4809/B
CONNECT_NET LTIEHI_NET U4809/B
DISCONNECT R_31606/D
CONNECT_NET LTIEHI_NET R_31606/D
DISCONNECT R_31886/D
CONNECT_NET LTIEHI_NET R_31886/D
DISCONNECT R_31900/D
CONNECT_NET LTIEHI_NET R_31900/D
DISCONNECT U4906/B
CONNECT_NET LTIEHI_NET U4906/B
DISCONNECT U4928/B
CONNECT_NET LTIEHI_NET U4928/B
DISCONNECT R_31736/D
CONNECT_NET LTIEHI_NET R_31736/D
DISCONNECT U4786/B
CONNECT_NET LTIEHI_NET U4786/B
DISCONNECT U4882/B
CONNECT_NET LTIEHI_NET U4882/B
DISCONNECT U4885/B
CONNECT_NET LTIEHI_NET U4885/B
DISCONNECT R_30673/D
CONNECT_NET LTIEHI_NET R_30673/D
DISCONNECT R_30674/D
CONNECT_NET LTIEHI_NET R_30674/D
DISCONNECT U4881/B
CONNECT_NET LTIEHI_NET U4881/B
DISCONNECT U4782/B
CONNECT_NET LTIEHI_NET U4782/B
DISCONNECT U4816/B
CONNECT_NET LTIEHI_NET U4816/B
DISCONNECT U4859/B
CONNECT_NET LTIEHI_NET U4859/B
DISCONNECT U4886/B
CONNECT_NET LTIEHI_NET U4886/B
DISCONNECT U4769/B
CONNECT_NET LTIEHI_NET U4769/B
DISCONNECT R_31737/D
CONNECT_NET LTIEHI_NET R_31737/D
DISCONNECT U4387/A0
CONNECT_NET LTIEHI_NET U4387/A0
DISCONNECT U4839/A1
CONNECT_NET LTIEHI_NET U4839/A1
DISCONNECT U4810/B
CONNECT_NET LTIEHI_NET U4810/B
DISCONNECT U4754/A0
CONNECT_NET LTIEHI_NET U4754/A0
DISCONNECT U4383/A1
CONNECT_NET LTIEHI_NET U4383/A1
DISCONNECT U3019/A0
CONNECT_NET LTIEHI_NET U3019/A0
DISCONNECT U4385/A
CONNECT_NET LTIEHI_NET U4385/A
DISCONNECT U4781/B
CONNECT_NET LTIEHI_NET U4781/B
DISCONNECT U4858/B
CONNECT_NET LTIEHI_NET U4858/B
DISCONNECT U4808/B
CONNECT_NET LTIEHI_NET U4808/B
DISCONNECT U4773/B
CONNECT_NET LTIEHI_NET U4773/B
DISCONNECT U4430/A1
CONNECT_NET LTIEHI_NET U4430/A1
DISCONNECT R_12659/D
CONNECT_NET LTIEHI_NET R_12659/D
DISCONNECT U4927/B
CONNECT_NET LTIEHI_NET U4927/B
DISCONNECT U4804/B
CONNECT_NET LTIEHI_NET U4804/B
DISCONNECT U4833/B
CONNECT_NET LTIEHI_NET U4833/B
DISCONNECT R_12735/D
CONNECT_NET LTIEHI_NET R_12735/D
DISCONNECT U4866/B
CONNECT_NET LTIEHI_NET U4866/B
DISCONNECT U4791/B
CONNECT_NET LTIEHI_NET U4791/B
DISCONNECT U4745/A
CONNECT_NET LTIEHI_NET U4745/A
DISCONNECT U4897/A
CONNECT_NET LTIEHI_NET U4897/A
DISCONNECT U4390/A1
CONNECT_NET LTIEHI_NET U4390/A1
DISCONNECT U4734/B
CONNECT_NET LTIEHI_NET U4734/B
DISCONNECT U4869/B
CONNECT_NET LTIEHI_NET U4869/B
DISCONNECT U4865/B
CONNECT_NET LTIEHI_NET U4865/B
DISCONNECT U4896/B
CONNECT_NET LTIEHI_NET U4896/B
DISCONNECT U4384/A1
CONNECT_NET LTIEHI_NET U4384/A1
DISCONNECT U4412/B
CONNECT_NET LTIEHI_NET U4412/B
DISCONNECT U4893/B
CONNECT_NET LTIEHI_NET U4893/B
DISCONNECT U4425/A0
CONNECT_NET LTIEHI_NET U4425/A0
DISCONNECT U4921/B
CONNECT_NET LTIEHI_NET U4921/B
DISCONNECT U4842/B
CONNECT_NET LTIEHI_NET U4842/B
DISCONNECT U4879/B
CONNECT_NET LTIEHI_NET U4879/B
DISCONNECT U4876/A1
CONNECT_NET LTIEHI_NET U4876/A1
DISCONNECT R_12721/D
CONNECT_NET LTIEHI_NET R_12721/D
DISCONNECT U4803/B
CONNECT_NET LTIEHI_NET U4803/B
DISCONNECT U4416/B
CONNECT_NET LTIEHI_NET U4416/B
DISCONNECT U4776/B
CONNECT_NET LTIEHI_NET U4776/B
DISCONNECT U4763/B
CONNECT_NET LTIEHI_NET U4763/B
DISCONNECT U4926/B
CONNECT_NET LTIEHI_NET U4926/B
DISCONNECT U4848/B
CONNECT_NET LTIEHI_NET U4848/B
DISCONNECT U4386/A0
CONNECT_NET LTIEHI_NET U4386/A0
DISCONNECT R_12727/D
CONNECT_NET LTIEHI_NET R_12727/D
DISCONNECT U4413/A1
CONNECT_NET LTIEHI_NET U4413/A1
DISCONNECT U1335/A0
CONNECT_NET LTIEHI_NET U1335/A0
DISCONNECT U4418/A0
CONNECT_NET LTIEHI_NET U4418/A0
DISCONNECT U4744/A
CONNECT_NET LTIEHI_NET U4744/A
DISCONNECT U4843/B
CONNECT_NET LTIEHI_NET U4843/B
DISCONNECT U4731/B
CONNECT_NET LTIEHI_NET U4731/B
DISCONNECT U4835/B
CONNECT_NET LTIEHI_NET U4835/B
DISCONNECT U4900/A
CONNECT_NET LTIEHI_NET U4900/A
DISCONNECT U4852/B
CONNECT_NET LTIEHI_NET U4852/B
DISCONNECT U4389/B
CONNECT_NET LTIEHI_NET U4389/B
DISCONNECT U4417/B
CONNECT_NET LTIEHI_NET U4417/B
DISCONNECT U4783/B
CONNECT_NET LTIEHI_NET U4783/B
DISCONNECT U4887/B
CONNECT_NET LTIEHI_NET U4887/B
DISCONNECT U4813/B
CONNECT_NET LTIEHI_NET U4813/B
DISCONNECT U4795/B
CONNECT_NET LTIEHI_NET U4795/B
DISCONNECT U4871/B
CONNECT_NET LTIEHI_NET U4871/B
DISCONNECT U4880/B
CONNECT_NET LTIEHI_NET U4880/B
DISCONNECT U4388/A0
CONNECT_NET LTIEHI_NET U4388/A0
DISCONNECT U4414/A1
CONNECT_NET LTIEHI_NET U4414/A1
DISCONNECT U4925/B
CONNECT_NET LTIEHI_NET U4925/B
DISCONNECT U4421/A1
CONNECT_NET LTIEHI_NET U4421/A1
DISCONNECT U4911/B
CONNECT_NET LTIEHI_NET U4911/B
DISCONNECT U4864/B
CONNECT_NET LTIEHI_NET U4864/B
DISCONNECT U4796/B
CONNECT_NET LTIEHI_NET U4796/B
DISCONNECT U4415/A1
CONNECT_NET LTIEHI_NET U4415/A1
DISCONNECT U4422/A1
CONNECT_NET LTIEHI_NET U4422/A1
DISCONNECT U4750/B
CONNECT_NET LTIEHI_NET U4750/B
DISCONNECT U4735/B
CONNECT_NET LTIEHI_NET U4735/B
DISCONNECT U4420/A1
CONNECT_NET LTIEHI_NET U4420/A1
DISCONNECT U4850/B
CONNECT_NET LTIEHI_NET U4850/B
DISCONNECT U4836/B
CONNECT_NET LTIEHI_NET U4836/B
DISCONNECT U4419/A0
CONNECT_NET LTIEHI_NET U4419/A0
DISCONNECT U4857/B
CONNECT_NET LTIEHI_NET U4857/B
DISCONNECT U4424/A
CONNECT_NET LTIEHI_NET U4424/A
DISCONNECT U4423/A0
CONNECT_NET LTIEHI_NET U4423/A0
DISCONNECT U4799/B
CONNECT_NET LTIEHI_NET U4799/B
DISCONNECT U4895/A
CONNECT_NET LTIEHI_NET U4895/A
DISCONNECT U4822/B
CONNECT_NET LTIEHI_NET U4822/B
DISCONNECT U4918/B
CONNECT_NET LTIEHI_NET U4918/B
DISCONNECT U4913/B
CONNECT_NET LTIEHI_NET U4913/B
DISCONNECT U4365/A1
CONNECT_NET LTIEHI_NET U4365/A1
DISCONNECT U4894/A1
CONNECT_NET LTIEHI_NET U4894/A1
DISCONNECT U4772/B
CONNECT_NET LTIEHI_NET U4772/B
DISCONNECT U4861/B
CONNECT_NET LTIEHI_NET U4861/B
DISCONNECT U4853/B
CONNECT_NET LTIEHI_NET U4853/B
DISCONNECT U4867/B
CONNECT_NET LTIEHI_NET U4867/B
DISCONNECT U4884/B
CONNECT_NET LTIEHI_NET U4884/B
DISCONNECT U4752/B
CONNECT_NET LTIEHI_NET U4752/B
DISCONNECT U4840/B
CONNECT_NET LTIEHI_NET U4840/B
DISCONNECT U4363/A0
CONNECT_NET LTIEHI_NET U4363/A0
DISCONNECT U4364/A0
CONNECT_NET LTIEHI_NET U4364/A0
DISCONNECT U4382/A1
CONNECT_NET LTIEHI_NET U4382/A1
DISCONNECT U4727/B
CONNECT_NET LTIEHI_NET U4727/B
DISCONNECT U4849/A1
CONNECT_NET LTIEHI_NET U4849/A1
DISCONNECT U4380/B
CONNECT_NET LTIEHI_NET U4380/B
DISCONNECT R_3877/D
CONNECT_NET LTIEHI_NET R_3877/D
DISCONNECT U4821/B
CONNECT_NET LTIEHI_NET U4821/B
DISCONNECT U4824/B
CONNECT_NET LTIEHI_NET U4824/B
DISCONNECT U4825/B
CONNECT_NET LTIEHI_NET U4825/B
DISCONNECT U4367/A1
CONNECT_NET LTIEHI_NET U4367/A1
DISCONNECT U4379/A0
CONNECT_NET LTIEHI_NET U4379/A0
DISCONNECT R_4023/D
CONNECT_NET LTIEHI_NET R_4023/D
DISCONNECT U4870/B
CONNECT_NET LTIEHI_NET U4870/B
DISCONNECT U4910/B
CONNECT_NET LTIEHI_NET U4910/B
DISCONNECT U4381/A0
CONNECT_NET LTIEHI_NET U4381/A0
DISCONNECT U4762/B
CONNECT_NET LTIEHI_NET U4762/B
DISCONNECT R_4027/D
CONNECT_NET LTIEHI_NET R_4027/D
DISCONNECT U4403/A1
CONNECT_NET LTIEHI_NET U4403/A1
DISCONNECT U4408/A0
CONNECT_NET LTIEHI_NET U4408/A0
DISCONNECT U4411/B
CONNECT_NET LTIEHI_NET U4411/B
DISCONNECT U4784/B
CONNECT_NET LTIEHI_NET U4784/B
DISCONNECT U4877/B
CONNECT_NET LTIEHI_NET U4877/B
DISCONNECT U4823/B
CONNECT_NET LTIEHI_NET U4823/B
DISCONNECT U4851/B
CONNECT_NET LTIEHI_NET U4851/B
DISCONNECT U4407/A1
CONNECT_NET LTIEHI_NET U4407/A1
DISCONNECT U4406/B
CONNECT_NET LTIEHI_NET U4406/B
DISCONNECT U4760/B
CONNECT_NET LTIEHI_NET U4760/B
DISCONNECT U4733/B
CONNECT_NET LTIEHI_NET U4733/B
DISCONNECT U4787/B
CONNECT_NET LTIEHI_NET U4787/B
DISCONNECT U4741/B
CONNECT_NET LTIEHI_NET U4741/B
DISCONNECT U4749/A1
CONNECT_NET LTIEHI_NET U4749/A1
DISCONNECT U4728/B
CONNECT_NET LTIEHI_NET U4728/B
DISCONNECT U4819/B
CONNECT_NET LTIEHI_NET U4819/B
DISCONNECT U4717/B
CONNECT_NET LTIEHI_NET U4717/B
DISCONNECT U4410/A0
CONNECT_NET LTIEHI_NET U4410/A0
DISCONNECT U4820/B
CONNECT_NET LTIEHI_NET U4820/B
DISCONNECT U4742/B
CONNECT_NET LTIEHI_NET U4742/B
DISCONNECT U4768/B
CONNECT_NET LTIEHI_NET U4768/B
DISCONNECT U4404/A1
CONNECT_NET LTIEHI_NET U4404/A1
DISCONNECT U4405/A1
CONNECT_NET LTIEHI_NET U4405/A1
DISCONNECT U4826/B
CONNECT_NET LTIEHI_NET U4826/B
DISCONNECT U4845/B
CONNECT_NET LTIEHI_NET U4845/B
DISCONNECT U4844/B
CONNECT_NET LTIEHI_NET U4844/B
DISCONNECT U4729/B
CONNECT_NET LTIEHI_NET U4729/B
DISCONNECT U4409/A0
CONNECT_NET LTIEHI_NET U4409/A0
DISCONNECT U4874/B
CONNECT_NET LTIEHI_NET U4874/B
DISCONNECT U4889/B
CONNECT_NET LTIEHI_NET U4889/B
DISCONNECT U2914/B
CONNECT_NET LTIEHI_NET U2914/B
DISCONNECT U4369/A1
CONNECT_NET LTIEHI_NET U4369/A1
DISCONNECT U4802/B
CONNECT_NET LTIEHI_NET U4802/B
DISCONNECT U4373/A
CONNECT_NET LTIEHI_NET U4373/A
DISCONNECT U4807/B
CONNECT_NET LTIEHI_NET U4807/B
DISCONNECT U4901/B
CONNECT_NET LTIEHI_NET U4901/B
DISCONNECT U4932/B
CONNECT_NET LTIEHI_NET U4932/B
DISCONNECT R_3784/D
CONNECT_NET LTIEHI_NET R_3784/D
DISCONNECT U4904/B
CONNECT_NET LTIEHI_NET U4904/B
DISCONNECT U4930/B
CONNECT_NET LTIEHI_NET U4930/B
DISCONNECT U4374/A1
CONNECT_NET LTIEHI_NET U4374/A1
DISCONNECT U4400/A1
CONNECT_NET LTIEHI_NET U4400/A1
DISCONNECT U4914/B
CONNECT_NET LTIEHI_NET U4914/B
DISCONNECT U4401/B
CONNECT_NET LTIEHI_NET U4401/B
DISCONNECT U4746/A1
CONNECT_NET LTIEHI_NET U4746/A1
DISCONNECT U4378/A0
CONNECT_NET LTIEHI_NET U4378/A0
DISCONNECT U4790/B
CONNECT_NET LTIEHI_NET U4790/B
DISCONNECT U4402/B
CONNECT_NET LTIEHI_NET U4402/B
DISCONNECT U4766/B
CONNECT_NET LTIEHI_NET U4766/B
DISCONNECT U4878/B
CONNECT_NET LTIEHI_NET U4878/B
DISCONNECT U4726/B
CONNECT_NET LTIEHI_NET U4726/B
DISCONNECT U4395/A
CONNECT_NET LTIEHI_NET U4395/A
DISCONNECT U4376/A
CONNECT_NET LTIEHI_NET U4376/A
DISCONNECT U4767/B
CONNECT_NET LTIEHI_NET U4767/B
DISCONNECT U4841/B
CONNECT_NET LTIEHI_NET U4841/B
DISCONNECT U4366/A
CONNECT_NET LTIEHI_NET U4366/A
DISCONNECT U4290/A
CONNECT_NET LTIEHI_NET U4290/A
DISCONNECT U4862/B
CONNECT_NET LTIEHI_NET U4862/B
DISCONNECT U4370/A
CONNECT_NET LTIEHI_NET U4370/A
DISCONNECT U4377/A0
CONNECT_NET LTIEHI_NET U4377/A0
DISCONNECT U4297/A
CONNECT_NET LTIEHI_NET U4297/A
DISCONNECT U4847/B
CONNECT_NET LTIEHI_NET U4847/B
DISCONNECT U4372/B
CONNECT_NET LTIEHI_NET U4372/B
DISCONNECT U4817/B
CONNECT_NET LTIEHI_NET U4817/B
DISCONNECT U4371/A0
CONNECT_NET LTIEHI_NET U4371/A0
DISCONNECT U4674/B
CONNECT_NET LTIEHI_NET U4674/B
DISCONNECT U4647/B
CONNECT_NET LTIEHI_NET U4647/B
DISCONNECT U4924/B
CONNECT_NET LTIEHI_NET U4924/B
DISCONNECT U4716/B
CONNECT_NET LTIEHI_NET U4716/B
DISCONNECT U4396/A1
CONNECT_NET LTIEHI_NET U4396/A1
DISCONNECT U4291/A1
CONNECT_NET LTIEHI_NET U4291/A1
DISCONNECT U4890/B
CONNECT_NET LTIEHI_NET U4890/B
DISCONNECT U4801/B
CONNECT_NET LTIEHI_NET U4801/B
DISCONNECT U4891/B
CONNECT_NET LTIEHI_NET U4891/B
DISCONNECT U4669/B
CONNECT_NET LTIEHI_NET U4669/B
DISCONNECT U4708/B
CONNECT_NET LTIEHI_NET U4708/B
DISCONNECT U4399/A
CONNECT_NET LTIEHI_NET U4399/A
DISCONNECT U4923/B
CONNECT_NET LTIEHI_NET U4923/B
DISCONNECT U4397/A1
CONNECT_NET LTIEHI_NET U4397/A1
DISCONNECT U4512/B
CONNECT_NET LTIEHI_NET U4512/B
DISCONNECT U4779/B
CONNECT_NET LTIEHI_NET U4779/B
DISCONNECT U4888/B
CONNECT_NET LTIEHI_NET U4888/B
DISCONNECT U4653/A0
CONNECT_NET LTIEHI_NET U4653/A0
DISCONNECT U4292/A
CONNECT_NET LTIEHI_NET U4292/A
DISCONNECT U4905/A0
CONNECT_NET LTIEHI_NET U4905/A0
DISCONNECT U4536/B
CONNECT_NET LTIEHI_NET U4536/B
DISCONNECT U4687/A0
CONNECT_NET LTIEHI_NET U4687/A0
DISCONNECT U4730/B
CONNECT_NET LTIEHI_NET U4730/B
DISCONNECT U4743/A
CONNECT_NET LTIEHI_NET U4743/A
DISCONNECT U4789/B
CONNECT_NET LTIEHI_NET U4789/B
DISCONNECT U4777/B
CONNECT_NET LTIEHI_NET U4777/B
DISCONNECT U4834/A0
CONNECT_NET LTIEHI_NET U4834/A0
DISCONNECT U4912/B
CONNECT_NET LTIEHI_NET U4912/B
DISCONNECT U2935/A
CONNECT_NET LTIEHI_NET U2935/A
DISCONNECT U4875/A0
CONNECT_NET LTIEHI_NET U4875/A0
DISCONNECT U4666/B
CONNECT_NET LTIEHI_NET U4666/B
DISCONNECT U4838/B
CONNECT_NET LTIEHI_NET U4838/B
DISCONNECT U4561/A
CONNECT_NET LTIEHI_NET U4561/A
DISCONNECT U4903/B
CONNECT_NET LTIEHI_NET U4903/B
DISCONNECT U2757/B
CONNECT_NET LTIEHI_NET U2757/B
DISCONNECT U4375/A1
CONNECT_NET LTIEHI_NET U4375/A1
DISCONNECT U4614/B
CONNECT_NET LTIEHI_NET U4614/B
DISCONNECT U4713/B
CONNECT_NET LTIEHI_NET U4713/B
DISCONNECT U4805/B
CONNECT_NET LTIEHI_NET U4805/B
DISCONNECT U4398/A
CONNECT_NET LTIEHI_NET U4398/A
DISCONNECT U4873/B
CONNECT_NET LTIEHI_NET U4873/B
DISCONNECT U4289/A
CONNECT_NET LTIEHI_NET U4289/A
DISCONNECT U2820/B
CONNECT_NET LTIEHI_NET U2820/B
DISCONNECT U2811/B
CONNECT_NET LTIEHI_NET U2811/B
DISCONNECT U4902/B
CONNECT_NET LTIEHI_NET U4902/B
DISCONNECT U4293/A1
CONNECT_NET LTIEHI_NET U4293/A1
DISCONNECT U1099/B
CONNECT_NET LTIEHI_NET U1099/B
DISCONNECT U2798/B
CONNECT_NET LTIEHI_NET U2798/B
DISCONNECT U4368/A
CONNECT_NET LTIEHI_NET U4368/A
DISCONNECT U4564/B
CONNECT_NET LTIEHI_NET U4564/B
DISCONNECT U4537/B
CONNECT_NET LTIEHI_NET U4537/B
DISCONNECT U4892/B
CONNECT_NET LTIEHI_NET U4892/B
DISCONNECT U4287/A1
CONNECT_NET LTIEHI_NET U4287/A1
DISCONNECT U2759/B
CONNECT_NET LTIEHI_NET U2759/B
DISCONNECT U4394/A1
CONNECT_NET LTIEHI_NET U4394/A1
DISCONNECT U4714/A
CONNECT_NET LTIEHI_NET U4714/A
DISCONNECT U4552/A1
CONNECT_NET LTIEHI_NET U4552/A1
DISCONNECT U4557/B
CONNECT_NET LTIEHI_NET U4557/B
DISCONNECT U4830/B
CONNECT_NET LTIEHI_NET U4830/B
DISCONNECT U4832/A0
CONNECT_NET LTIEHI_NET U4832/A0
DISCONNECT U4626/B
CONNECT_NET LTIEHI_NET U4626/B
DISCONNECT U2844/B
CONNECT_NET LTIEHI_NET U2844/B
DISCONNECT U4620/B
CONNECT_NET LTIEHI_NET U4620/B
DISCONNECT U4294/B
CONNECT_NET LTIEHI_NET U4294/B
DISCONNECT U4296/B
CONNECT_NET LTIEHI_NET U4296/B
DISCONNECT U4303/A0
CONNECT_NET LTIEHI_NET U4303/A0
DISCONNECT U4302/A1
CONNECT_NET LTIEHI_NET U4302/A1
DISCONNECT U4692/B
CONNECT_NET LTIEHI_NET U4692/B
DISCONNECT U2802/B
CONNECT_NET LTIEHI_NET U2802/B
DISCONNECT U4709/B
CONNECT_NET LTIEHI_NET U4709/B
DISCONNECT U4295/A0
CONNECT_NET LTIEHI_NET U4295/A0
DISCONNECT U4514/B
CONNECT_NET LTIEHI_NET U4514/B
DISCONNECT U2917/B
CONNECT_NET LTIEHI_NET U2917/B
DISCONNECT U4917/B
CONNECT_NET LTIEHI_NET U4917/B
DISCONNECT U4602/B
CONNECT_NET LTIEHI_NET U4602/B
DISCONNECT U4682/B
CONNECT_NET LTIEHI_NET U4682/B
DISCONNECT U4689/B
CONNECT_NET LTIEHI_NET U4689/B
DISCONNECT U4793/B
CONNECT_NET LTIEHI_NET U4793/B
DISCONNECT U2917/C
CONNECT_NET LTIEHI_NET U2917/C
DISCONNECT U4516/B
CONNECT_NET LTIEHI_NET U4516/B
DISCONNECT U4643/B
CONNECT_NET LTIEHI_NET U4643/B
DISCONNECT U4588/B
CONNECT_NET LTIEHI_NET U4588/B
DISCONNECT U4312/A1
CONNECT_NET LTIEHI_NET U4312/A1
DISCONNECT U4518/B
CONNECT_NET LTIEHI_NET U4518/B
DISCONNECT U4907/B
CONNECT_NET LTIEHI_NET U4907/B
DISCONNECT U4829/B
CONNECT_NET LTIEHI_NET U4829/B
DISCONNECT U4362/A0
CONNECT_NET LTIEHI_NET U4362/A0
DISCONNECT U2756/A0
CONNECT_NET LTIEHI_NET U2756/A0
DISCONNECT U4271/A1
CONNECT_NET LTIEHI_NET U4271/A1
DISCONNECT U4311/A0
CONNECT_NET LTIEHI_NET U4311/A0
DISCONNECT U4619/B
CONNECT_NET LTIEHI_NET U4619/B
DISCONNECT U4635/B
CONNECT_NET LTIEHI_NET U4635/B
DISCONNECT U4517/B
CONNECT_NET LTIEHI_NET U4517/B
DISCONNECT U4672/B
CONNECT_NET LTIEHI_NET U4672/B
DISCONNECT U4661/B
CONNECT_NET LTIEHI_NET U4661/B
DISCONNECT U4301/A0
CONNECT_NET LTIEHI_NET U4301/A0
DISCONNECT U4519/A1
CONNECT_NET LTIEHI_NET U4519/A1
DISCONNECT U4529/B
CONNECT_NET LTIEHI_NET U4529/B
DISCONNECT U4532/B
CONNECT_NET LTIEHI_NET U4532/B
DISCONNECT U4594/B
CONNECT_NET LTIEHI_NET U4594/B
DISCONNECT U4676/B
CONNECT_NET LTIEHI_NET U4676/B
DISCONNECT U4693/B
CONNECT_NET LTIEHI_NET U4693/B
DISCONNECT U4300/A1
CONNECT_NET LTIEHI_NET U4300/A1
DISCONNECT U4624/B
CONNECT_NET LTIEHI_NET U4624/B
DISCONNECT U4677/B
CONNECT_NET LTIEHI_NET U4677/B
DISCONNECT U4621/B
CONNECT_NET LTIEHI_NET U4621/B
DISCONNECT U2799/B
CONNECT_NET LTIEHI_NET U2799/B
DISCONNECT U4567/B
CONNECT_NET LTIEHI_NET U4567/B
DISCONNECT U2796/B
CONNECT_NET LTIEHI_NET U2796/B
DISCONNECT U4267/A
CONNECT_NET LTIEHI_NET U4267/A
DISCONNECT U4515/B
CONNECT_NET LTIEHI_NET U4515/B
DISCONNECT U4547/B
CONNECT_NET LTIEHI_NET U4547/B
DISCONNECT U2830/B
CONNECT_NET LTIEHI_NET U2830/B
DISCONNECT U4323/A1
CONNECT_NET LTIEHI_NET U4323/A1
DISCONNECT U4618/A0
CONNECT_NET LTIEHI_NET U4618/A0
DISCONNECT U4715/B
CONNECT_NET LTIEHI_NET U4715/B
DISCONNECT U4551/A0
CONNECT_NET LTIEHI_NET U4551/A0
DISCONNECT U4623/A1
CONNECT_NET LTIEHI_NET U4623/A1
DISCONNECT U4572/B
CONNECT_NET LTIEHI_NET U4572/B
DISCONNECT U4775/A
CONNECT_NET LTIEHI_NET U4775/A
DISCONNECT U4615/B
CONNECT_NET LTIEHI_NET U4615/B
DISCONNECT U3379/B
CONNECT_NET LTIEHI_NET U3379/B
DISCONNECT U4662/B
CONNECT_NET LTIEHI_NET U4662/B
DISCONNECT U4686/A0
CONNECT_NET LTIEHI_NET U4686/A0
DISCONNECT U4681/B
CONNECT_NET LTIEHI_NET U4681/B
DISCONNECT U559/B
CONNECT_NET LTIEHI_NET U559/B
DISCONNECT U4690/B
CONNECT_NET LTIEHI_NET U4690/B
DISCONNECT U4631/B
CONNECT_NET LTIEHI_NET U4631/B
DISCONNECT U4794/B
CONNECT_NET LTIEHI_NET U4794/B
DISCONNECT U4683/B
CONNECT_NET LTIEHI_NET U4683/B
DISCONNECT U4806/B
CONNECT_NET LTIEHI_NET U4806/B
DISCONNECT U852/A0
CONNECT_NET LTIEHI_NET U852/A0
DISCONNECT U4582/B
CONNECT_NET LTIEHI_NET U4582/B
DISCONNECT U4531/B
CONNECT_NET LTIEHI_NET U4531/B
DISCONNECT U4584/A
CONNECT_NET LTIEHI_NET U4584/A
DISCONNECT U2817/B
CONNECT_NET LTIEHI_NET U2817/B
DISCONNECT U4648/B
CONNECT_NET LTIEHI_NET U4648/B
DISCONNECT U4908/B
CONNECT_NET LTIEHI_NET U4908/B
DISCONNECT U4675/B
CONNECT_NET LTIEHI_NET U4675/B
DISCONNECT U4688/B
CONNECT_NET LTIEHI_NET U4688/B
DISCONNECT U4651/A0
CONNECT_NET LTIEHI_NET U4651/A0
DISCONNECT U4587/A0
CONNECT_NET LTIEHI_NET U4587/A0
DISCONNECT U4788/A0
CONNECT_NET LTIEHI_NET U4788/A0
DISCONNECT U4359/A1
CONNECT_NET LTIEHI_NET U4359/A1
DISCONNECT U4604/B
CONNECT_NET LTIEHI_NET U4604/B
DISCONNECT U4534/B
CONNECT_NET LTIEHI_NET U4534/B
DISCONNECT U4630/B
CONNECT_NET LTIEHI_NET U4630/B
DISCONNECT U4268/A
CONNECT_NET LTIEHI_NET U4268/A
DISCONNECT U4272/A0
CONNECT_NET LTIEHI_NET U4272/A0
DISCONNECT U4298/A1
CONNECT_NET LTIEHI_NET U4298/A1
DISCONNECT U4710/B
CONNECT_NET LTIEHI_NET U4710/B
DISCONNECT U4761/A0
CONNECT_NET LTIEHI_NET U4761/A0
DISCONNECT U4299/A1
CONNECT_NET LTIEHI_NET U4299/A1
DISCONNECT U4541/B
CONNECT_NET LTIEHI_NET U4541/B
DISCONNECT U2695/AN
CONNECT_NET LTIEHI_NET U2695/AN
DISCONNECT U4361/A0
CONNECT_NET LTIEHI_NET U4361/A0
DISCONNECT U4565/B
CONNECT_NET LTIEHI_NET U4565/B
DISCONNECT U4608/B
CONNECT_NET LTIEHI_NET U4608/B
DISCONNECT U4634/B
CONNECT_NET LTIEHI_NET U4634/B
DISCONNECT U2768/A0
CONNECT_NET LTIEHI_NET U2768/A0
DISCONNECT U4568/B
CONNECT_NET LTIEHI_NET U4568/B
DISCONNECT U4597/B
CONNECT_NET LTIEHI_NET U4597/B
DISCONNECT U4533/B
CONNECT_NET LTIEHI_NET U4533/B
DISCONNECT U4574/B
CONNECT_NET LTIEHI_NET U4574/B
DISCONNECT U4705/B
CONNECT_NET LTIEHI_NET U4705/B
DISCONNECT U4560/B
CONNECT_NET LTIEHI_NET U4560/B
DISCONNECT U4800/B
CONNECT_NET LTIEHI_NET U4800/B
DISCONNECT U1537/A0
CONNECT_NET LTIEHI_NET U1537/A0
DISCONNECT U4922/B
CONNECT_NET LTIEHI_NET U4922/B
DISCONNECT U4269/A1
CONNECT_NET LTIEHI_NET U4269/A1
DISCONNECT U4617/A
CONNECT_NET LTIEHI_NET U4617/A
DISCONNECT U4393/A2
CONNECT_NET LTIEHI_NET U4393/A2
DISCONNECT U4585/B
CONNECT_NET LTIEHI_NET U4585/B
DISCONNECT U4627/B
CONNECT_NET LTIEHI_NET U4627/B
DISCONNECT U4785/A0
CONNECT_NET LTIEHI_NET U4785/A0
DISCONNECT U1542/A
CONNECT_NET LTIEHI_NET U1542/A
DISCONNECT U4393/A1
CONNECT_NET LTIEHI_NET U4393/A1
DISCONNECT U4391/A1
CONNECT_NET LTIEHI_NET U4391/A1
DISCONNECT U4909/B
CONNECT_NET LTIEHI_NET U4909/B
DISCONNECT U4603/B
CONNECT_NET LTIEHI_NET U4603/B
DISCONNECT U4270/A
CONNECT_NET LTIEHI_NET U4270/A
DISCONNECT U4314/A0
CONNECT_NET LTIEHI_NET U4314/A0
DISCONNECT U4616/A
CONNECT_NET LTIEHI_NET U4616/A
DISCONNECT U878/B
CONNECT_NET LTIEHI_NET U878/B
DISCONNECT U4522/A
CONNECT_NET LTIEHI_NET U4522/A
DISCONNECT U4530/B
CONNECT_NET LTIEHI_NET U4530/B
DISCONNECT U4566/B
CONNECT_NET LTIEHI_NET U4566/B
DISCONNECT U4360/A
CONNECT_NET LTIEHI_NET U4360/A
DISCONNECT U4640/B
CONNECT_NET LTIEHI_NET U4640/B
DISCONNECT U4317/A1
CONNECT_NET LTIEHI_NET U4317/A1
DISCONNECT U4667/B
CONNECT_NET LTIEHI_NET U4667/B
DISCONNECT U4929/B
CONNECT_NET LTIEHI_NET U4929/B
DISCONNECT U3406/A
CONNECT_NET LTIEHI_NET U3406/A
DISCONNECT U4562/A
CONNECT_NET LTIEHI_NET U4562/A
DISCONNECT U4573/B
CONNECT_NET LTIEHI_NET U4573/B
DISCONNECT U4625/B
CONNECT_NET LTIEHI_NET U4625/B
DISCONNECT U4712/B
CONNECT_NET LTIEHI_NET U4712/B
DISCONNECT U4315/A
CONNECT_NET LTIEHI_NET U4315/A
DISCONNECT U4592/B
CONNECT_NET LTIEHI_NET U4592/B
DISCONNECT U1072/B
CONNECT_NET LTIEHI_NET U1072/B
DISCONNECT U4318/A0
CONNECT_NET LTIEHI_NET U4318/A0
DISCONNECT U4601/B
CONNECT_NET LTIEHI_NET U4601/B
DISCONNECT U4711/B
CONNECT_NET LTIEHI_NET U4711/B
DISCONNECT U4392/A
CONNECT_NET LTIEHI_NET U4392/A
DISCONNECT U4304/A0
CONNECT_NET LTIEHI_NET U4304/A0
DISCONNECT U4316/A1
CONNECT_NET LTIEHI_NET U4316/A1
DISCONNECT U4319/A
CONNECT_NET LTIEHI_NET U4319/A
DISCONNECT U4525/B
CONNECT_NET LTIEHI_NET U4525/B
DISCONNECT U4313/A0
CONNECT_NET LTIEHI_NET U4313/A0
DISCONNECT U4642/A0
CONNECT_NET LTIEHI_NET U4642/A0
DISCONNECT U4553/A1
CONNECT_NET LTIEHI_NET U4553/A1
DISCONNECT U4629/A1
CONNECT_NET LTIEHI_NET U4629/A1
DISCONNECT U4265/A0
CONNECT_NET LTIEHI_NET U4265/A0
DISCONNECT U4310/B
CONNECT_NET LTIEHI_NET U4310/B
DISCONNECT U4520/B
CONNECT_NET LTIEHI_NET U4520/B
DISCONNECT U4637/B
CONNECT_NET LTIEHI_NET U4637/B
DISCONNECT U4645/B
CONNECT_NET LTIEHI_NET U4645/B
DISCONNECT U4308/A1
CONNECT_NET LTIEHI_NET U4308/A1
DISCONNECT U4539/B
CONNECT_NET LTIEHI_NET U4539/B
DISCONNECT U4656/A1
CONNECT_NET LTIEHI_NET U4656/A1
DISCONNECT U4513/B
CONNECT_NET LTIEHI_NET U4513/B
DISCONNECT U4649/B
CONNECT_NET LTIEHI_NET U4649/B
DISCONNECT U4322/A1
CONNECT_NET LTIEHI_NET U4322/A1
DISCONNECT U4550/B
CONNECT_NET LTIEHI_NET U4550/B
DISCONNECT U4638/B
CONNECT_NET LTIEHI_NET U4638/B
DISCONNECT U4641/B
CONNECT_NET LTIEHI_NET U4641/B
DISCONNECT U4680/B
CONNECT_NET LTIEHI_NET U4680/B
DISCONNECT U4691/B
CONNECT_NET LTIEHI_NET U4691/B
DISCONNECT U2832/B
CONNECT_NET LTIEHI_NET U2832/B
DISCONNECT U4622/B
CONNECT_NET LTIEHI_NET U4622/B
DISCONNECT U4305/B
CONNECT_NET LTIEHI_NET U4305/B
DISCONNECT U4521/B
CONNECT_NET LTIEHI_NET U4521/B
DISCONNECT U4570/B
CONNECT_NET LTIEHI_NET U4570/B
DISCONNECT U4636/A
CONNECT_NET LTIEHI_NET U4636/A
DISCONNECT U4699/B
CONNECT_NET LTIEHI_NET U4699/B
DISCONNECT U4544/B
CONNECT_NET LTIEHI_NET U4544/B
DISCONNECT U4288/A1
CONNECT_NET LTIEHI_NET U4288/A1
DISCONNECT U4628/B
CONNECT_NET LTIEHI_NET U4628/B
DISCONNECT U4698/B
CONNECT_NET LTIEHI_NET U4698/B
DISCONNECT U4595/B
CONNECT_NET LTIEHI_NET U4595/B
DISCONNECT U4535/B
CONNECT_NET LTIEHI_NET U4535/B
DISCONNECT U4559/B
CONNECT_NET LTIEHI_NET U4559/B
DISCONNECT U4655/B
CONNECT_NET LTIEHI_NET U4655/B
DISCONNECT U4606/B
CONNECT_NET LTIEHI_NET U4606/B
DISCONNECT U4646/B
CONNECT_NET LTIEHI_NET U4646/B
DISCONNECT U4275/A1
CONNECT_NET LTIEHI_NET U4275/A1
DISCONNECT U4540/B
CONNECT_NET LTIEHI_NET U4540/B
DISCONNECT U2949/B
CONNECT_NET LTIEHI_NET U2949/B
DISCONNECT U4538/B
CONNECT_NET LTIEHI_NET U4538/B
DISCONNECT U4266/A1
CONNECT_NET LTIEHI_NET U4266/A1
DISCONNECT U4605/A1
CONNECT_NET LTIEHI_NET U4605/A1
DISCONNECT U4697/B
CONNECT_NET LTIEHI_NET U4697/B
DISCONNECT U3392/A0
CONNECT_NET LTIEHI_NET U3392/A0
DISCONNECT U4523/A0
CONNECT_NET LTIEHI_NET U4523/A0
DISCONNECT U4528/B
CONNECT_NET LTIEHI_NET U4528/B
DISCONNECT U4694/B
CONNECT_NET LTIEHI_NET U4694/B
DISCONNECT U4321/A
CONNECT_NET LTIEHI_NET U4321/A
DISCONNECT U4309/A1
CONNECT_NET LTIEHI_NET U4309/A1
DISCONNECT U4286/A2
CONNECT_NET LTIEHI_NET U4286/A2
DISCONNECT U4558/B
CONNECT_NET LTIEHI_NET U4558/B
DISCONNECT U4286/A1
CONNECT_NET LTIEHI_NET U4286/A1
DISCONNECT U4591/B
CONNECT_NET LTIEHI_NET U4591/B
DISCONNECT U4497/A1
CONNECT_NET LTIEHI_NET U4497/A1
DISCONNECT U4633/B
CONNECT_NET LTIEHI_NET U4633/B
DISCONNECT U4707/A2
CONNECT_NET LTIEHI_NET U4707/A2
DISCONNECT U4707/A0
CONNECT_NET LTIEHI_NET U4707/A0
DISCONNECT U2813/A
CONNECT_NET LTIEHI_NET U2813/A
DISCONNECT U4320/A0
CONNECT_NET LTIEHI_NET U4320/A0
DISCONNECT U2339/A1
CONNECT_NET LTIEHI_NET U2339/A1
DISCONNECT U4596/A2
CONNECT_NET LTIEHI_NET U4596/A2
DISCONNECT U4596/A0
CONNECT_NET LTIEHI_NET U4596/A0
DISCONNECT U4526/B
CONNECT_NET LTIEHI_NET U4526/B
DISCONNECT U2788/B
CONNECT_NET LTIEHI_NET U2788/B
DISCONNECT U4340/B0
CONNECT_NET LTIEHI_NET U4340/B0
DISCONNECT U4351/B0
CONNECT_NET LTIEHI_NET U4351/B0
DISCONNECT U4338/B0
CONNECT_NET LTIEHI_NET U4338/B0
DISCONNECT U4344/B0
CONNECT_NET LTIEHI_NET U4344/B0
DISCONNECT U4549/B
CONNECT_NET LTIEHI_NET U4549/B
DISCONNECT U4349/B0
CONNECT_NET LTIEHI_NET U4349/B0
DISCONNECT U3987/B0
CONNECT_NET LTIEHI_NET U3987/B0
DISCONNECT U4273/A0
CONNECT_NET LTIEHI_NET U4273/A0
DISCONNECT U4527/B
CONNECT_NET LTIEHI_NET U4527/B
DISCONNECT U4342/B0
CONNECT_NET LTIEHI_NET U4342/B0
DISCONNECT U3948/B0
CONNECT_NET LTIEHI_NET U3948/B0
DISCONNECT U3950/B0
CONNECT_NET LTIEHI_NET U3950/B0
DISCONNECT U3993/B0
CONNECT_NET LTIEHI_NET U3993/B0
DISCONNECT U4274/B
CONNECT_NET LTIEHI_NET U4274/B
DISCONNECT U4335/B0
CONNECT_NET LTIEHI_NET U4335/B0
DISCONNECT U4353/B0
CONNECT_NET LTIEHI_NET U4353/B0
DISCONNECT U4336/B0
CONNECT_NET LTIEHI_NET U4336/B0
DISCONNECT U863/A0
CONNECT_NET LTIEHI_NET U863/A0
DISCONNECT U4327/A1
CONNECT_NET LTIEHI_NET U4327/A1
DISCONNECT U4328/B
CONNECT_NET LTIEHI_NET U4328/B
DISCONNECT U4609/B
CONNECT_NET LTIEHI_NET U4609/B
DISCONNECT U4652/B
CONNECT_NET LTIEHI_NET U4652/B
DISCONNECT U4306/A1
CONNECT_NET LTIEHI_NET U4306/A1
DISCONNECT U4331/B0
CONNECT_NET LTIEHI_NET U4331/B0
DISCONNECT U4329/A1
CONNECT_NET LTIEHI_NET U4329/A1
DISCONNECT U2466/B
CONNECT_NET LTIEHI_NET U2466/B
DISCONNECT U4569/B
CONNECT_NET LTIEHI_NET U4569/B
DISCONNECT U4593/B
CONNECT_NET LTIEHI_NET U4593/B
DISCONNECT U4610/B
CONNECT_NET LTIEHI_NET U4610/B
DISCONNECT U4496/B
CONNECT_NET LTIEHI_NET U4496/B
DISCONNECT U4543/B
CONNECT_NET LTIEHI_NET U4543/B
DISCONNECT U4696/B
CONNECT_NET LTIEHI_NET U4696/B
DISCONNECT U2445/B
CONNECT_NET LTIEHI_NET U2445/B
DISCONNECT U2737/AN
CONNECT_NET LTIEHI_NET U2737/AN
DISCONNECT U2443/B
CONNECT_NET LTIEHI_NET U2443/B
DISCONNECT U4325/A0
CONNECT_NET LTIEHI_NET U4325/A0
DISCONNECT U4352/B0
CONNECT_NET LTIEHI_NET U4352/B0
DISCONNECT U4495/B0N
CONNECT_NET LTIEHI_NET U4495/B0N
DISCONNECT U4670/B
CONNECT_NET LTIEHI_NET U4670/B
DISCONNECT U4347/B0
CONNECT_NET LTIEHI_NET U4347/B0
DISCONNECT U4307/A1
CONNECT_NET LTIEHI_NET U4307/A1
DISCONNECT U4346/B
CONNECT_NET LTIEHI_NET U4346/B
DISCONNECT U4695/B
CONNECT_NET LTIEHI_NET U4695/B
DISCONNECT U4326/A
CONNECT_NET LTIEHI_NET U4326/A
DISCONNECT U4345/B0
CONNECT_NET LTIEHI_NET U4345/B0
DISCONNECT U4545/A0
CONNECT_NET LTIEHI_NET U4545/A0
DISCONNECT U1801/D
CONNECT_NET LTIEHI_NET U1801/D
DISCONNECT U2790/B
CONNECT_NET LTIEHI_NET U2790/B
DISCONNECT U1801/C
CONNECT_NET LTIEHI_NET U1801/C
DISCONNECT U3986/B0
CONNECT_NET LTIEHI_NET U3986/B0
DISCONNECT U4330/B
CONNECT_NET LTIEHI_NET U4330/B
DISCONNECT U2783/B
CONNECT_NET LTIEHI_NET U2783/B
DISCONNECT U4632/A
CONNECT_NET LTIEHI_NET U4632/A
DISCONNECT U4493/A1
CONNECT_NET LTIEHI_NET U4493/A1
DISCONNECT U4586/A0
CONNECT_NET LTIEHI_NET U4586/A0
DISCONNECT U4673/B
CONNECT_NET LTIEHI_NET U4673/B
DISCONNECT U4665/D
CONNECT_NET LTIEHI_NET U4665/D
DISCONNECT U4262/A0
CONNECT_NET LTIEHI_NET U4262/A0
DISCONNECT U4494/A1
CONNECT_NET LTIEHI_NET U4494/A1
DISCONNECT U4264/A1
CONNECT_NET LTIEHI_NET U4264/A1
DISCONNECT U374/D
CONNECT_NET LTIEHI_NET U374/D
DISCONNECT U374/C
CONNECT_NET LTIEHI_NET U374/C
DISCONNECT U4341/B0
CONNECT_NET LTIEHI_NET U4341/B0
DISCONNECT U4358/B0
CONNECT_NET LTIEHI_NET U4358/B0
DISCONNECT U4671/A
CONNECT_NET LTIEHI_NET U4671/A
DISCONNECT U4343/B0
CONNECT_NET LTIEHI_NET U4343/B0
DISCONNECT U4263/A
CONNECT_NET LTIEHI_NET U4263/A
DISCONNECT U4324/B
CONNECT_NET LTIEHI_NET U4324/B
DISCONNECT U4350/B0
CONNECT_NET LTIEHI_NET U4350/B0
DISCONNECT U4348/B0
CONNECT_NET LTIEHI_NET U4348/B0
DISCONNECT U4354/B0
CONNECT_NET LTIEHI_NET U4354/B0
DISCONNECT U4356/B0
CONNECT_NET LTIEHI_NET U4356/B0
DISCONNECT U4334/A
CONNECT_NET LTIEHI_NET U4334/A
DISCONNECT U4499/B
CONNECT_NET LTIEHI_NET U4499/B
DISCONNECT U394/B
CONNECT_NET LTIEHI_NET U394/B
DISCONNECT U394/A
CONNECT_NET LTIEHI_NET U394/A
DISCONNECT U4576/B
CONNECT_NET LTIEHI_NET U4576/B
DISCONNECT U4607/B
CONNECT_NET LTIEHI_NET U4607/B
DISCONNECT U4333/B0
CONNECT_NET LTIEHI_NET U4333/B0
DISCONNECT U4668/B
CONNECT_NET LTIEHI_NET U4668/B
DISCONNECT U3942/B0
CONNECT_NET LTIEHI_NET U3942/B0
DISCONNECT U4700/B
CONNECT_NET LTIEHI_NET U4700/B
DISCONNECT U4278/A0
CONNECT_NET LTIEHI_NET U4278/A0
DISCONNECT U2103/A1
CONNECT_NET LTIEHI_NET U2103/A1
DISCONNECT U4337/B0
CONNECT_NET LTIEHI_NET U4337/B0
DISCONNECT U4339/B0
CONNECT_NET LTIEHI_NET U4339/B0
DISCONNECT U4279/B
CONNECT_NET LTIEHI_NET U4279/B
DISCONNECT U4332/B0
CONNECT_NET LTIEHI_NET U4332/B0
DISCONNECT U4500/A0N
CONNECT_NET LTIEHI_NET U4500/A0N
DISCONNECT U356/B
CONNECT_NET LTIEHI_NET U356/B
DISCONNECT U356/A
CONNECT_NET LTIEHI_NET U356/A
DISCONNECT U4355/B0
CONNECT_NET LTIEHI_NET U4355/B0
DISCONNECT U4498/A1
CONNECT_NET LTIEHI_NET U4498/A1
DISCONNECT U4685/B
CONNECT_NET LTIEHI_NET U4685/B
DISCONNECT U4357/B0
CONNECT_NET LTIEHI_NET U4357/B0
DISCONNECT U4563/B
CONNECT_NET LTIEHI_NET U4563/B
DISCONNECT U4524/B
CONNECT_NET LTIEHI_NET U4524/B
DISCONNECT U4644/B
CONNECT_NET LTIEHI_NET U4644/B
DISCONNECT U4658/B
CONNECT_NET LTIEHI_NET U4658/B
DISCONNECT U4542/B
CONNECT_NET LTIEHI_NET U4542/B
DISCONNECT U4581/A
CONNECT_NET LTIEHI_NET U4581/A
DISCONNECT U4276/A1
CONNECT_NET LTIEHI_NET U4276/A1
DISCONNECT U4650/A
CONNECT_NET LTIEHI_NET U4650/A
DISCONNECT U4639/B
CONNECT_NET LTIEHI_NET U4639/B
DISCONNECT U4654/B
CONNECT_NET LTIEHI_NET U4654/B
DISCONNECT U3070/A0
CONNECT_NET LTIEHI_NET U3070/A0
DISCONNECT U4589/B
CONNECT_NET LTIEHI_NET U4589/B
DISCONNECT U1286/A
CONNECT_NET LTIEHI_NET U1286/A
DISCONNECT U4660/B
CONNECT_NET LTIEHI_NET U4660/B
DISCONNECT U4575/B
CONNECT_NET LTIEHI_NET U4575/B
DISCONNECT U4679/B
CONNECT_NET LTIEHI_NET U4679/B
DISCONNECT U4280/A
CONNECT_NET LTIEHI_NET U4280/A
DISCONNECT U3356/B
CONNECT_NET LTIEHI_NET U3356/B
DISCONNECT U4277/A0
CONNECT_NET LTIEHI_NET U4277/A0
DISCONNECT U4556/B0
CONNECT_NET LTIEHI_NET U4556/B0
DISCONNECT U4571/B
CONNECT_NET LTIEHI_NET U4571/B
DISCONNECT U1515/A
CONNECT_NET LTIEHI_NET U1515/A
DISCONNECT U4546/B
CONNECT_NET LTIEHI_NET U4546/B
DISCONNECT U4554/B
CONNECT_NET LTIEHI_NET U4554/B
DISCONNECT U4281/A1
CONNECT_NET LTIEHI_NET U4281/A1
DISCONNECT U4659/B
CONNECT_NET LTIEHI_NET U4659/B
DISCONNECT U4583/B
CONNECT_NET LTIEHI_NET U4583/B
DISCONNECT U4703/B
CONNECT_NET LTIEHI_NET U4703/B
DISCONNECT U4283/B
CONNECT_NET LTIEHI_NET U4283/B
DISCONNECT U4612/B
CONNECT_NET LTIEHI_NET U4612/B
DISCONNECT U4600/B
CONNECT_NET LTIEHI_NET U4600/B
DISCONNECT U4555/B
CONNECT_NET LTIEHI_NET U4555/B
DISCONNECT U4701/B
CONNECT_NET LTIEHI_NET U4701/B
DISCONNECT U4663/B
CONNECT_NET LTIEHI_NET U4663/B
DISCONNECT U4657/B
CONNECT_NET LTIEHI_NET U4657/B
DISCONNECT U4684/B
CONNECT_NET LTIEHI_NET U4684/B
DISCONNECT U4664/B
CONNECT_NET LTIEHI_NET U4664/B
DISCONNECT U4706/B
CONNECT_NET LTIEHI_NET U4706/B
DISCONNECT U4611/B
CONNECT_NET LTIEHI_NET U4611/B
DISCONNECT U4282/A0
CONNECT_NET LTIEHI_NET U4282/A0
DISCONNECT U4577/B
CONNECT_NET LTIEHI_NET U4577/B
DISCONNECT U4548/B0
CONNECT_NET LTIEHI_NET U4548/B0
DISCONNECT U4702/B
CONNECT_NET LTIEHI_NET U4702/B
DISCONNECT U4579/B
CONNECT_NET LTIEHI_NET U4579/B
DISCONNECT U4590/B
CONNECT_NET LTIEHI_NET U4590/B
DISCONNECT U4285/A
CONNECT_NET LTIEHI_NET U4285/A
DISCONNECT U4599/B
CONNECT_NET LTIEHI_NET U4599/B
DISCONNECT U4284/A0
CONNECT_NET LTIEHI_NET U4284/A0
DISCONNECT U4704/B
CONNECT_NET LTIEHI_NET U4704/B
DISCONNECT U4678/A1
CONNECT_NET LTIEHI_NET U4678/A1
DISCONNECT U4580/B
CONNECT_NET LTIEHI_NET U4580/B
DISCONNECT U4598/B
CONNECT_NET LTIEHI_NET U4598/B
DISCONNECT U4613/B
CONNECT_NET LTIEHI_NET U4613/B
DISCONNECT U4578/B
CONNECT_NET LTIEHI_NET U4578/B
CURRENT_INST 
DISCONNECT mmu_storage_controller_io_pad_qspi_cs_tri_buf_/OE
CONNECT_NET LTIEHI_NET mmu_storage_controller_io_pad_qspi_cs_tri_buf_/OE
DISCONNECT mmu_storage_controller_io_pad_qspi_ck_tri_buf_/OE
CONNECT_NET LTIEHI_NET mmu_storage_controller_io_pad_qspi_ck_tri_buf_/OE
END_HECO # 0
START_HECO
CURRENT_INST vproc_top_v_core_genblk9_0__pipe_genblk2_pipeline
CREATE_INST LTIELO TIELOX1MA10TR
CREATE_NET LTIELO_NET
CONNECT_NET LTIELO_NET LTIELO/Y
DISCONNECT R_31818/D
CONNECT_NET LTIELO_NET R_31818/D
DISCONNECT R_31815/D
CONNECT_NET LTIELO_NET R_31815/D
DISCONNECT R_25950/D
CONNECT_NET LTIELO_NET R_25950/D
DISCONNECT R_25652/D
CONNECT_NET LTIELO_NET R_25652/D
DISCONNECT R_25953/D
CONNECT_NET LTIELO_NET R_25953/D
DISCONNECT R_32983/D
CONNECT_NET LTIELO_NET R_32983/D
DISCONNECT R_32982/D
CONNECT_NET LTIELO_NET R_32982/D
DISCONNECT R_25700/D
CONNECT_NET LTIELO_NET R_25700/D
DISCONNECT R_25650/D
CONNECT_NET LTIELO_NET R_25650/D
DISCONNECT R_32981/D
CONNECT_NET LTIELO_NET R_32981/D
DISCONNECT R_25921/D
CONNECT_NET LTIELO_NET R_25921/D
DISCONNECT U5232/B
CONNECT_NET LTIELO_NET U5232/B
DISCONNECT R_4511/D
CONNECT_NET LTIELO_NET R_4511/D
DISCONNECT U5239/C0
CONNECT_NET LTIELO_NET U5239/C0
DISCONNECT U5233/A
CONNECT_NET LTIELO_NET U5233/A
DISCONNECT R_3794/D
CONNECT_NET LTIELO_NET R_3794/D
DISCONNECT U5087/B0
CONNECT_NET LTIELO_NET U5087/B0
DISCONNECT U5203/A
CONNECT_NET LTIELO_NET U5203/A
DISCONNECT R_4692/D
CONNECT_NET LTIELO_NET R_4692/D
DISCONNECT U5243/B
CONNECT_NET LTIELO_NET U5243/B
DISCONNECT U5229/B
CONNECT_NET LTIELO_NET U5229/B
DISCONNECT U5215/A
CONNECT_NET LTIELO_NET U5215/A
DISCONNECT U5246/B
CONNECT_NET LTIELO_NET U5246/B
DISCONNECT U5241/B
CONNECT_NET LTIELO_NET U5241/B
DISCONNECT U5197/B1
CONNECT_NET LTIELO_NET U5197/B1
DISCONNECT U5199/A1
CONNECT_NET LTIELO_NET U5199/A1
DISCONNECT U5065/B0
CONNECT_NET LTIELO_NET U5065/B0
DISCONNECT U5200/B1
CONNECT_NET LTIELO_NET U5200/B1
DISCONNECT U5086/B
CONNECT_NET LTIELO_NET U5086/B
DISCONNECT U5201/A1
CONNECT_NET LTIELO_NET U5201/A1
DISCONNECT U5198/A1
CONNECT_NET LTIELO_NET U5198/A1
DISCONNECT U5085/B
CONNECT_NET LTIELO_NET U5085/B
DISCONNECT U5068/B0
CONNECT_NET LTIELO_NET U5068/B0
DISCONNECT U5207/B1
CONNECT_NET LTIELO_NET U5207/B1
DISCONNECT U5067/B
CONNECT_NET LTIELO_NET U5067/B
DISCONNECT U5202/B1
CONNECT_NET LTIELO_NET U5202/B1
DISCONNECT U5205/B1
CONNECT_NET LTIELO_NET U5205/B1
DISCONNECT U5252/A
CONNECT_NET LTIELO_NET U5252/A
DISCONNECT U5208/B1
CONNECT_NET LTIELO_NET U5208/B1
DISCONNECT U5238/B
CONNECT_NET LTIELO_NET U5238/B
DISCONNECT U5279/A0
CONNECT_NET LTIELO_NET U5279/A0
DISCONNECT U5075/B
CONNECT_NET LTIELO_NET U5075/B
DISCONNECT U5066/B0
CONNECT_NET LTIELO_NET U5066/B0
DISCONNECT U5210/B1
CONNECT_NET LTIELO_NET U5210/B1
DISCONNECT U5077/B
CONNECT_NET LTIELO_NET U5077/B
DISCONNECT U5078/B
CONNECT_NET LTIELO_NET U5078/B
DISCONNECT U5083/B
CONNECT_NET LTIELO_NET U5083/B
DISCONNECT U2451/A1
CONNECT_NET LTIELO_NET U2451/A1
DISCONNECT U5237/A
CONNECT_NET LTIELO_NET U5237/A
DISCONNECT R_6325/D
CONNECT_NET LTIELO_NET R_6325/D
DISCONNECT R_33015/D
CONNECT_NET LTIELO_NET R_33015/D
DISCONNECT U5076/B
CONNECT_NET LTIELO_NET U5076/B
DISCONNECT U5073/B
CONNECT_NET LTIELO_NET U5073/B
DISCONNECT U5079/B
CONNECT_NET LTIELO_NET U5079/B
DISCONNECT U5206/A
CONNECT_NET LTIELO_NET U5206/A
DISCONNECT U5209/A
CONNECT_NET LTIELO_NET U5209/A
DISCONNECT U5226/A1
CONNECT_NET LTIELO_NET U5226/A1
DISCONNECT U5096/B0
CONNECT_NET LTIELO_NET U5096/B0
DISCONNECT U5084/B
CONNECT_NET LTIELO_NET U5084/B
DISCONNECT U5218/B1
CONNECT_NET LTIELO_NET U5218/B1
DISCONNECT U5097/B0
CONNECT_NET LTIELO_NET U5097/B0
DISCONNECT U5213/B1
CONNECT_NET LTIELO_NET U5213/B1
DISCONNECT U5282/A0
CONNECT_NET LTIELO_NET U5282/A0
DISCONNECT U5092/B0
CONNECT_NET LTIELO_NET U5092/B0
DISCONNECT U5093/B0
CONNECT_NET LTIELO_NET U5093/B0
DISCONNECT U5214/A
CONNECT_NET LTIELO_NET U5214/A
DISCONNECT U5064/B0
CONNECT_NET LTIELO_NET U5064/B0
DISCONNECT U575/B0
CONNECT_NET LTIELO_NET U575/B0
DISCONNECT U5217/A1
CONNECT_NET LTIELO_NET U5217/A1
DISCONNECT U5081/B0
CONNECT_NET LTIELO_NET U5081/B0
DISCONNECT U5082/A
CONNECT_NET LTIELO_NET U5082/A
DISCONNECT U5223/A1
CONNECT_NET LTIELO_NET U5223/A1
DISCONNECT U5227/A1
CONNECT_NET LTIELO_NET U5227/A1
DISCONNECT U5204/A
CONNECT_NET LTIELO_NET U5204/A
DISCONNECT U5222/A1
CONNECT_NET LTIELO_NET U5222/A1
DISCONNECT R_31760/D
CONNECT_NET LTIELO_NET R_31760/D
DISCONNECT U5248/A1
CONNECT_NET LTIELO_NET U5248/A1
DISCONNECT U5248/B1
CONNECT_NET LTIELO_NET U5248/B1
DISCONNECT U5221/A1
CONNECT_NET LTIELO_NET U5221/A1
DISCONNECT U5251/A
CONNECT_NET LTIELO_NET U5251/A
DISCONNECT U5228/C0
CONNECT_NET LTIELO_NET U5228/C0
DISCONNECT U5240/B0
CONNECT_NET LTIELO_NET U5240/B0
DISCONNECT U5074/B0
CONNECT_NET LTIELO_NET U5074/B0
DISCONNECT U5244/A
CONNECT_NET LTIELO_NET U5244/A
DISCONNECT U5080/B0
CONNECT_NET LTIELO_NET U5080/B0
DISCONNECT U5216/A
CONNECT_NET LTIELO_NET U5216/A
DISCONNECT U5211/A
CONNECT_NET LTIELO_NET U5211/A
DISCONNECT R_25623/D
CONNECT_NET LTIELO_NET R_25623/D
DISCONNECT R_25641/D
CONNECT_NET LTIELO_NET R_25641/D
DISCONNECT U5212/A
CONNECT_NET LTIELO_NET U5212/A
DISCONNECT U5220/A1
CONNECT_NET LTIELO_NET U5220/A1
DISCONNECT U5072/B0
CONNECT_NET LTIELO_NET U5072/B0
DISCONNECT U5091/B0
CONNECT_NET LTIELO_NET U5091/B0
DISCONNECT U5095/B0
CONNECT_NET LTIELO_NET U5095/B0
DISCONNECT U5225/A1
CONNECT_NET LTIELO_NET U5225/A1
DISCONNECT U5070/B0
CONNECT_NET LTIELO_NET U5070/B0
DISCONNECT U5094/B0
CONNECT_NET LTIELO_NET U5094/B0
DISCONNECT U5071/B0
CONNECT_NET LTIELO_NET U5071/B0
DISCONNECT U5219/A1
CONNECT_NET LTIELO_NET U5219/A1
DISCONNECT U5069/B0
CONNECT_NET LTIELO_NET U5069/B0
DISCONNECT U5090/B0
CONNECT_NET LTIELO_NET U5090/B0
DISCONNECT U5224/A1
CONNECT_NET LTIELO_NET U5224/A1
DISCONNECT U5063/B
CONNECT_NET LTIELO_NET U5063/B
DISCONNECT U5056/B
CONNECT_NET LTIELO_NET U5056/B
DISCONNECT U5254/B
CONNECT_NET LTIELO_NET U5254/B
DISCONNECT U5275/A0
CONNECT_NET LTIELO_NET U5275/A0
DISCONNECT U5242/A0
CONNECT_NET LTIELO_NET U5242/A0
DISCONNECT U5250/A1
CONNECT_NET LTIELO_NET U5250/A1
DISCONNECT U5250/B1
CONNECT_NET LTIELO_NET U5250/B1
DISCONNECT R_30504/D
CONNECT_NET LTIELO_NET R_30504/D
DISCONNECT U5257/A0
CONNECT_NET LTIELO_NET U5257/A0
DISCONNECT U5058/A0
CONNECT_NET LTIELO_NET U5058/A0
DISCONNECT R_30482/D
CONNECT_NET LTIELO_NET R_30482/D
DISCONNECT R_30503/D
CONNECT_NET LTIELO_NET R_30503/D
DISCONNECT R_30506/D
CONNECT_NET LTIELO_NET R_30506/D
DISCONNECT U5057/A
CONNECT_NET LTIELO_NET U5057/A
DISCONNECT R_30505/D
CONNECT_NET LTIELO_NET R_30505/D
DISCONNECT U5055/A
CONNECT_NET LTIELO_NET U5055/A
DISCONNECT U5292/A0
CONNECT_NET LTIELO_NET U5292/A0
DISCONNECT R_33089/D
CONNECT_NET LTIELO_NET R_33089/D
DISCONNECT R_30514/D
CONNECT_NET LTIELO_NET R_30514/D
DISCONNECT R_25733/D
CONNECT_NET LTIELO_NET R_25733/D
DISCONNECT R_26693/D
CONNECT_NET LTIELO_NET R_26693/D
DISCONNECT R_25696/D
CONNECT_NET LTIELO_NET R_25696/D
DISCONNECT R_25870/D
CONNECT_NET LTIELO_NET R_25870/D
DISCONNECT R_26672/D
CONNECT_NET LTIELO_NET R_26672/D
DISCONNECT U5059/A
CONNECT_NET LTIELO_NET U5059/A
DISCONNECT U5060/A0
CONNECT_NET LTIELO_NET U5060/A0
DISCONNECT U5051/A
CONNECT_NET LTIELO_NET U5051/A
DISCONNECT R_30457/D
CONNECT_NET LTIELO_NET R_30457/D
DISCONNECT R_30453/D
CONNECT_NET LTIELO_NET R_30453/D
DISCONNECT R_30452/D
CONNECT_NET LTIELO_NET R_30452/D
DISCONNECT U5052/A1
CONNECT_NET LTIELO_NET U5052/A1
DISCONNECT U5281/A0
CONNECT_NET LTIELO_NET U5281/A0
DISCONNECT U5061/A0
CONNECT_NET LTIELO_NET U5061/A0
DISCONNECT R_30455/D
CONNECT_NET LTIELO_NET R_30455/D
DISCONNECT U5062/B
CONNECT_NET LTIELO_NET U5062/B
DISCONNECT U5287/A0
CONNECT_NET LTIELO_NET U5287/A0
DISCONNECT R_30467/D
CONNECT_NET LTIELO_NET R_30467/D
DISCONNECT U5259/A0
CONNECT_NET LTIELO_NET U5259/A0
DISCONNECT U5230/A0
CONNECT_NET LTIELO_NET U5230/A0
DISCONNECT U5274/A0
CONNECT_NET LTIELO_NET U5274/A0
DISCONNECT U5017/B
CONNECT_NET LTIELO_NET U5017/B
DISCONNECT U5023/A1
CONNECT_NET LTIELO_NET U5023/A1
DISCONNECT U3256/A1
CONNECT_NET LTIELO_NET U3256/A1
DISCONNECT U5019/B
CONNECT_NET LTIELO_NET U5019/B
DISCONNECT U5253/A0
CONNECT_NET LTIELO_NET U5253/A0
DISCONNECT R_31138/D
CONNECT_NET LTIELO_NET R_31138/D
DISCONNECT R_32985/D
CONNECT_NET LTIELO_NET R_32985/D
DISCONNECT U5234/B
CONNECT_NET LTIELO_NET U5234/B
DISCONNECT U5286/A0
CONNECT_NET LTIELO_NET U5286/A0
DISCONNECT U3066/A1
CONNECT_NET LTIELO_NET U3066/A1
DISCONNECT U5054/A0
CONNECT_NET LTIELO_NET U5054/A0
DISCONNECT U5053/A
CONNECT_NET LTIELO_NET U5053/A
DISCONNECT U5276/B
CONNECT_NET LTIELO_NET U5276/B
DISCONNECT U5041/B
CONNECT_NET LTIELO_NET U5041/B
DISCONNECT U5249/A1
CONNECT_NET LTIELO_NET U5249/A1
DISCONNECT U5020/A1
CONNECT_NET LTIELO_NET U5020/A1
DISCONNECT U5245/A1
CONNECT_NET LTIELO_NET U5245/A1
DISCONNECT U5016/A
CONNECT_NET LTIELO_NET U5016/A
DISCONNECT U5022/A1
CONNECT_NET LTIELO_NET U5022/A1
DISCONNECT U5021/B
CONNECT_NET LTIELO_NET U5021/B
DISCONNECT U5046/B
CONNECT_NET LTIELO_NET U5046/B
DISCONNECT U5042/A
CONNECT_NET LTIELO_NET U5042/A
DISCONNECT U5047/B
CONNECT_NET LTIELO_NET U5047/B
DISCONNECT U5231/A1
CONNECT_NET LTIELO_NET U5231/A1
DISCONNECT U5288/A0
CONNECT_NET LTIELO_NET U5288/A0
DISCONNECT U5050/A1
CONNECT_NET LTIELO_NET U5050/A1
DISCONNECT U5268/A0
CONNECT_NET LTIELO_NET U5268/A0
DISCONNECT U5018/B
CONNECT_NET LTIELO_NET U5018/B
DISCONNECT U5049/A1
CONNECT_NET LTIELO_NET U5049/A1
DISCONNECT U5247/A1
CONNECT_NET LTIELO_NET U5247/A1
DISCONNECT U5293/A0
CONNECT_NET LTIELO_NET U5293/A0
DISCONNECT U5043/A
CONNECT_NET LTIELO_NET U5043/A
DISCONNECT U5048/B
CONNECT_NET LTIELO_NET U5048/B
DISCONNECT U5266/A0
CONNECT_NET LTIELO_NET U5266/A0
DISCONNECT U5270/A
CONNECT_NET LTIELO_NET U5270/A
DISCONNECT U5045/B
CONNECT_NET LTIELO_NET U5045/B
DISCONNECT U5044/A
CONNECT_NET LTIELO_NET U5044/A
DISCONNECT U5014/A1
CONNECT_NET LTIELO_NET U5014/A1
DISCONNECT U5267/A0
CONNECT_NET LTIELO_NET U5267/A0
DISCONNECT U5005/A
CONNECT_NET LTIELO_NET U5005/A
DISCONNECT U5010/B
CONNECT_NET LTIELO_NET U5010/B
DISCONNECT U5285/A0
CONNECT_NET LTIELO_NET U5285/A0
DISCONNECT U5015/A1
CONNECT_NET LTIELO_NET U5015/A1
DISCONNECT U5006/A
CONNECT_NET LTIELO_NET U5006/A
DISCONNECT U5261/A0
CONNECT_NET LTIELO_NET U5261/A0
DISCONNECT U5038/A0
CONNECT_NET LTIELO_NET U5038/A0
DISCONNECT U5040/A
CONNECT_NET LTIELO_NET U5040/A
DISCONNECT U5289/A1
CONNECT_NET LTIELO_NET U5289/A1
DISCONNECT U5037/B
CONNECT_NET LTIELO_NET U5037/B
DISCONNECT U5283/A0
CONNECT_NET LTIELO_NET U5283/A0
DISCONNECT U5235/A
CONNECT_NET LTIELO_NET U5235/A
DISCONNECT R_6922/D
CONNECT_NET LTIELO_NET R_6922/D
DISCONNECT R_32984/D
CONNECT_NET LTIELO_NET R_32984/D
DISCONNECT R_6924/D
CONNECT_NET LTIELO_NET R_6924/D
DISCONNECT U5284/A0
CONNECT_NET LTIELO_NET U5284/A0
DISCONNECT U5039/A
CONNECT_NET LTIELO_NET U5039/A
DISCONNECT U5255/B
CONNECT_NET LTIELO_NET U5255/B
DISCONNECT R_6365/D
CONNECT_NET LTIELO_NET R_6365/D
DISCONNECT U5036/B
CONNECT_NET LTIELO_NET U5036/B
DISCONNECT R_9436/D
CONNECT_NET LTIELO_NET R_9436/D
DISCONNECT R_9524/D
CONNECT_NET LTIELO_NET R_9524/D
DISCONNECT U5008/A
CONNECT_NET LTIELO_NET U5008/A
DISCONNECT U5269/A0
CONNECT_NET LTIELO_NET U5269/A0
DISCONNECT U5013/A0
CONNECT_NET LTIELO_NET U5013/A0
DISCONNECT U5236/A
CONNECT_NET LTIELO_NET U5236/A
DISCONNECT U4960/A0
CONNECT_NET LTIELO_NET U4960/A0
DISCONNECT U5009/B
CONNECT_NET LTIELO_NET U5009/B
DISCONNECT U4957/A0
CONNECT_NET LTIELO_NET U4957/A0
DISCONNECT U5256/A0
CONNECT_NET LTIELO_NET U5256/A0
DISCONNECT U4956/A
CONNECT_NET LTIELO_NET U4956/A
DISCONNECT U5035/A0
CONNECT_NET LTIELO_NET U5035/A0
DISCONNECT U5195/B
CONNECT_NET LTIELO_NET U5195/B
DISCONNECT U5290/B
CONNECT_NET LTIELO_NET U5290/B
DISCONNECT U5034/A0
CONNECT_NET LTIELO_NET U5034/A0
DISCONNECT U5273/A0
CONNECT_NET LTIELO_NET U5273/A0
DISCONNECT U5260/B
CONNECT_NET LTIELO_NET U5260/B
DISCONNECT U5265/A1
CONNECT_NET LTIELO_NET U5265/A1
DISCONNECT U5004/A
CONNECT_NET LTIELO_NET U5004/A
DISCONNECT U5278/B
CONNECT_NET LTIELO_NET U5278/B
DISCONNECT U5291/B
CONNECT_NET LTIELO_NET U5291/B
DISCONNECT U5003/A1
CONNECT_NET LTIELO_NET U5003/A1
DISCONNECT U5032/A
CONNECT_NET LTIELO_NET U5032/A
DISCONNECT U5007/A0
CONNECT_NET LTIELO_NET U5007/A0
DISCONNECT U5033/A
CONNECT_NET LTIELO_NET U5033/A
DISCONNECT U5165/B0
CONNECT_NET LTIELO_NET U5165/B0
DISCONNECT U5133/B
CONNECT_NET LTIELO_NET U5133/B
DISCONNECT U3721/C0
CONNECT_NET LTIELO_NET U3721/C0
DISCONNECT U5011/A
CONNECT_NET LTIELO_NET U5011/A
DISCONNECT U5155/C0
CONNECT_NET LTIELO_NET U5155/C0
DISCONNECT U4958/B
CONNECT_NET LTIELO_NET U4958/B
DISCONNECT U5030/B
CONNECT_NET LTIELO_NET U5030/B
DISCONNECT U5012/A
CONNECT_NET LTIELO_NET U5012/A
DISCONNECT U5028/A1
CONNECT_NET LTIELO_NET U5028/A1
DISCONNECT U5277/B
CONNECT_NET LTIELO_NET U5277/B
DISCONNECT U4962/A1
CONNECT_NET LTIELO_NET U4962/A1
DISCONNECT U5161/A
CONNECT_NET LTIELO_NET U5161/A
DISCONNECT U5263/A
CONNECT_NET LTIELO_NET U5263/A
DISCONNECT U4939/A0
CONNECT_NET LTIELO_NET U4939/A0
DISCONNECT U5029/A1
CONNECT_NET LTIELO_NET U5029/A1
DISCONNECT U5258/A0
CONNECT_NET LTIELO_NET U5258/A0
DISCONNECT U5272/A
CONNECT_NET LTIELO_NET U5272/A
DISCONNECT U4942/A
CONNECT_NET LTIELO_NET U4942/A
DISCONNECT U4970/B
CONNECT_NET LTIELO_NET U4970/B
DISCONNECT U5169/A
CONNECT_NET LTIELO_NET U5169/A
DISCONNECT U5159/B
CONNECT_NET LTIELO_NET U5159/B
DISCONNECT U5264/A1
CONNECT_NET LTIELO_NET U5264/A1
DISCONNECT U5262/B
CONNECT_NET LTIELO_NET U5262/B
DISCONNECT U5166/C0
CONNECT_NET LTIELO_NET U5166/C0
DISCONNECT U5129/A
CONNECT_NET LTIELO_NET U5129/A
DISCONNECT U5173/B
CONNECT_NET LTIELO_NET U5173/B
DISCONNECT U5160/A0
CONNECT_NET LTIELO_NET U5160/A0
DISCONNECT U4963/A
CONNECT_NET LTIELO_NET U4963/A
DISCONNECT U5143/A0
CONNECT_NET LTIELO_NET U5143/A0
DISCONNECT U5271/A1
CONNECT_NET LTIELO_NET U5271/A1
DISCONNECT U5138/A0
CONNECT_NET LTIELO_NET U5138/A0
DISCONNECT U5134/A0
CONNECT_NET LTIELO_NET U5134/A0
DISCONNECT U5146/A1
CONNECT_NET LTIELO_NET U5146/A1
DISCONNECT U5187/A0
CONNECT_NET LTIELO_NET U5187/A0
DISCONNECT U5185/B
CONNECT_NET LTIELO_NET U5185/B
DISCONNECT U5002/B
CONNECT_NET LTIELO_NET U5002/B
DISCONNECT U2960/A1
CONNECT_NET LTIELO_NET U2960/A1
DISCONNECT U4949/A1
CONNECT_NET LTIELO_NET U4949/A1
DISCONNECT U4969/A1
CONNECT_NET LTIELO_NET U4969/A1
DISCONNECT U4964/A
CONNECT_NET LTIELO_NET U4964/A
DISCONNECT U5194/B
CONNECT_NET LTIELO_NET U5194/B
DISCONNECT U5280/B
CONNECT_NET LTIELO_NET U5280/B
DISCONNECT U4998/A1
CONNECT_NET LTIELO_NET U4998/A1
DISCONNECT U4940/B
CONNECT_NET LTIELO_NET U4940/B
DISCONNECT U5001/A0
CONNECT_NET LTIELO_NET U5001/A0
DISCONNECT U5153/A
CONNECT_NET LTIELO_NET U5153/A
DISCONNECT U5189/A0
CONNECT_NET LTIELO_NET U5189/A0
DISCONNECT U5000/A
CONNECT_NET LTIELO_NET U5000/A
DISCONNECT U5174/A1
CONNECT_NET LTIELO_NET U5174/A1
DISCONNECT U5178/A0
CONNECT_NET LTIELO_NET U5178/A0
DISCONNECT U5196/A0
CONNECT_NET LTIELO_NET U5196/A0
DISCONNECT U5142/A0
CONNECT_NET LTIELO_NET U5142/A0
DISCONNECT U5182/A0
CONNECT_NET LTIELO_NET U5182/A0
DISCONNECT U881/A1
CONNECT_NET LTIELO_NET U881/A1
DISCONNECT U5152/A1
CONNECT_NET LTIELO_NET U5152/A1
DISCONNECT U4961/A0
CONNECT_NET LTIELO_NET U4961/A0
DISCONNECT U4975/A
CONNECT_NET LTIELO_NET U4975/A
DISCONNECT U5024/A0
CONNECT_NET LTIELO_NET U5024/A0
DISCONNECT U4973/A1
CONNECT_NET LTIELO_NET U4973/A1
DISCONNECT U5026/B
CONNECT_NET LTIELO_NET U5026/B
DISCONNECT U5031/B
CONNECT_NET LTIELO_NET U5031/B
DISCONNECT U4999/A0
CONNECT_NET LTIELO_NET U4999/A0
DISCONNECT U4972/A
CONNECT_NET LTIELO_NET U4972/A
DISCONNECT U5027/A
CONNECT_NET LTIELO_NET U5027/A
DISCONNECT U5025/A
CONNECT_NET LTIELO_NET U5025/A
DISCONNECT U5168/A1
CONNECT_NET LTIELO_NET U5168/A1
DISCONNECT U4968/B
CONNECT_NET LTIELO_NET U4968/B
DISCONNECT U5156/A
CONNECT_NET LTIELO_NET U5156/A
DISCONNECT U5168/B1
CONNECT_NET LTIELO_NET U5168/B1
DISCONNECT U4967/B
CONNECT_NET LTIELO_NET U4967/B
DISCONNECT U5150/B0
CONNECT_NET LTIELO_NET U5150/B0
DISCONNECT U4974/A0
CONNECT_NET LTIELO_NET U4974/A0
DISCONNECT U5130/A0
CONNECT_NET LTIELO_NET U5130/A0
DISCONNECT U5135/A
CONNECT_NET LTIELO_NET U5135/A
DISCONNECT U4959/B
CONNECT_NET LTIELO_NET U4959/B
DISCONNECT U5183/A0
CONNECT_NET LTIELO_NET U5183/A0
DISCONNECT U5176/A
CONNECT_NET LTIELO_NET U5176/A
DISCONNECT U5177/A1
CONNECT_NET LTIELO_NET U5177/A1
DISCONNECT U4954/A0
CONNECT_NET LTIELO_NET U4954/A0
DISCONNECT U5186/A0
CONNECT_NET LTIELO_NET U5186/A0
DISCONNECT U4971/A1
CONNECT_NET LTIELO_NET U4971/A1
DISCONNECT U5188/A1
CONNECT_NET LTIELO_NET U5188/A1
DISCONNECT U5162/B
CONNECT_NET LTIELO_NET U5162/B
DISCONNECT U5164/C0
CONNECT_NET LTIELO_NET U5164/C0
DISCONNECT U4950/B
CONNECT_NET LTIELO_NET U4950/B
DISCONNECT U4966/A
CONNECT_NET LTIELO_NET U4966/A
DISCONNECT U4955/A
CONNECT_NET LTIELO_NET U4955/A
DISCONNECT U4951/B
CONNECT_NET LTIELO_NET U4951/B
DISCONNECT U5137/B
CONNECT_NET LTIELO_NET U5137/B
DISCONNECT U4952/A
CONNECT_NET LTIELO_NET U4952/A
DISCONNECT U5141/A0
CONNECT_NET LTIELO_NET U5141/A0
DISCONNECT U4977/B0
CONNECT_NET LTIELO_NET U4977/B0
DISCONNECT U5125/A1
CONNECT_NET LTIELO_NET U5125/A1
DISCONNECT U5126/A
CONNECT_NET LTIELO_NET U5126/A
DISCONNECT U5136/A1
CONNECT_NET LTIELO_NET U5136/A1
DISCONNECT U4978/B0
CONNECT_NET LTIELO_NET U4978/B0
DISCONNECT U4953/A
CONNECT_NET LTIELO_NET U4953/A
DISCONNECT U4982/B
CONNECT_NET LTIELO_NET U4982/B
DISCONNECT U2273/B0
CONNECT_NET LTIELO_NET U2273/B0
DISCONNECT U5122/A1
CONNECT_NET LTIELO_NET U5122/A1
DISCONNECT U4983/B
CONNECT_NET LTIELO_NET U4983/B
DISCONNECT U5124/A1
CONNECT_NET LTIELO_NET U5124/A1
DISCONNECT U4984/B
CONNECT_NET LTIELO_NET U4984/B
DISCONNECT U2268/B0
CONNECT_NET LTIELO_NET U2268/B0
DISCONNECT U5114/B1
CONNECT_NET LTIELO_NET U5114/B1
DISCONNECT U4986/B
CONNECT_NET LTIELO_NET U4986/B
DISCONNECT U5123/A1
CONNECT_NET LTIELO_NET U5123/A1
DISCONNECT U5117/B1
CONNECT_NET LTIELO_NET U5117/B1
DISCONNECT U5119/A1
CONNECT_NET LTIELO_NET U5119/A1
DISCONNECT U5120/A1
CONNECT_NET LTIELO_NET U5120/A1
DISCONNECT U5089/B0
CONNECT_NET LTIELO_NET U5089/B0
DISCONNECT U4989/B
CONNECT_NET LTIELO_NET U4989/B
DISCONNECT U4991/B0
CONNECT_NET LTIELO_NET U4991/B0
DISCONNECT U4941/B
CONNECT_NET LTIELO_NET U4941/B
DISCONNECT U5099/A
CONNECT_NET LTIELO_NET U5099/A
DISCONNECT U5121/A
CONNECT_NET LTIELO_NET U5121/A
DISCONNECT U5140/A0
CONNECT_NET LTIELO_NET U5140/A0
DISCONNECT U5192/A0
CONNECT_NET LTIELO_NET U5192/A0
DISCONNECT U4981/B0
CONNECT_NET LTIELO_NET U4981/B0
DISCONNECT U3633/A1
CONNECT_NET LTIELO_NET U3633/A1
DISCONNECT U5132/A0
CONNECT_NET LTIELO_NET U5132/A0
DISCONNECT U5100/B1
CONNECT_NET LTIELO_NET U5100/B1
DISCONNECT U3633/B1
CONNECT_NET LTIELO_NET U3633/B1
DISCONNECT U5088/B0
CONNECT_NET LTIELO_NET U5088/B0
DISCONNECT U5131/A
CONNECT_NET LTIELO_NET U5131/A
DISCONNECT U5180/B
CONNECT_NET LTIELO_NET U5180/B
DISCONNECT U2380/B1
CONNECT_NET LTIELO_NET U2380/B1
DISCONNECT U5113/A
CONNECT_NET LTIELO_NET U5113/A
DISCONNECT U4994/B
CONNECT_NET LTIELO_NET U4994/B
DISCONNECT U5116/A
CONNECT_NET LTIELO_NET U5116/A
DISCONNECT U4997/B
CONNECT_NET LTIELO_NET U4997/B
DISCONNECT U4990/A
CONNECT_NET LTIELO_NET U4990/A
DISCONNECT U1809/A1
CONNECT_NET LTIELO_NET U1809/A1
DISCONNECT U5108/B1
CONNECT_NET LTIELO_NET U5108/B1
DISCONNECT U5170/B
CONNECT_NET LTIELO_NET U5170/B
DISCONNECT U5107/B1
CONNECT_NET LTIELO_NET U5107/B1
DISCONNECT U4965/A
CONNECT_NET LTIELO_NET U4965/A
DISCONNECT U5110/A
CONNECT_NET LTIELO_NET U5110/A
DISCONNECT U5147/B
CONNECT_NET LTIELO_NET U5147/B
DISCONNECT U5181/A0
CONNECT_NET LTIELO_NET U5181/A0
DISCONNECT U4937/A1
CONNECT_NET LTIELO_NET U4937/A1
DISCONNECT U5115/A
CONNECT_NET LTIELO_NET U5115/A
DISCONNECT U5151/B
CONNECT_NET LTIELO_NET U5151/B
DISCONNECT U4938/B
CONNECT_NET LTIELO_NET U4938/B
DISCONNECT U5154/B
CONNECT_NET LTIELO_NET U5154/B
DISCONNECT U5172/B
CONNECT_NET LTIELO_NET U5172/B
DISCONNECT U5127/A1
CONNECT_NET LTIELO_NET U5127/A1
DISCONNECT U5144/B
CONNECT_NET LTIELO_NET U5144/B
DISCONNECT U4936/A
CONNECT_NET LTIELO_NET U4936/A
DISCONNECT U4996/B
CONNECT_NET LTIELO_NET U4996/B
DISCONNECT U4992/B0
CONNECT_NET LTIELO_NET U4992/B0
DISCONNECT U4995/B0
CONNECT_NET LTIELO_NET U4995/B0
DISCONNECT U5109/A
CONNECT_NET LTIELO_NET U5109/A
DISCONNECT U5128/A1
CONNECT_NET LTIELO_NET U5128/A1
DISCONNECT U5101/A
CONNECT_NET LTIELO_NET U5101/A
DISCONNECT U5104/A
CONNECT_NET LTIELO_NET U5104/A
DISCONNECT U5118/A1
CONNECT_NET LTIELO_NET U5118/A1
DISCONNECT U4976/B
CONNECT_NET LTIELO_NET U4976/B
DISCONNECT U4993/B
CONNECT_NET LTIELO_NET U4993/B
DISCONNECT U4948/B
CONNECT_NET LTIELO_NET U4948/B
DISCONNECT U5098/B1
CONNECT_NET LTIELO_NET U5098/B1
DISCONNECT U5112/B1
CONNECT_NET LTIELO_NET U5112/B1
DISCONNECT U5103/B1
CONNECT_NET LTIELO_NET U5103/B1
DISCONNECT U3972/B0
CONNECT_NET LTIELO_NET U3972/B0
DISCONNECT U4979/B
CONNECT_NET LTIELO_NET U4979/B
DISCONNECT U5102/A
CONNECT_NET LTIELO_NET U5102/A
DISCONNECT U5175/B
CONNECT_NET LTIELO_NET U5175/B
DISCONNECT U4943/B
CONNECT_NET LTIELO_NET U4943/B
DISCONNECT U4987/B
CONNECT_NET LTIELO_NET U4987/B
DISCONNECT U4980/B0
CONNECT_NET LTIELO_NET U4980/B0
DISCONNECT U4988/B
CONNECT_NET LTIELO_NET U4988/B
DISCONNECT U4985/B
CONNECT_NET LTIELO_NET U4985/B
DISCONNECT U5193/B
CONNECT_NET LTIELO_NET U5193/B
DISCONNECT U5157/A
CONNECT_NET LTIELO_NET U5157/A
DISCONNECT U5105/A1
CONNECT_NET LTIELO_NET U5105/A1
DISCONNECT U5106/A1
CONNECT_NET LTIELO_NET U5106/A1
DISCONNECT U5111/A1
CONNECT_NET LTIELO_NET U5111/A1
DISCONNECT U5179/A0
CONNECT_NET LTIELO_NET U5179/A0
DISCONNECT U5148/A1
CONNECT_NET LTIELO_NET U5148/A1
DISCONNECT U5167/A1
CONNECT_NET LTIELO_NET U5167/A1
DISCONNECT U4946/A0
CONNECT_NET LTIELO_NET U4946/A0
DISCONNECT U4947/A
CONNECT_NET LTIELO_NET U4947/A
DISCONNECT U4944/B
CONNECT_NET LTIELO_NET U4944/B
DISCONNECT U4945/A1
CONNECT_NET LTIELO_NET U4945/A1
DISCONNECT U5158/A
CONNECT_NET LTIELO_NET U5158/A
DISCONNECT U5184/A0
CONNECT_NET LTIELO_NET U5184/A0
DISCONNECT U5190/A0
CONNECT_NET LTIELO_NET U5190/A0
DISCONNECT U5139/A0
CONNECT_NET LTIELO_NET U5139/A0
DISCONNECT U5171/A0
CONNECT_NET LTIELO_NET U5171/A0
DISCONNECT U5163/B
CONNECT_NET LTIELO_NET U5163/B
DISCONNECT U5149/B
CONNECT_NET LTIELO_NET U5149/B
DISCONNECT U5145/A1
CONNECT_NET LTIELO_NET U5145/A1
DISCONNECT U5145/B1
CONNECT_NET LTIELO_NET U5145/B1
DISCONNECT U5191/A0
CONNECT_NET LTIELO_NET U5191/A0
END_HECO # 0
